main.c:112:5:main	8	static
main.c:203:6:SystemClock_Config	88	static
main.c:248:13:MX_ADC1_Init	24	static
main.c:322:13:MX_TIM3_Init	64	static
main.c:380:13:MX_USART2_UART_Init	8	static
main.c:411:13:MX_DMA_Init	16	static
main.c:429:13:MX_GPIO_Init	48	static
main.c:477:6:HAL_ADC_ConvCpltCallback	24	static
main.c:500:5:write_single_led	24	static
main.c:533:5:write_multiple_leds	24	static
main.c:547:5:read_analog	24	static
main.c:578:6:HAL_UART_RxCpltCallback	16	static
main.c:587:6:HAL_UART_TxCpltCallback	16	static
main.c:604:6:StartMainTask	16	static
main.c:622:6:StartSerialCommTask	16	static
main.c:646:6:StartIOTask	16	static
main.c:665:6:HAL_TIM_PeriodElapsedCallback	16	static
main.c:682:6:Error_Handler	4	static,ignoring_inline_asm
