main.c:113:6:led_on	16	static
main.c:139:6:led_off	16	static
main.c:170:5:main	8	static
main.c:261:6:SystemClock_Config	88	static
main.c:306:13:MX_ADC1_Init	24	static
main.c:380:13:MX_TIM3_Init	64	static
main.c:438:13:MX_USART2_UART_Init	8	static
main.c:469:13:MX_DMA_Init	16	static
main.c:487:13:MX_GPIO_Init	48	static
main.c:542:6:HAL_ADC_ConvCpltCallback	24	static
main.c:565:5:write_single_led	24	static
main.c:598:5:write_multiple_leds	24	static
main.c:612:5:read_analog	24	static
main.c:667:5:activate_led_pattern1	24	static
main.c:676:5:activate_led_pattern2	24	static
main.c:685:6:HAL_UART_RxCpltCallback	16	static
main.c:694:6:HAL_UART_TxCpltCallback	16	static
main.c:711:6:StartMainTask	16	static
main.c:729:6:StartSerialCommTask	16	static
main.c:753:6:StartIOTask	16	static
main.c:772:6:HAL_TIM_PeriodElapsedCallback	16	static
main.c:789:6:Error_Handler	4	static,ignoring_inline_asm
