Archive member included to satisfy reference by file (symbol)

c:/st/stm32cubeide_1.8.0/stm32cubeide/plugins/com.st.stm32cube.ide.mcu.externaltools.gnu-tools-for-stm32.9-2020-q2-update.win32_2.0.0.202105311346/tools/bin/../lib/gcc/arm-none-eabi/9.3.1/../../../../arm-none-eabi/lib/thumb/v7e-m+fp/hard\libc_nano.a(lib_a-errno.o)
                              ./Core/Src/syscalls.o (__errno)
c:/st/stm32cubeide_1.8.0/stm32cubeide/plugins/com.st.stm32cube.ide.mcu.externaltools.gnu-tools-for-stm32.9-2020-q2-update.win32_2.0.0.202105311346/tools/bin/../lib/gcc/arm-none-eabi/9.3.1/../../../../arm-none-eabi/lib/thumb/v7e-m+fp/hard\libc_nano.a(lib_a-exit.o)
                              c:/st/stm32cubeide_1.8.0/stm32cubeide/plugins/com.st.stm32cube.ide.mcu.externaltools.gnu-tools-for-stm32.9-2020-q2-update.win32_2.0.0.202105311346/tools/bin/../lib/gcc/arm-none-eabi/9.3.1/../../../../arm-none-eabi/lib/thumb/v7e-m+fp/hard/crt0.o (exit)
c:/st/stm32cubeide_1.8.0/stm32cubeide/plugins/com.st.stm32cube.ide.mcu.externaltools.gnu-tools-for-stm32.9-2020-q2-update.win32_2.0.0.202105311346/tools/bin/../lib/gcc/arm-none-eabi/9.3.1/../../../../arm-none-eabi/lib/thumb/v7e-m+fp/hard\libc_nano.a(lib_a-impure.o)
                              c:/st/stm32cubeide_1.8.0/stm32cubeide/plugins/com.st.stm32cube.ide.mcu.externaltools.gnu-tools-for-stm32.9-2020-q2-update.win32_2.0.0.202105311346/tools/bin/../lib/gcc/arm-none-eabi/9.3.1/../../../../arm-none-eabi/lib/thumb/v7e-m+fp/hard\libc_nano.a(lib_a-exit.o) (_global_impure_ptr)
c:/st/stm32cubeide_1.8.0/stm32cubeide/plugins/com.st.stm32cube.ide.mcu.externaltools.gnu-tools-for-stm32.9-2020-q2-update.win32_2.0.0.202105311346/tools/bin/../lib/gcc/arm-none-eabi/9.3.1/../../../../arm-none-eabi/lib/thumb/v7e-m+fp/hard\libc_nano.a(lib_a-init.o)
                              c:/st/stm32cubeide_1.8.0/stm32cubeide/plugins/com.st.stm32cube.ide.mcu.externaltools.gnu-tools-for-stm32.9-2020-q2-update.win32_2.0.0.202105311346/tools/bin/../lib/gcc/arm-none-eabi/9.3.1/../../../../arm-none-eabi/lib/thumb/v7e-m+fp/hard/crt0.o (__libc_init_array)
c:/st/stm32cubeide_1.8.0/stm32cubeide/plugins/com.st.stm32cube.ide.mcu.externaltools.gnu-tools-for-stm32.9-2020-q2-update.win32_2.0.0.202105311346/tools/bin/../lib/gcc/arm-none-eabi/9.3.1/../../../../arm-none-eabi/lib/thumb/v7e-m+fp/hard\libc_nano.a(lib_a-memcpy-stub.o)
                              ./Middlewares/Third_Party/FreeRTOS/Source/CMSIS_RTOS_V2/cmsis_os2.o (memcpy)
c:/st/stm32cubeide_1.8.0/stm32cubeide/plugins/com.st.stm32cube.ide.mcu.externaltools.gnu-tools-for-stm32.9-2020-q2-update.win32_2.0.0.202105311346/tools/bin/../lib/gcc/arm-none-eabi/9.3.1/../../../../arm-none-eabi/lib/thumb/v7e-m+fp/hard\libc_nano.a(lib_a-memset.o)
                              c:/st/stm32cubeide_1.8.0/stm32cubeide/plugins/com.st.stm32cube.ide.mcu.externaltools.gnu-tools-for-stm32.9-2020-q2-update.win32_2.0.0.202105311346/tools/bin/../lib/gcc/arm-none-eabi/9.3.1/../../../../arm-none-eabi/lib/thumb/v7e-m+fp/hard/crt0.o (memset)
c:/st/stm32cubeide_1.8.0/stm32cubeide/plugins/com.st.stm32cube.ide.mcu.externaltools.gnu-tools-for-stm32.9-2020-q2-update.win32_2.0.0.202105311346/tools/bin/../lib/gcc/arm-none-eabi/9.3.1/thumb/v7e-m+fp/hard\libgcc.a(_aeabi_uldivmod.o)
                              ./Drivers/STM32F4xx_HAL_Driver/Src/stm32f4xx_hal_rcc.o (__aeabi_uldivmod)
c:/st/stm32cubeide_1.8.0/stm32cubeide/plugins/com.st.stm32cube.ide.mcu.externaltools.gnu-tools-for-stm32.9-2020-q2-update.win32_2.0.0.202105311346/tools/bin/../lib/gcc/arm-none-eabi/9.3.1/thumb/v7e-m+fp/hard\libgcc.a(_udivmoddi4.o)
                              c:/st/stm32cubeide_1.8.0/stm32cubeide/plugins/com.st.stm32cube.ide.mcu.externaltools.gnu-tools-for-stm32.9-2020-q2-update.win32_2.0.0.202105311346/tools/bin/../lib/gcc/arm-none-eabi/9.3.1/thumb/v7e-m+fp/hard\libgcc.a(_aeabi_uldivmod.o) (__udivmoddi4)
c:/st/stm32cubeide_1.8.0/stm32cubeide/plugins/com.st.stm32cube.ide.mcu.externaltools.gnu-tools-for-stm32.9-2020-q2-update.win32_2.0.0.202105311346/tools/bin/../lib/gcc/arm-none-eabi/9.3.1/thumb/v7e-m+fp/hard\libgcc.a(_dvmd_tls.o)
                              c:/st/stm32cubeide_1.8.0/stm32cubeide/plugins/com.st.stm32cube.ide.mcu.externaltools.gnu-tools-for-stm32.9-2020-q2-update.win32_2.0.0.202105311346/tools/bin/../lib/gcc/arm-none-eabi/9.3.1/thumb/v7e-m+fp/hard\libgcc.a(_aeabi_uldivmod.o) (__aeabi_ldiv0)

Allocating common symbols
Common symbol       size              file

SerialCommTaskHandle
                    0x4               ./Core/Src/main.o
uwTick              0x4               ./Drivers/STM32F4xx_HAL_Driver/Src/stm32f4xx_hal.o
xQueueRegistry      0x40              ./Middlewares/Third_Party/FreeRTOS/Source/queue.o
pFlash              0x20              ./Drivers/STM32F4xx_HAL_Driver/Src/stm32f4xx_hal_flash.o
htim3               0x48              ./Core/Src/main.o
LedAnimation1Handle
                    0x4               ./Core/Src/main.o
hadc1               0x48              ./Core/Src/main.o
LedAnimation2Handle
[...]
Memory Configuration

Name             Origin             Length             Attributes
RAM              0x0000000020000000 0x0000000000020000 xrw
FLASH            0x0000000008000000 0x0000000000080000 xr
*default*        0x0000000000000000 0xffffffffffffffff

Linker script and memory map

LOAD c:/st/stm32cubeide_1.8.0/stm32cubeide/plugins/com.st.stm32cube.ide.mcu.externaltools.gnu-tools-for-stm32.9-2020-q2-update.win32_2.0.0.202105311346/tools/bin/../lib/gcc/arm-none-eabi/9.3.1/thumb/v7e-m+fp/hard/crti.o
LOAD c:/st/stm32cubeide_1.8.0/stm32cubeide/plugins/com.st.stm32cube.ide.mcu.externaltools.gnu-tools-for-stm32.9-2020-q2-update.win32_2.0.0.202105311346/tools/bin/../lib/gcc/arm-none-eabi/9.3.1/thumb/v7e-m+fp/hard/crtbegin.o
LOAD c:/st/stm32cubeide_1.8.0/stm32cubeide/plugins/com.st.stm32cube.ide.mcu.externaltools.gnu-tools-for-stm32.9-2020-q2-update.win32_2.0.0.202105311346/tools/bin/../lib/gcc/arm-none-eabi/9.3.1/../../../../arm-none-eabi/lib/thumb/v7e-m+fp/hard/crt0.o
LOAD ./Bibliotecas/UART/Slave/UART.o
LOAD ./Bibliotecas/UART/Slave/server.o
LOAD ./Bibliotecas/UART/util.o
LOAD ./Core/Src/freertos.o
LOAD ./Core/Src/main.o
LOAD ./Core/Src/stm32f4xx_hal_msp.o
LOAD ./Core/Src/stm32f4xx_hal_timebase_tim.o
LOAD ./Core/Src/stm32f4xx_it.o
LOAD ./Core/Src/syscalls.o
LOAD ./Core/Src/sysmem.o
LOAD ./Core/Src/system_stm32f4xx.o
LOAD ./Core/Startup/startup_stm32f411retx.o
LOAD ./Drivers/STM32F4xx_HAL_Driver/Src/stm32f4xx_hal.o
LOAD ./Drivers/STM32F4xx_HAL_Driver/Src/stm32f4xx_hal_adc.o
LOAD ./Drivers/STM32F4xx_HAL_Driver/Src/stm32f4xx_hal_adc_ex.o
LOAD ./Drivers/STM32F4xx_HAL_Driver/Src/stm32f4xx_hal_cortex.o
LOAD ./Drivers/STM32F4xx_HAL_Driver/Src/stm32f4xx_hal_dma.o
LOAD ./Drivers/STM32F4xx_HAL_Driver/Src/stm32f4xx_hal_dma_ex.o
LOAD ./Drivers/STM32F4xx_HAL_Driver/Src/stm32f4xx_hal_exti.o
LOAD ./Drivers/STM32F4xx_HAL_Driver/Src/stm32f4xx_hal_flash.o
LOAD ./Drivers/STM32F4xx_HAL_Driver/Src/stm32f4xx_hal_flash_ex.o
LOAD ./Drivers/STM32F4xx_HAL_Driver/Src/stm32f4xx_hal_flash_ramfunc.o
LOAD ./Drivers/STM32F4xx_HAL_Driver/Src/stm32f4xx_hal_gpio.o
LOAD ./Drivers/STM32F4xx_HAL_Driver/Src/stm32f4xx_hal_pwr.o
LOAD ./Drivers/STM32F4xx_HAL_Driver/Src/stm32f4xx_hal_pwr_ex.o
LOAD ./Drivers/STM32F4xx_HAL_Driver/Src/stm32f4xx_hal_rcc.o
LOAD ./Drivers/STM32F4xx_HAL_Driver/Src/stm32f4xx_hal_rcc_ex.o
LOAD ./Drivers/STM32F4xx_HAL_Driver/Src/stm32f4xx_hal_tim.o
LOAD ./Drivers/STM32F4xx_HAL_Driver/Src/stm32f4xx_hal_tim_ex.o
LOAD ./Drivers/STM32F4xx_HAL_Driver/Src/stm32f4xx_hal_uart.o
LOAD ./Drivers/STM32F4xx_HAL_Driver/Src/stm32f4xx_ll_adc.o
LOAD ./Middlewares/Third_Party/FreeRTOS/Source/CMSIS_RTOS_V2/cmsis_os2.o
LOAD ./Middlewares/Third_Party/FreeRTOS/Source/croutine.o
LOAD ./Middlewares/Third_Party/FreeRTOS/Source/event_groups.o
LOAD ./Middlewares/Third_Party/FreeRTOS/Source/list.o
LOAD ./Middlewares/Third_Party/FreeRTOS/Source/queue.o
LOAD ./Middlewares/Third_Party/FreeRTOS/Source/stream_buffer.o
LOAD ./Middlewares/Third_Party/FreeRTOS/Source/tasks.o
LOAD ./Middlewares/Third_Party/FreeRTOS/Source/timers.o
LOAD ./Middlewares/Third_Party/FreeRTOS/Source/portable/GCC/ARM_CM4F/port.o
LOAD ./Middlewares/Third_Party/FreeRTOS/Source/portable/MemMang/heap_4.o
START GROUP
LOAD c:/st/stm32cubeide_1.8.0/stm32cubeide/plugins/com.st.stm32cube.ide.mcu.externaltools.gnu-tools-for-stm32.9-2020-q2-update.win32_2.0.0.202105311346/tools/bin/../lib/gcc/arm-none-eabi/9.3.1/../../../../arm-none-eabi/lib/thumb/v7e-m+fp/hard\libc_nano.a
LOAD c:/st/stm32cubeide_1.8.0/stm32cubeide/plugins/com.st.stm32cube.ide.mcu.externaltools.gnu-tools-for-stm32.9-2020-q2-update.win32_2.0.0.202105311346/tools/bin/../lib/gcc/arm-none-eabi/9.3.1/../../../../arm-none-eabi/lib/thumb/v7e-m+fp/hard\libm.a
END GROUP
START GROUP
LOAD c:/st/stm32cubeide_1.8.0/stm32cubeide/plugins/com.st.stm32cube.ide.mcu.externaltools.gnu-tools-for-stm32.9-2020-q2-update.win32_2.0.0.202105311346/tools/bin/../lib/gcc/arm-none-eabi/9.3.1/thumb/v7e-m+fp/hard\libgcc.a
LOAD c:/st/stm32cubeide_1.8.0/stm32cubeide/plugins/com.st.stm32cube.ide.mcu.externaltools.gnu-tools-for-stm32.9-2020-q2-update.win32_2.0.0.202105311346/tools/bin/../lib/gcc/arm-none-eabi/9.3.1/../../../../arm-none-eabi/lib/thumb/v7e-m+fp/hard\libc_nano.a
END GROUP
START GROUP
LOAD c:/st/stm32cubeide_1.8.0/stm32cubeide/plugins/com.st.stm32cube.ide.mcu.externaltools.gnu-tools-for-stm32.9-2020-q2-update.win32_2.0.0.202105311346/tools/bin/../lib/gcc/arm-none-eabi/9.3.1/thumb/v7e-m+fp/hard\libgcc.a
LOAD c:/st/stm32cubeide_1.8.0/stm32cubeide/plugins/com.st.stm32cube.ide.mcu.externaltools.gnu-tools-for-stm32.9-2020-q2-update.win32_2.0.0.202105311346/tools/bin/../lib/gcc/arm-none-eabi/9.3.1/../../../../arm-none-eabi/lib/thumb/v7e-m+fp/hard\libc_nano.a
LOAD c:/st/stm32cubeide_1.8.0/stm32cubeide/plugins/com.st.stm32cube.ide.mcu.externaltools.gnu-tools-for-stm32.9-2020-q2-update.win32_2.0.0.202105311346/tools/bin/../lib/gcc/arm-none-eabi/9.3.1/../../../../arm-none-eabi/lib/thumb/v7e-m+fp/hard\libnosys.a
END GROUP
START GROUP
LOAD c:/st/stm32cubeide_1.8.0/stm32cubeide/plugins/com.st.stm32cube.ide.mcu.externaltools.gnu-tools-for-stm32.9-2020-q2-update.win32_2.0.0.202105311346/tools/bin/../lib/gcc/arm-none-eabi/9.3.1/thumb/v7e-m+fp/hard\libgcc.a
LOAD c:/st/stm32cubeide_1.8.0/stm32cubeide/plugins/com.st.stm32cube.ide.mcu.externaltools.gnu-tools-for-stm32.9-2020-q2-update.win32_2.0.0.202105311346/tools/bin/../lib/gcc/arm-none-eabi/9.3.1/../../../../arm-none-eabi/lib/thumb/v7e-m+fp/hard\libc_nano.a
LOAD c:/st/stm32cubeide_1.8.0/stm32cubeide/plugins/com.st.stm32cube.ide.mcu.externaltools.gnu-tools-for-stm32.9-2020-q2-update.win32_2.0.0.202105311346/tools/bin/../lib/gcc/arm-none-eabi/9.3.1/../../../../arm-none-eabi/lib/thumb/v7e-m+fp/hard\libnosys.a
END GROUP
LOAD c:/st/stm32cubeide_1.8.0/stm32cubeide/plugins/com.st.stm32cube.ide.mcu.externaltools.gnu-tools-for-stm32.9-2020-q2-update.win32_2.0.0.202105311346/tools/bin/../lib/gcc/arm-none-eabi/9.3.1/thumb/v7e-m+fp/hard/crtend.o
LOAD c:/st/stm32cubeide_1.8.0/stm32cubeide/plugins/com.st.stm32cube.ide.mcu.externaltools.gnu-tools-for-stm32.9-2020-q2-update.win32_2.0.0.202105311346/tools/bin/../lib/gcc/arm-none-eabi/9.3.1/thumb/v7e-m+fp/hard/crtn.o
                0x0000000020020000                _estack = (ORIGIN (RAM) + LENGTH (RAM))
                0x0000000000000200                _Min_Heap_Size = 0x200
                0x0000000000000400                _Min_Stack_Size = 0x400

.isr_vector     0x0000000008000000      0x198
                0x0000000008000000                . = ALIGN (0x4)
 *(.isr_vector)
 .isr_vector    0x0000000008000000      0x198 ./Core/Startup/startup_stm32f411retx.o
                0x0000000008000000                g_pfnVectors
                0x0000000008000198                . = ALIGN (0x4)

.text           0x00000000080001a0     0x8ba8
                0x00000000080001a0                . = ALIGN (0x4)
 *(.text)
 .text          0x00000000080001a0       0x40 c:/st/stm32cubeide_1.8.0/stm32cubeide/plugins/com.st.stm32cube.ide.mcu.externaltools.gnu-tools-for-stm32.9-2020-q2-update.win32_2.0.0.202105311346/tools/bin/../lib/gcc/arm-none-eabi/9.3.1/thumb/v7e-m+fp/hard/crtbegin.o
 .text          0x00000000080001e0       0x30 c:/st/stm32cubeide_1.8.0/stm32cubeide/plugins/com.st.stm32cube.ide.mcu.externaltools.gnu-tools-for-stm32.9-2020-q2-update.win32_2.0.0.202105311346/tools/bin/../lib/gcc/arm-none-eabi/9.3.1/thumb/v7e-m+fp/hard\libgcc.a(_aeabi_uldivmod.o)
                0x00000000080001e0                __aeabi_uldivmod
 .text          0x0000000008000210      0x2c4 c:/st/stm32cubeide_1.8.0/stm32cubeide/plugins/com.st.stm32cube.ide.mcu.externaltools.gnu-tools-for-stm32.9-2020-q2-update.win32_2.0.0.202105311346/tools/bin/../lib/gcc/arm-none-eabi/9.3.1/thumb/v7e-m+fp/hard\libgcc.a(_udivmoddi4.o)
                0x0000000008000210                __udivmoddi4
 .text          0x00000000080004d4        0x4 c:/st/stm32cubeide_1.8.0/stm32cubeide/plugins/com.st.stm32cube.ide.mcu.externaltools.gnu-tools-for-stm32.9-2020-q2-update.win32_2.0.0.202105311346/tools/bin/../lib/gcc/arm-none-eabi/9.3.1/thumb/v7e-m+fp/hard\libgcc.a(_dvmd_tls.o)
                0x00000000080004d4                __aeabi_idiv0
                0x00000000080004d4                __aeabi_ldiv0
 *(.text*)
 .text.UART_initialize
                0x00000000080004d8       0x40 ./Bibliotecas/UART/Slave/server.o
                0x00000000080004d8                UART_initialize
 .text._run_command
                0x0000000008000518       0x48 ./Bibliotecas/UART/Slave/server.o
 .text._error_check
                0x0000000008000560       0x16 ./Bibliotecas/UART/Slave/server.o
 *fill*         0x0000000008000576        0x2 
 .text.UART_start_server
                0x0000000008000578       0xb8 ./Bibliotecas/UART/Slave/server.o
                0x0000000008000578                UART_start_server
 .text.UART_register_command
                0x0000000008000630       0x3c ./Bibliotecas/UART/Slave/server.o
                0x0000000008000630                UART_register_command
 .text.UART_notify_RxCplt
                0x000000000800066c       0x18 ./Bibliotecas/UART/Slave/server.o
                0x000000000800066c                UART_notify_RxCplt
 .text.UART_notify_TxCplt
                0x0000000008000684       0x18 ./Bibliotecas/UART/Slave/server.o
                0x0000000008000684                UART_notify_TxCplt
 .text.serial_receive
                0x000000000800069c       0x58 ./Bibliotecas/UART/Slave/server.o
                0x000000000800069c                serial_receive
 .text.serial_send
                0x00000000080006f4       0x58 ./Bibliotecas/UART/Slave/server.o
                0x00000000080006f4                serial_send
 .text.led_on   0x000000000800074c       0xa4 ./Core/Src/main.o
                0x000000000800074c                led_on
 .text.led_off  0x00000000080007f0       0xa4 ./Core/Src/main.o
                0x00000000080007f0                led_off
 .text.main     0x0000000008000894       0xc4 ./Core/Src/main.o
                0x0000000008000894                main
 .text.SystemClock_Config
                0x0000000008000958       0xd4 ./Core/Src/main.o
                0x0000000008000958                SystemClock_Config
 .text.MX_ADC1_Init
                0x0000000008000a2c       0xf8 ./Core/Src/main.o
 .text.MX_TIM3_Init
                0x0000000008000b24       0xe4 ./Core/Src/main.o
 .text.MX_USART2_UART_Init
                0x0000000008000c08       0x54 ./Core/Src/main.o
 .text.MX_DMA_Init
                0x0000000008000c5c       0x40 ./Core/Src/main.o
 .text.MX_GPIO_Init
                0x0000000008000c9c      0x148 ./Core/Src/main.o
 .text.HAL_GPIO_EXTI_Callback
                0x0000000008000de4       0x6c ./Core/Src/main.o
                0x0000000008000de4                HAL_GPIO_EXTI_Callback
 .text.HAL_ADC_ConvCpltCallback
                0x0000000008000e50       0x8c ./Core/Src/main.o
                0x0000000008000e50                HAL_ADC_ConvCpltCallback
 .text.read_analog
                0x0000000008000edc       0xf4 ./Core/Src/main.o
                0x0000000008000edc                read_analog
 .text.switch_led_animations
                0x0000000008000fd0       0x64 ./Core/Src/main.o
                0x0000000008000fd0                switch_led_animations
 .text.HAL_UART_RxCpltCallback
                0x0000000008001034       0x20 ./Core/Src/main.o
                0x0000000008001034                HAL_UART_RxCpltCallback
 .text.HAL_UART_TxCpltCallback
                0x0000000008001054       0x20 ./Core/Src/main.o
                0x0000000008001054                HAL_UART_TxCpltCallback
 .text.StartMainTask
                0x0000000008001074       0x38 ./Core/Src/main.o
                0x0000000008001074                StartMainTask
 .text.StartLedAnimation1
                0x00000000080010ac       0xe0 ./Core/Src/main.o
                0x00000000080010ac                StartLedAnimation1
 .text.StartLedAnimation2
                0x000000000800118c       0xa0 ./Core/Src/main.o
                0x000000000800118c                StartLedAnimation2
 .text.HAL_TIM_PeriodElapsedCallback
                0x000000000800122c       0x24 ./Core/Src/main.o
                0x000000000800122c                HAL_TIM_PeriodElapsedCallback
 .text.Error_Handler
                0x0000000008001250        0xa ./Core/Src/main.o
                0x0000000008001250                Error_Handler
 *fill*         0x000000000800125a        0x2 
 .text.HAL_MspInit
                0x000000000800125c       0x58 ./Core/Src/stm32f4xx_hal_msp.o
                0x000000000800125c                HAL_MspInit
 .text.HAL_ADC_MspInit
                0x00000000080012b4       0xf0 ./Core/Src/stm32f4xx_hal_msp.o
                0x00000000080012b4                HAL_ADC_MspInit
 .text.HAL_TIM_Base_MspInit
                0x00000000080013a4       0x44 ./Core/Src/stm32f4xx_hal_msp.o
                0x00000000080013a4                HAL_TIM_Base_MspInit
 .text.HAL_UART_MspInit
                0x00000000080013e8       0xa0 ./Core/Src/stm32f4xx_hal_msp.o
                0x00000000080013e8                HAL_UART_MspInit
 .text.HAL_InitTick
                0x0000000008001488       0xb0 ./Core/Src/stm32f4xx_hal_timebase_tim.o
                0x0000000008001488                HAL_InitTick
 .text.NMI_Handler
                0x0000000008001538        0x6 ./Core/Src/stm32f4xx_it.o
                0x0000000008001538                NMI_Handler
 .text.HardFault_Handler
                0x000000000800153e        0x6 ./Core/Src/stm32f4xx_it.o
                0x000000000800153e                HardFault_Handler
 .text.MemManage_Handler
                0x0000000008001544        0x6 ./Core/Src/stm32f4xx_it.o
                0x0000000008001544                MemManage_Handler
 .text.BusFault_Handler
                0x000000000800154a        0x6 ./Core/Src/stm32f4xx_it.o
                0x000000000800154a                BusFault_Handler
 .text.UsageFault_Handler
                0x0000000008001550        0x6 ./Core/Src/stm32f4xx_it.o
                0x0000000008001550                UsageFault_Handler
 .text.DebugMon_Handler
                0x0000000008001556        0xe ./Core/Src/stm32f4xx_it.o
                0x0000000008001556                DebugMon_Handler
 .text.EXTI4_IRQHandler
                0x0000000008001564        0xe ./Core/Src/stm32f4xx_it.o
                0x0000000008001564                EXTI4_IRQHandler
 *fill*         0x0000000008001572        0x2 
 .text.TIM1_UP_TIM10_IRQHandler
                0x0000000008001574       0x14 ./Core/Src/stm32f4xx_it.o
                0x0000000008001574                TIM1_UP_TIM10_IRQHandler
 .text.USART2_IRQHandler
                0x0000000008001588       0x14 ./Core/Src/stm32f4xx_it.o
                0x0000000008001588                USART2_IRQHandler
 .text.EXTI15_10_IRQHandler
                0x000000000800159c       0x10 ./Core/Src/stm32f4xx_it.o
                0x000000000800159c                EXTI15_10_IRQHandler
 .text.DMA2_Stream0_IRQHandler
                0x00000000080015ac       0x14 ./Core/Src/stm32f4xx_it.o
                0x00000000080015ac                DMA2_Stream0_IRQHandler
 .text.SystemInit
                0x00000000080015c0       0x24 ./Core/Src/system_stm32f4xx.o
                0x00000000080015c0                SystemInit
 .text.Reset_Handler
                0x00000000080015e4       0x50 ./Core/Startup/startup_stm32f411retx.o
                0x00000000080015e4                Reset_Handler
 .text.Default_Handler
                0x0000000008001634        0x2 ./Core/Startup/startup_stm32f411retx.o
                0x0000000008001634                RTC_Alarm_IRQHandler
                0x0000000008001634                EXTI2_IRQHandler
                0x0000000008001634                SPI4_IRQHandler
                0x0000000008001634                TIM1_CC_IRQHandler
                0x0000000008001634                DMA2_Stream5_IRQHandler
                0x0000000008001634                DMA1_Stream5_IRQHandler
                0x0000000008001634                PVD_IRQHandler
                0x0000000008001634                SDIO_IRQHandler
                0x0000000008001634                TAMP_STAMP_IRQHandler
                0x0000000008001634                EXTI3_IRQHandler
                0x0000000008001634                I2C3_ER_IRQHandler
                0x0000000008001634                EXTI0_IRQHandler
                0x0000000008001634                I2C2_EV_IRQHandler
                0x0000000008001634                DMA1_Stream2_IRQHandler
                0x0000000008001634                FPU_IRQHandler
                0x0000000008001634                DMA2_Stream2_IRQHandler
                0x0000000008001634                SPI1_IRQHandler
                0x0000000008001634                TIM1_BRK_TIM9_IRQHandler
                0x0000000008001634                DMA2_Stream3_IRQHandler
                0x0000000008001634                USART6_IRQHandler
                0x0000000008001634                TIM4_IRQHandler
                0x0000000008001634                I2C1_EV_IRQHandler
                0x0000000008001634                DMA1_Stream6_IRQHandler
                0x0000000008001634                DMA1_Stream1_IRQHandler
                0x0000000008001634                TIM3_IRQHandler
                0x0000000008001634                RCC_IRQHandler
                0x0000000008001634                Default_Handler
                0x0000000008001634                ADC_IRQHandler
                0x0000000008001634                DMA1_Stream7_IRQHandler
                0x0000000008001634                SPI5_IRQHandler
                0x0000000008001634                TIM5_IRQHandler
                0x0000000008001634                DMA2_Stream7_IRQHandler
                0x0000000008001634                I2C3_EV_IRQHandler
                0x0000000008001634                EXTI9_5_IRQHandler
                0x0000000008001634                RTC_WKUP_IRQHandler
                0x0000000008001634                SPI2_IRQHandler
                0x0000000008001634                DMA1_Stream0_IRQHandler
                0x0000000008001634                WWDG_IRQHandler
                0x0000000008001634                TIM2_IRQHandler
                0x0000000008001634                OTG_FS_WKUP_IRQHandler
                0x0000000008001634                TIM1_TRG_COM_TIM11_IRQHandler
                0x0000000008001634                EXTI1_IRQHandler
                0x0000000008001634                I2C2_ER_IRQHandler
                0x0000000008001634                DMA2_Stream1_IRQHandler
                0x0000000008001634                FLASH_IRQHandler
                0x0000000008001634                DMA2_Stream4_IRQHandler
                0x0000000008001634                USART1_IRQHandler
                0x0000000008001634                OTG_FS_IRQHandler
                0x0000000008001634                SPI3_IRQHandler
                0x0000000008001634                DMA1_Stream4_IRQHandler
                0x0000000008001634                I2C1_ER_IRQHandler
                0x0000000008001634                DMA2_Stream6_IRQHandler
                0x0000000008001634                DMA1_Stream3_IRQHandler
 *fill*         0x0000000008001636        0x2 
 .text.HAL_Init
                0x0000000008001638       0x44 ./Drivers/STM32F4xx_HAL_Driver/Src/stm32f4xx_hal.o
                0x0000000008001638                HAL_Init
 .text.HAL_IncTick
                0x000000000800167c       0x28 ./Drivers/STM32F4xx_HAL_Driver/Src/stm32f4xx_hal.o
                0x000000000800167c                HAL_IncTick
 .text.HAL_GetTick
                0x00000000080016a4       0x18 ./Drivers/STM32F4xx_HAL_Driver/Src/stm32f4xx_hal.o
                0x00000000080016a4                HAL_GetTick
 .text.HAL_ADC_Init
                0x00000000080016bc       0x86 ./Drivers/STM32F4xx_HAL_Driver/Src/stm32f4xx_hal_adc.o
                0x00000000080016bc                HAL_ADC_Init
 *fill*         0x0000000008001742        0x2 
 .text.HAL_ADC_Start_DMA
                0x0000000008001744      0x1e0 ./Drivers/STM32F4xx_HAL_Driver/Src/stm32f4xx_hal_adc.o
                0x0000000008001744                HAL_ADC_Start_DMA
 .text.HAL_ADC_ConvHalfCpltCallback
                0x0000000008001924       0x14 ./Drivers/STM32F4xx_HAL_Driver/Src/stm32f4xx_hal_adc.o
                0x0000000008001924                HAL_ADC_ConvHalfCpltCallback
 .text.HAL_ADC_ErrorCallback
                0x0000000008001938       0x14 ./Drivers/STM32F4xx_HAL_Driver/Src/stm32f4xx_hal_adc.o
                0x0000000008001938                HAL_ADC_ErrorCallback
 .text.HAL_ADC_ConfigChannel
                0x000000000800194c      0x264 ./Drivers/STM32F4xx_HAL_Driver/Src/stm32f4xx_hal_adc.o
                0x000000000800194c                HAL_ADC_ConfigChannel
 .text.ADC_Init
                0x0000000008001bb0      0x1f8 ./Drivers/STM32F4xx_HAL_Driver/Src/stm32f4xx_hal_adc.o
 .text.ADC_DMAConvCplt
                0x0000000008001da8       0xba ./Drivers/STM32F4xx_HAL_Driver/Src/stm32f4xx_hal_adc.o
 .text.ADC_DMAHalfConvCplt
                0x0000000008001e62       0x1c ./Drivers/STM32F4xx_HAL_Driver/Src/stm32f4xx_hal_adc.o
 .text.ADC_DMAError
                0x0000000008001e7e       0x2e ./Drivers/STM32F4xx_HAL_Driver/Src/stm32f4xx_hal_adc.o
 .text.__NVIC_SetPriorityGrouping
                0x0000000008001eac       0x48 ./Drivers/STM32F4xx_HAL_Driver/Src/stm32f4xx_hal_cortex.o
 .text.__NVIC_GetPriorityGrouping
                0x0000000008001ef4       0x1c ./Drivers/STM32F4xx_HAL_Driver/Src/stm32f4xx_hal_cortex.o
 .text.__NVIC_EnableIRQ
                0x0000000008001f10       0x3c ./Drivers/STM32F4xx_HAL_Driver/Src/stm32f4xx_hal_cortex.o
 .text.__NVIC_SetPriority
                0x0000000008001f4c       0x54 ./Drivers/STM32F4xx_HAL_Driver/Src/stm32f4xx_hal_cortex.o
 .text.NVIC_EncodePriority
                0x0000000008001fa0       0x66 ./Drivers/STM32F4xx_HAL_Driver/Src/stm32f4xx_hal_cortex.o
 .text.HAL_NVIC_SetPriorityGrouping
                0x0000000008002006       0x16 ./Drivers/STM32F4xx_HAL_Driver/Src/stm32f4xx_hal_cortex.o
                0x0000000008002006                HAL_NVIC_SetPriorityGrouping
 .text.HAL_NVIC_SetPriority
                0x000000000800201c       0x38 ./Drivers/STM32F4xx_HAL_Driver/Src/stm32f4xx_hal_cortex.o
                0x000000000800201c                HAL_NVIC_SetPriority
 .text.HAL_NVIC_EnableIRQ
                0x0000000008002054       0x1c ./Drivers/STM32F4xx_HAL_Driver/Src/stm32f4xx_hal_cortex.o
                0x0000000008002054                HAL_NVIC_EnableIRQ
 .text.HAL_DMA_Init
                0x0000000008002070      0x15c ./Drivers/STM32F4xx_HAL_Driver/Src/stm32f4xx_hal_dma.o
                0x0000000008002070                HAL_DMA_Init
 .text.HAL_DMA_Start_IT
                0x00000000080021cc       0xb0 ./Drivers/STM32F4xx_HAL_Driver/Src/stm32f4xx_hal_dma.o
                0x00000000080021cc                HAL_DMA_Start_IT
 .text.HAL_DMA_Abort
                0x000000000800227c       0xe0 ./Drivers/STM32F4xx_HAL_Driver/Src/stm32f4xx_hal_dma.o
                0x000000000800227c                HAL_DMA_Abort
 .text.HAL_DMA_Abort_IT
                0x000000000800235c       0x44 ./Drivers/STM32F4xx_HAL_Driver/Src/stm32f4xx_hal_dma.o
                0x000000000800235c                HAL_DMA_Abort_IT
 .text.HAL_DMA_IRQHandler
                0x00000000080023a0      0x314 ./Drivers/STM32F4xx_HAL_Driver/Src/stm32f4xx_hal_dma.o
                0x00000000080023a0                HAL_DMA_IRQHandler
 .text.DMA_SetConfig
                0x00000000080026b4       0x5c ./Drivers/STM32F4xx_HAL_Driver/Src/stm32f4xx_hal_dma.o
 .text.DMA_CalcBaseAndBitshift
                0x0000000008002710       0x6c ./Drivers/STM32F4xx_HAL_Driver/Src/stm32f4xx_hal_dma.o
 .text.DMA_CheckFifoParam
                0x000000000800277c       0xf8 ./Drivers/STM32F4xx_HAL_Driver/Src/stm32f4xx_hal_dma.o
 .text.HAL_GPIO_Init
                0x0000000008002874      0x308 ./Drivers/STM32F4xx_HAL_Driver/Src/stm32f4xx_hal_gpio.o
                0x0000000008002874                HAL_GPIO_Init
 .text.HAL_GPIO_WritePin
                0x0000000008002b7c       0x32 ./Drivers/STM32F4xx_HAL_Driver/Src/stm32f4xx_hal_gpio.o
                0x0000000008002b7c                HAL_GPIO_WritePin
 .text.HAL_GPIO_TogglePin
                0x0000000008002bae       0x34 ./Drivers/STM32F4xx_HAL_Driver/Src/stm32f4xx_hal_gpio.o
                0x0000000008002bae                HAL_GPIO_TogglePin
 *fill*         0x0000000008002be2        0x2 
 .text.HAL_GPIO_EXTI_IRQHandler
                0x0000000008002be4       0x30 ./Drivers/STM32F4xx_HAL_Driver/Src/stm32f4xx_hal_gpio.o
                0x0000000008002be4                HAL_GPIO_EXTI_IRQHandler
 .text.HAL_RCC_OscConfig
                0x0000000008002c14      0x4f0 ./Drivers/STM32F4xx_HAL_Driver/Src/stm32f4xx_hal_rcc.o
                0x0000000008002c14                HAL_RCC_OscConfig
 .text.HAL_RCC_ClockConfig
                0x0000000008003104      0x1cc ./Drivers/STM32F4xx_HAL_Driver/Src/stm32f4xx_hal_rcc.o
                0x0000000008003104                HAL_RCC_ClockConfig
 .text.HAL_RCC_GetSysClockFreq
                0x00000000080032d0      0x1c4 ./Drivers/STM32F4xx_HAL_Driver/Src/stm32f4xx_hal_rcc.o
                0x00000000080032d0                HAL_RCC_GetSysClockFreq
 .text.HAL_RCC_GetHCLKFreq
                0x0000000008003494       0x18 ./Drivers/STM32F4xx_HAL_Driver/Src/stm32f4xx_hal_rcc.o
                0x0000000008003494                HAL_RCC_GetHCLKFreq
 .text.HAL_RCC_GetPCLK1Freq
                0x00000000080034ac       0x28 ./Drivers/STM32F4xx_HAL_Driver/Src/stm32f4xx_hal_rcc.o
                0x00000000080034ac                HAL_RCC_GetPCLK1Freq
 .text.HAL_RCC_GetPCLK2Freq
                0x00000000080034d4       0x28 ./Drivers/STM32F4xx_HAL_Driver/Src/stm32f4xx_hal_rcc.o
                0x00000000080034d4                HAL_RCC_GetPCLK2Freq
 .text.HAL_RCC_GetClockConfig
                0x00000000080034fc       0x64 ./Drivers/STM32F4xx_HAL_Driver/Src/stm32f4xx_hal_rcc.o
                0x00000000080034fc                HAL_RCC_GetClockConfig
 .text.HAL_TIM_Base_Init
                0x0000000008003560       0x9e ./Drivers/STM32F4xx_HAL_Driver/Src/stm32f4xx_hal_tim.o
                0x0000000008003560                HAL_TIM_Base_Init
 *fill*         0x00000000080035fe        0x2 
 .text.HAL_TIM_Base_Start_IT
                0x0000000008003600       0xc4 ./Drivers/STM32F4xx_HAL_Driver/Src/stm32f4xx_hal_tim.o
                0x0000000008003600                HAL_TIM_Base_Start_IT
 .text.HAL_TIM_OC_Init
                0x00000000080036c4       0x9e ./Drivers/STM32F4xx_HAL_Driver/Src/stm32f4xx_hal_tim.o
                0x00000000080036c4                HAL_TIM_OC_Init
 .text.HAL_TIM_OC_MspInit
                0x0000000008003762       0x14 ./Drivers/STM32F4xx_HAL_Driver/Src/stm32f4xx_hal_tim.o
                0x0000000008003762                HAL_TIM_OC_MspInit
 .text.HAL_TIM_IRQHandler
                0x0000000008003776      0x210 ./Drivers/STM32F4xx_HAL_Driver/Src/stm32f4xx_hal_tim.o
                0x0000000008003776                HAL_TIM_IRQHandler
 *fill*         0x0000000008003986        0x2 
 .text.HAL_TIM_OC_ConfigChannel
                0x0000000008003988       0xb8 ./Drivers/STM32F4xx_HAL_Driver/Src/stm32f4xx_hal_tim.o
                0x0000000008003988                HAL_TIM_OC_ConfigChannel
 .text.HAL_TIM_ConfigClockSource
                0x0000000008003a40      0x18e ./Drivers/STM32F4xx_HAL_Driver/Src/stm32f4xx_hal_tim.o
                0x0000000008003a40                HAL_TIM_ConfigClockSource
 .text.HAL_TIM_OC_DelayElapsedCallback
                0x0000000008003bce       0x14 ./Drivers/STM32F4xx_HAL_Driver/Src/stm32f4xx_hal_tim.o
                0x0000000008003bce                HAL_TIM_OC_DelayElapsedCallback
 .text.HAL_TIM_IC_CaptureCallback
                0x0000000008003be2       0x14 ./Drivers/STM32F4xx_HAL_Driver/Src/stm32f4xx_hal_tim.o
                0x0000000008003be2                HAL_TIM_IC_CaptureCallback
 .text.HAL_TIM_PWM_PulseFinishedCallback
                0x0000000008003bf6       0x14 ./Drivers/STM32F4xx_HAL_Driver/Src/stm32f4xx_hal_tim.o
                0x0000000008003bf6                HAL_TIM_PWM_PulseFinishedCallback
 .text.HAL_TIM_TriggerCallback
                0x0000000008003c0a       0x14 ./Drivers/STM32F4xx_HAL_Driver/Src/stm32f4xx_hal_tim.o
                0x0000000008003c0a                HAL_TIM_TriggerCallback
 *fill*         0x0000000008003c1e        0x2 
 .text.TIM_Base_SetConfig
                0x0000000008003c20      0x100 ./Drivers/STM32F4xx_HAL_Driver/Src/stm32f4xx_hal_tim.o
                0x0000000008003c20                TIM_Base_SetConfig
 .text.TIM_OC1_SetConfig
                0x0000000008003d20       0xcc ./Drivers/STM32F4xx_HAL_Driver/Src/stm32f4xx_hal_tim.o
 .text.TIM_OC2_SetConfig
                0x0000000008003dec       0xd8 ./Drivers/STM32F4xx_HAL_Driver/Src/stm32f4xx_hal_tim.o
                0x0000000008003dec                TIM_OC2_SetConfig
 .text.TIM_OC3_SetConfig
                0x0000000008003ec4       0xd4 ./Drivers/STM32F4xx_HAL_Driver/Src/stm32f4xx_hal_tim.o
 .text.TIM_OC4_SetConfig
                0x0000000008003f98       0xa0 ./Drivers/STM32F4xx_HAL_Driver/Src/stm32f4xx_hal_tim.o
 .text.TIM_TI1_ConfigInputStage
                0x0000000008004038       0x5e ./Drivers/STM32F4xx_HAL_Driver/Src/stm32f4xx_hal_tim.o
 .text.TIM_TI2_ConfigInputStage
                0x0000000008004096       0x60 ./Drivers/STM32F4xx_HAL_Driver/Src/stm32f4xx_hal_tim.o
 .text.TIM_ITRx_SetConfig
                0x00000000080040f6       0x36 ./Drivers/STM32F4xx_HAL_Driver/Src/stm32f4xx_hal_tim.o
 .text.TIM_ETR_SetConfig
                0x000000000800412c       0x40 ./Drivers/STM32F4xx_HAL_Driver/Src/stm32f4xx_hal_tim.o
                0x000000000800412c                TIM_ETR_SetConfig
 .text.HAL_TIMEx_MasterConfigSynchronization
                0x000000000800416c       0xdc ./Drivers/STM32F4xx_HAL_Driver/Src/stm32f4xx_hal_tim_ex.o
                0x000000000800416c                HAL_TIMEx_MasterConfigSynchronization
 .text.HAL_TIMEx_CommutCallback
                0x0000000008004248       0x14 ./Drivers/STM32F4xx_HAL_Driver/Src/stm32f4xx_hal_tim_ex.o
                0x0000000008004248                HAL_TIMEx_CommutCallback
 .text.HAL_TIMEx_BreakCallback
                0x000000000800425c       0x14 ./Drivers/STM32F4xx_HAL_Driver/Src/stm32f4xx_hal_tim_ex.o
                0x000000000800425c                HAL_TIMEx_BreakCallback
 .text.HAL_UART_Init
                0x0000000008004270       0x9a ./Drivers/STM32F4xx_HAL_Driver/Src/stm32f4xx_hal_uart.o
                0x0000000008004270                HAL_UART_Init
 .text.HAL_UART_Transmit_IT
                0x000000000800430a       0x8a ./Drivers/STM32F4xx_HAL_Driver/Src/stm32f4xx_hal_uart.o
                0x000000000800430a                HAL_UART_Transmit_IT
 .text.HAL_UART_Receive_IT
                0x0000000008004394       0x60 ./Drivers/STM32F4xx_HAL_Driver/Src/stm32f4xx_hal_uart.o
                0x0000000008004394                HAL_UART_Receive_IT
 .text.HAL_UART_IRQHandler
                0x00000000080043f4      0x51c ./Drivers/STM32F4xx_HAL_Driver/Src/stm32f4xx_hal_uart.o
                0x00000000080043f4                HAL_UART_IRQHandler
 .text.HAL_UART_ErrorCallback
                0x0000000008004910       0x14 ./Drivers/STM32F4xx_HAL_Driver/Src/stm32f4xx_hal_uart.o
                0x0000000008004910                HAL_UART_ErrorCallback
 .text.HAL_UARTEx_RxEventCallback
                0x0000000008004924       0x18 ./Drivers/STM32F4xx_HAL_Driver/Src/stm32f4xx_hal_uart.o
                0x0000000008004924                HAL_UARTEx_RxEventCallback
 .text.UART_Start_Receive_IT
                0x000000000800493c       0x74 ./Drivers/STM32F4xx_HAL_Driver/Src/stm32f4xx_hal_uart.o
                0x000000000800493c                UART_Start_Receive_IT
 .text.UART_EndRxTransfer
                0x00000000080049b0       0xc6 ./Drivers/STM32F4xx_HAL_Driver/Src/stm32f4xx_hal_uart.o
 .text.UART_DMAAbortOnError
                0x0000000008004a76       0x28 ./Drivers/STM32F4xx_HAL_Driver/Src/stm32f4xx_hal_uart.o
 .text.UART_Transmit_IT
                0x0000000008004a9e       0xa0 ./Drivers/STM32F4xx_HAL_Driver/Src/stm32f4xx_hal_uart.o
 .text.UART_EndTransmit_IT
                0x0000000008004b3e       0x30 ./Drivers/STM32F4xx_HAL_Driver/Src/stm32f4xx_hal_uart.o
 .text.UART_Receive_IT
                0x0000000008004b6e      0x176 ./Drivers/STM32F4xx_HAL_Driver/Src/stm32f4xx_hal_uart.o
 .text.UART_SetConfig
                0x0000000008004ce4      0x390 ./Drivers/STM32F4xx_HAL_Driver/Src/stm32f4xx_hal_uart.o
 .text.__NVIC_SetPriority
                0x0000000008005074       0x54 ./Middlewares/Third_Party/FreeRTOS/Source/CMSIS_RTOS_V2/cmsis_os2.o
 .text.SysTick_Handler
                0x00000000080050c8       0x20 ./Middlewares/Third_Party/FreeRTOS/Source/CMSIS_RTOS_V2/cmsis_os2.o
                0x00000000080050c8                SysTick_Handler
 .text.SVC_Setup
                0x00000000080050e8       0x12 ./Middlewares/Third_Party/FreeRTOS/Source/CMSIS_RTOS_V2/cmsis_os2.o
 *fill*         0x00000000080050fa        0x2 
 .text.osKernelInitialize
                0x00000000080050fc       0x48 ./Middlewares/Third_Party/FreeRTOS/Source/CMSIS_RTOS_V2/cmsis_os2.o
                0x00000000080050fc                osKernelInitialize
 .text.osKernelStart
                0x0000000008005144       0x4c ./Middlewares/Third_Party/FreeRTOS/Source/CMSIS_RTOS_V2/cmsis_os2.o
                0x0000000008005144                osKernelStart
 .text.osThreadNew
                0x0000000008005190      0x126 ./Middlewares/Third_Party/FreeRTOS/Source/CMSIS_RTOS_V2/cmsis_os2.o
                0x0000000008005190                osThreadNew
 .text.osDelay  0x00000000080052b6       0x36 ./Middlewares/Third_Party/FreeRTOS/Source/CMSIS_RTOS_V2/cmsis_os2.o
                0x00000000080052b6                osDelay
 .text.osEventFlagsNew
                0x00000000080052ec       0x7e ./Middlewares/Third_Party/FreeRTOS/Source/CMSIS_RTOS_V2/cmsis_os2.o
                0x00000000080052ec                osEventFlagsNew
 *fill*         0x000000000800536a        0x2 
 .text.osEventFlagsSet
                0x000000000800536c       0x88 ./Middlewares/Third_Party/FreeRTOS/Source/CMSIS_RTOS_V2/cmsis_os2.o
                0x000000000800536c                osEventFlagsSet
 .text.osEventFlagsClear
                0x00000000080053f4       0x64 ./Middlewares/Third_Party/FreeRTOS/Source/CMSIS_RTOS_V2/cmsis_os2.o
                0x00000000080053f4                osEventFlagsClear
 .text.osEventFlagsWait
                0x0000000008005458       0xcc ./Middlewares/Third_Party/FreeRTOS/Source/CMSIS_RTOS_V2/cmsis_os2.o
                0x0000000008005458                osEventFlagsWait
 .text.osMutexNew
                0x0000000008005524      0x10c ./Middlewares/Third_Party/FreeRTOS/Source/CMSIS_RTOS_V2/cmsis_os2.o
                0x0000000008005524                osMutexNew
 .text.osMutexAcquire
                0x0000000008005630       0x96 ./Middlewares/Third_Party/FreeRTOS/Source/CMSIS_RTOS_V2/cmsis_os2.o
                0x0000000008005630                osMutexAcquire
 .text.osMutexRelease
                0x00000000080056c6       0x7a ./Middlewares/Third_Party/FreeRTOS/Source/CMSIS_RTOS_V2/cmsis_os2.o
                0x00000000080056c6                osMutexRelease
 .text.vApplicationGetIdleTaskMemory
                0x0000000008005740       0x34 ./Middlewares/Third_Party/FreeRTOS/Source/CMSIS_RTOS_V2/cmsis_os2.o
                0x0000000008005740                vApplicationGetIdleTaskMemory
 .text.vApplicationGetTimerTaskMemory
                0x0000000008005774       0x34 ./Middlewares/Third_Party/FreeRTOS/Source/CMSIS_RTOS_V2/cmsis_os2.o
                0x0000000008005774                vApplicationGetTimerTaskMemory
 .text.xEventGroupCreateStatic
                0x00000000080057a8       0x6e ./Middlewares/Third_Party/FreeRTOS/Source/event_groups.o
                0x00000000080057a8                xEventGroupCreateStatic
 .text.xEventGroupCreate
                0x0000000008005816       0x34 ./Middlewares/Third_Party/FreeRTOS/Source/event_groups.o
                0x0000000008005816                xEventGroupCreate
 *fill*         0x000000000800584a        0x2 
 .text.xEventGroupWaitBits
                0x000000000800584c      0x19c ./Middlewares/Third_Party/FreeRTOS/Source/event_groups.o
                0x000000000800584c                xEventGroupWaitBits
 .text.xEventGroupClearBits
                0x00000000080059e8       0x70 ./Middlewares/Third_Party/FreeRTOS/Source/event_groups.o
                0x00000000080059e8                xEventGroupClearBits
 .text.xEventGroupClearBitsFromISR
                0x0000000008005a58       0x28 ./Middlewares/Third_Party/FreeRTOS/Source/event_groups.o
                0x0000000008005a58                xEventGroupClearBitsFromISR
 .text.xEventGroupGetBitsFromISR
                0x0000000008005a80       0x48 ./Middlewares/Third_Party/FreeRTOS/Source/event_groups.o
                0x0000000008005a80                xEventGroupGetBitsFromISR
 .text.xEventGroupSetBits
                0x0000000008005ac8      0x116 ./Middlewares/Third_Party/FreeRTOS/Source/event_groups.o
                0x0000000008005ac8                xEventGroupSetBits
 .text.vEventGroupSetBitsCallback
                0x0000000008005bde       0x1a ./Middlewares/Third_Party/FreeRTOS/Source/event_groups.o
                0x0000000008005bde                vEventGroupSetBitsCallback
 .text.vEventGroupClearBitsCallback
                0x0000000008005bf8       0x1a ./Middlewares/Third_Party/FreeRTOS/Source/event_groups.o
                0x0000000008005bf8                vEventGroupClearBitsCallback
 .text.prvTestWaitCondition
                0x0000000008005c12       0x44 ./Middlewares/Third_Party/FreeRTOS/Source/event_groups.o
 *fill*         0x0000000008005c56        0x2 
 .text.xEventGroupSetBitsFromISR
                0x0000000008005c58       0x28 ./Middlewares/Third_Party/FreeRTOS/Source/event_groups.o
                0x0000000008005c58                xEventGroupSetBitsFromISR
 .text.vListInitialise
                0x0000000008005c80       0x40 ./Middlewares/Third_Party/FreeRTOS/Source/list.o
                0x0000000008005c80                vListInitialise
 .text.vListInitialiseItem
                0x0000000008005cc0       0x1a ./Middlewares/Third_Party/FreeRTOS/Source/list.o
                0x0000000008005cc0                vListInitialiseItem
 .text.vListInsertEnd
                0x0000000008005cda       0x48 ./Middlewares/Third_Party/FreeRTOS/Source/list.o
                0x0000000008005cda                vListInsertEnd
 .text.vListInsert
                0x0000000008005d22       0x72 ./Middlewares/Third_Party/FreeRTOS/Source/list.o
                0x0000000008005d22                vListInsert
 .text.uxListRemove
                0x0000000008005d94       0x54 ./Middlewares/Third_Party/FreeRTOS/Source/list.o
                0x0000000008005d94                uxListRemove
 .text.xQueueGenericReset
                0x0000000008005de8       0xd0 ./Middlewares/Third_Party/FreeRTOS/Source/queue.o
                0x0000000008005de8                xQueueGenericReset
 .text.xQueueGenericCreateStatic
                0x0000000008005eb8       0xf0 ./Middlewares/Third_Party/FreeRTOS/Source/queue.o
                0x0000000008005eb8                xQueueGenericCreateStatic
 .text.xQueueGenericCreate
                0x0000000008005fa8       0x74 ./Middlewares/Third_Party/FreeRTOS/Source/queue.o
                0x0000000008005fa8                xQueueGenericCreate
 .text.prvInitialiseNewQueue
                0x000000000800601c       0x46 ./Middlewares/Third_Party/FreeRTOS/Source/queue.o
 .text.prvInitialiseMutex
                0x0000000008006062       0x34 ./Middlewares/Third_Party/FreeRTOS/Source/queue.o
 .text.xQueueCreateMutex
                0x0000000008006096       0x30 ./Middlewares/Third_Party/FreeRTOS/Source/queue.o
                0x0000000008006096                xQueueCreateMutex
 .text.xQueueCreateMutexStatic
                0x00000000080060c6       0x36 ./Middlewares/Third_Party/FreeRTOS/Source/queue.o
                0x00000000080060c6                xQueueCreateMutexStatic
 .text.xQueueGiveMutexRecursive
                0x00000000080060fc       0x68 ./Middlewares/Third_Party/FreeRTOS/Source/queue.o
                0x00000000080060fc                xQueueGiveMutexRecursive
 .text.xQueueTakeMutexRecursive
                0x0000000008006164       0x6c ./Middlewares/Third_Party/FreeRTOS/Source/queue.o
                0x0000000008006164                xQueueTakeMutexRecursive
 .text.xQueueGenericSend
                0x00000000080061d0      0x1fc ./Middlewares/Third_Party/FreeRTOS/Source/queue.o
                0x00000000080061d0                xQueueGenericSend
 .text.xQueueGenericSendFromISR
                0x00000000080063cc      0x136 ./Middlewares/Third_Party/FreeRTOS/Source/queue.o
                0x00000000080063cc                xQueueGenericSendFromISR
 *fill*         0x0000000008006502        0x2 
 .text.xQueueReceive
                0x0000000008006504      0x1c0 ./Middlewares/Third_Party/FreeRTOS/Source/queue.o
                0x0000000008006504                xQueueReceive
 .text.xQueueSemaphoreTake
                0x00000000080066c4      0x218 ./Middlewares/Third_Party/FreeRTOS/Source/queue.o
                0x00000000080066c4                xQueueSemaphoreTake
 .text.prvGetDisinheritPriorityAfterTimeout
                0x00000000080068dc       0x30 ./Middlewares/Third_Party/FreeRTOS/Source/queue.o
 .text.prvCopyDataToQueue
                0x000000000800690c       0xd4 ./Middlewares/Third_Party/FreeRTOS/Source/queue.o
 .text.prvCopyDataFromQueue
                0x00000000080069e0       0x4c ./Middlewares/Third_Party/FreeRTOS/Source/queue.o
 .text.prvUnlockQueue
                0x0000000008006a2c       0xa4 ./Middlewares/Third_Party/FreeRTOS/Source/queue.o
 .text.prvIsQueueEmpty
                0x0000000008006ad0       0x2c ./Middlewares/Third_Party/FreeRTOS/Source/queue.o
 .text.prvIsQueueFull
                0x0000000008006afc       0x30 ./Middlewares/Third_Party/FreeRTOS/Source/queue.o
 .text.vQueueAddToRegistry
                0x0000000008006b2c       0x54 ./Middlewares/Third_Party/FreeRTOS/Source/queue.o
                0x0000000008006b2c                vQueueAddToRegistry
 .text.vQueueWaitForMessageRestricted
                0x0000000008006b80       0x68 ./Middlewares/Third_Party/FreeRTOS/Source/queue.o
                0x0000000008006b80                vQueueWaitForMessageRestricted
 .text.xTaskCreateStatic
                0x0000000008006be8       0xba ./Middlewares/Third_Party/FreeRTOS/Source/tasks.o
                0x0000000008006be8                xTaskCreateStatic
 .text.xTaskCreate
                0x0000000008006ca2       0x8a ./Middlewares/Third_Party/FreeRTOS/Source/tasks.o
                0x0000000008006ca2                xTaskCreate
 .text.prvInitialiseNewTask
                0x0000000008006d2c      0x11e ./Middlewares/Third_Party/FreeRTOS/Source/tasks.o
 *fill*         0x0000000008006e4a        0x2 
 .text.prvAddNewTaskToReadyList
                0x0000000008006e4c       0xe0 ./Middlewares/Third_Party/FreeRTOS/Source/tasks.o
 .text.vTaskDelay
                0x0000000008006f2c       0x68 ./Middlewares/Third_Party/FreeRTOS/Source/tasks.o
                0x0000000008006f2c                vTaskDelay
 .text.vTaskStartScheduler
                0x0000000008006f94       0xcc ./Middlewares/Third_Party/FreeRTOS/Source/tasks.o
                0x0000000008006f94                vTaskStartScheduler
 .text.vTaskSuspendAll
                0x0000000008007060       0x1c ./Middlewares/Third_Party/FreeRTOS/Source/tasks.o
                0x0000000008007060                vTaskSuspendAll
 .text.xTaskResumeAll
                0x000000000800707c      0x13c ./Middlewares/Third_Party/FreeRTOS/Source/tasks.o
                0x000000000800707c                xTaskResumeAll
 .text.xTaskGetTickCount
                0x00000000080071b8       0x20 ./Middlewares/Third_Party/FreeRTOS/Source/tasks.o
                0x00000000080071b8                xTaskGetTickCount
 .text.xTaskIncrementTick
                0x00000000080071d8      0x174 ./Middlewares/Third_Party/FreeRTOS/Source/tasks.o
                0x00000000080071d8                xTaskIncrementTick
 .text.vTaskSwitchContext
                0x000000000800734c       0xbc ./Middlewares/Third_Party/FreeRTOS/Source/tasks.o
                0x000000000800734c                vTaskSwitchContext
 .text.vTaskPlaceOnEventList
                0x0000000008007408       0x48 ./Middlewares/Third_Party/FreeRTOS/Source/tasks.o
                0x0000000008007408                vTaskPlaceOnEventList
 .text.vTaskPlaceOnUnorderedEventList
                0x0000000008007450       0x78 ./Middlewares/Third_Party/FreeRTOS/Source/tasks.o
                0x0000000008007450                vTaskPlaceOnUnorderedEventList
 .text.vTaskPlaceOnEventListRestricted
                0x00000000080074c8       0x58 ./Middlewares/Third_Party/FreeRTOS/Source/tasks.o
                0x00000000080074c8                vTaskPlaceOnEventListRestricted
 .text.xTaskRemoveFromEventList
                0x0000000008007520       0xc8 ./Middlewares/Third_Party/FreeRTOS/Source/tasks.o
                0x0000000008007520                xTaskRemoveFromEventList
 .text.vTaskRemoveFromUnorderedEventList
                0x00000000080075e8       0xc4 ./Middlewares/Third_Party/FreeRTOS/Source/tasks.o
                0x00000000080075e8                vTaskRemoveFromUnorderedEventList
 .text.vTaskInternalSetTimeOutState
                0x00000000080076ac       0x2c ./Middlewares/Third_Party/FreeRTOS/Source/tasks.o
                0x00000000080076ac                vTaskInternalSetTimeOutState
 .text.xTaskCheckForTimeOut
                0x00000000080076d8       0xc4 ./Middlewares/Third_Party/FreeRTOS/Source/tasks.o
                0x00000000080076d8                xTaskCheckForTimeOut
 .text.vTaskMissedYield
                0x000000000800779c       0x18 ./Middlewares/Third_Party/FreeRTOS/Source/tasks.o
                0x000000000800779c                vTaskMissedYield
 .text.prvIdleTask
                0x00000000080077b4       0x30 ./Middlewares/Third_Party/FreeRTOS/Source/tasks.o
 .text.prvInitialiseTaskLists
                0x00000000080077e4       0x80 ./Middlewares/Third_Party/FreeRTOS/Source/tasks.o
 .text.prvCheckTasksWaitingTermination
                0x0000000008007864       0x5c ./Middlewares/Third_Party/FreeRTOS/Source/tasks.o
 .text.prvDeleteTCB
                0x00000000080078c0       0x5e ./Middlewares/Third_Party/FreeRTOS/Source/tasks.o
 *fill*         0x000000000800791e        0x2 
 .text.prvResetNextTaskUnblockTime
                0x0000000008007920       0x40 ./Middlewares/Third_Party/FreeRTOS/Source/tasks.o
 .text.xTaskGetCurrentTaskHandle
                0x0000000008007960       0x20 ./Middlewares/Third_Party/FreeRTOS/Source/tasks.o
                0x0000000008007960                xTaskGetCurrentTaskHandle
 .text.xTaskGetSchedulerState
                0x0000000008007980       0x3c ./Middlewares/Third_Party/FreeRTOS/Source/tasks.o
                0x0000000008007980                xTaskGetSchedulerState
 .text.xTaskPriorityInherit
                0x00000000080079bc       0xd0 ./Middlewares/Third_Party/FreeRTOS/Source/tasks.o
                0x00000000080079bc                xTaskPriorityInherit
 .text.xTaskPriorityDisinherit
                0x0000000008007a8c       0xdc ./Middlewares/Third_Party/FreeRTOS/Source/tasks.o
                0x0000000008007a8c                xTaskPriorityDisinherit
 .text.vTaskPriorityDisinheritAfterTimeout
                0x0000000008007b68      0x104 ./Middlewares/Third_Party/FreeRTOS/Source/tasks.o
                0x0000000008007b68                vTaskPriorityDisinheritAfterTimeout
 .text.uxTaskResetEventItemValue
                0x0000000008007c6c       0x30 ./Middlewares/Third_Party/FreeRTOS/Source/tasks.o
                0x0000000008007c6c                uxTaskResetEventItemValue
 .text.pvTaskIncrementMutexHeldCount
                0x0000000008007c9c       0x28 ./Middlewares/Third_Party/FreeRTOS/Source/tasks.o
                0x0000000008007c9c                pvTaskIncrementMutexHeldCount
 .text.prvAddCurrentTaskToDelayedList
                0x0000000008007cc4       0xa8 ./Middlewares/Third_Party/FreeRTOS/Source/tasks.o
 .text.xTimerCreateTimerTask
                0x0000000008007d6c       0x90 ./Middlewares/Third_Party/FreeRTOS/Source/timers.o
                0x0000000008007d6c                xTimerCreateTimerTask
 .text.xTimerGenericCommand
                0x0000000008007dfc       0x9c ./Middlewares/Third_Party/FreeRTOS/Source/timers.o
                0x0000000008007dfc                xTimerGenericCommand
 .text.prvProcessExpiredTimer
                0x0000000008007e98       0x98 ./Middlewares/Third_Party/FreeRTOS/Source/timers.o
 .text.prvTimerTask
                0x0000000008007f30       0x24 ./Middlewares/Third_Party/FreeRTOS/Source/timers.o
 .text.prvProcessTimerOrBlockTask
                0x0000000008007f54       0x9c ./Middlewares/Third_Party/FreeRTOS/Source/timers.o
 .text.prvGetNextExpireTime
                0x0000000008007ff0       0x48 ./Middlewares/Third_Party/FreeRTOS/Source/timers.o
 .text.prvSampleTimeNow
                0x0000000008008038       0x40 ./Middlewares/Third_Party/FreeRTOS/Source/timers.o
 .text.prvInsertTimerInActiveList
                0x0000000008008078       0x84 ./Middlewares/Third_Party/FreeRTOS/Source/timers.o
 .text.prvProcessReceivedCommands
                0x00000000080080fc      0x1c4 ./Middlewares/Third_Party/FreeRTOS/Source/timers.o
 .text.prvSwitchTimerLists
                0x00000000080082c0       0xc8 ./Middlewares/Third_Party/FreeRTOS/Source/timers.o
 .text.prvCheckForValidListAndQueue
                0x0000000008008388       0x80 ./Middlewares/Third_Party/FreeRTOS/Source/timers.o
 .text.xTimerPendFunctionCallFromISR
                0x0000000008008408       0x40 ./Middlewares/Third_Party/FreeRTOS/Source/timers.o
                0x0000000008008408                xTimerPendFunctionCallFromISR
 .text.pxPortInitialiseStack
                0x0000000008008448       0x68 ./Middlewares/Third_Party/FreeRTOS/Source/portable/GCC/ARM_CM4F/port.o
                0x0000000008008448                pxPortInitialiseStack
 .text.prvTaskExitError
                0x00000000080084b0       0x58 ./Middlewares/Third_Party/FreeRTOS/Source/portable/GCC/ARM_CM4F/port.o
 *fill*         0x0000000008008508        0x8 
 .text.SVC_Handler
                0x0000000008008510       0x28 ./Middlewares/Third_Party/FreeRTOS/Source/portable/GCC/ARM_CM4F/port.o
                0x0000000008008510                SVC_Handler
 .text.prvPortStartFirstTask
                0x0000000008008538       0x28 ./Middlewares/Third_Party/FreeRTOS/Source/portable/GCC/ARM_CM4F/port.o
 .text.xPortStartScheduler
                0x0000000008008560      0x144 ./Middlewares/Third_Party/FreeRTOS/Source/portable/GCC/ARM_CM4F/port.o
                0x0000000008008560                xPortStartScheduler
 .text.vPortEnterCritical
                0x00000000080086a4       0x60 ./Middlewares/Third_Party/FreeRTOS/Source/portable/GCC/ARM_CM4F/port.o
                0x00000000080086a4                vPortEnterCritical
 .text.vPortExitCritical
                0x0000000008008704       0x54 ./Middlewares/Third_Party/FreeRTOS/Source/portable/GCC/ARM_CM4F/port.o
                0x0000000008008704                vPortExitCritical
 *fill*         0x0000000008008758        0x8 
 .text.PendSV_Handler
                0x0000000008008760       0x68 ./Middlewares/Third_Party/FreeRTOS/Source/portable/GCC/ARM_CM4F/port.o
                0x0000000008008760                PendSV_Handler
 .text.xPortSysTickHandler
                0x00000000080087c8       0x44 ./Middlewares/Third_Party/FreeRTOS/Source/portable/GCC/ARM_CM4F/port.o
                0x00000000080087c8                xPortSysTickHandler
 .text.vPortSetupTimerInterrupt
                0x000000000800880c       0x48 ./Middlewares/Third_Party/FreeRTOS/Source/portable/GCC/ARM_CM4F/port.o
                0x000000000800880c                vPortSetupTimerInterrupt
 .text.vPortEnableVFP
                0x0000000008008854       0x14 ./Middlewares/Third_Party/FreeRTOS/Source/portable/GCC/ARM_CM4F/port.o
 .text.vPortValidateInterruptPriority
                0x0000000008008868       0x80 ./Middlewares/Third_Party/FreeRTOS/Source/portable/GCC/ARM_CM4F/port.o
                0x0000000008008868                vPortValidateInterruptPriority
 .text.pvPortMalloc
                0x00000000080088e8      0x198 ./Middlewares/Third_Party/FreeRTOS/Source/portable/MemMang/heap_4.o
                0x00000000080088e8                pvPortMalloc
 .text.vPortFree
                0x0000000008008a80       0xc4 ./Middlewares/Third_Party/FreeRTOS/Source/portable/MemMang/heap_4.o
                0x0000000008008a80                vPortFree
 .text.prvHeapInit
                0x0000000008008b44       0xc4 ./Middlewares/Third_Party/FreeRTOS/Source/portable/MemMang/heap_4.o
 .text.prvInsertBlockIntoFreeList
                0x0000000008008c08       0xb4 ./Middlewares/Third_Party/FreeRTOS/Source/portable/MemMang/heap_4.o
 .text.__libc_init_array
                0x0000000008008cbc       0x48 c:/st/stm32cubeide_1.8.0/stm32cubeide/plugins/com.st.stm32cube.ide.mcu.externaltools.gnu-tools-for-stm32.9-2020-q2-update.win32_2.0.0.202105311346/tools/bin/../lib/gcc/arm-none-eabi/9.3.1/../../../../arm-none-eabi/lib/thumb/v7e-m+fp/hard\libc_nano.a(lib_a-init.o)
                0x0000000008008cbc                __libc_init_array
 .text.memcpy   0x0000000008008d04       0x1c c:/st/stm32cubeide_1.8.0/stm32cubeide/plugins/com.st.stm32cube.ide.mcu.externaltools.gnu-tools-for-stm32.9-2020-q2-update.win32_2.0.0.202105311346/tools/bin/../lib/gcc/arm-none-eabi/9.3.1/../../../../arm-none-eabi/lib/thumb/v7e-m+fp/hard\libc_nano.a(lib_a-memcpy-stub.o)
                0x0000000008008d04                memcpy
 .text.memset   0x0000000008008d20       0x10 c:/st/stm32cubeide_1.8.0/stm32cubeide/plugins/com.st.stm32cube.ide.mcu.externaltools.gnu-tools-for-stm32.9-2020-q2-update.win32_2.0.0.202105311346/tools/bin/../lib/gcc/arm-none-eabi/9.3.1/../../../../arm-none-eabi/lib/thumb/v7e-m+fp/hard\libc_nano.a(lib_a-memset.o)
                0x0000000008008d20                memset
 *(.glue_7)
 .glue_7        0x0000000008008d30        0x0 linker stubs
 *(.glue_7t)
 .glue_7t       0x0000000008008d30        0x0 linker stubs
 *(.eh_frame)
 .eh_frame      0x0000000008008d30        0x0 c:/st/stm32cubeide_1.8.0/stm32cubeide/plugins/com.st.stm32cube.ide.mcu.externaltools.gnu-tools-for-stm32.9-2020-q2-update.win32_2.0.0.202105311346/tools/bin/../lib/gcc/arm-none-eabi/9.3.1/thumb/v7e-m+fp/hard/crtbegin.o
 *(.init)
 .init          0x0000000008008d30        0x4 c:/st/stm32cubeide_1.8.0/stm32cubeide/plugins/com.st.stm32cube.ide.mcu.externaltools.gnu-tools-for-stm32.9-2020-q2-update.win32_2.0.0.202105311346/tools/bin/../lib/gcc/arm-none-eabi/9.3.1/thumb/v7e-m+fp/hard/crti.o
                0x0000000008008d30                _init
 .init          0x0000000008008d34        0x8 c:/st/stm32cubeide_1.8.0/stm32cubeide/plugins/com.st.stm32cube.ide.mcu.externaltools.gnu-tools-for-stm32.9-2020-q2-update.win32_2.0.0.202105311346/tools/bin/../lib/gcc/arm-none-eabi/9.3.1/thumb/v7e-m+fp/hard/crtn.o
 *(.fini)
 .fini          0x0000000008008d3c        0x4 c:/st/stm32cubeide_1.8.0/stm32cubeide/plugins/com.st.stm32cube.ide.mcu.externaltools.gnu-tools-for-stm32.9-2020-q2-update.win32_2.0.0.202105311346/tools/bin/../lib/gcc/arm-none-eabi/9.3.1/thumb/v7e-m+fp/hard/crti.o
                0x0000000008008d3c                _fini
 .fini          0x0000000008008d40        0x8 c:/st/stm32cubeide_1.8.0/stm32cubeide/plugins/com.st.stm32cube.ide.mcu.externaltools.gnu-tools-for-stm32.9-2020-q2-update.win32_2.0.0.202105311346/tools/bin/../lib/gcc/arm-none-eabi/9.3.1/thumb/v7e-m+fp/hard/crtn.o
                0x0000000008008d48                . = ALIGN (0x4)
                0x0000000008008d48                _etext = .

.vfp11_veneer   0x0000000008008d48        0x0
 .vfp11_veneer  0x0000000008008d48        0x0 linker stubs

.v4_bx          0x0000000008008d48        0x0
 .v4_bx         0x0000000008008d48        0x0 linker stubs

.iplt           0x0000000008008d48        0x0
 .iplt          0x0000000008008d48        0x0 c:/st/stm32cubeide_1.8.0/stm32cubeide/plugins/com.st.stm32cube.ide.mcu.externaltools.gnu-tools-for-stm32.9-2020-q2-update.win32_2.0.0.202105311346/tools/bin/../lib/gcc/arm-none-eabi/9.3.1/thumb/v7e-m+fp/hard/crtbegin.o

.rodata         0x0000000008008d48      0x118
                0x0000000008008d48                . = ALIGN (0x4)
 *(.rodata)
 .rodata        0x0000000008008d48       0x53 ./Core/Src/main.o
 *fill*         0x0000000008008d9b        0x1 
 .rodata        0x0000000008008d9c        0x5 ./Middlewares/Third_Party/FreeRTOS/Source/tasks.o
 *fill*         0x0000000008008da1        0x3 
 .rodata        0x0000000008008da4        0xd ./Middlewares/Third_Party/FreeRTOS/Source/timers.o
 *(.rodata*)
 *fill*         0x0000000008008db1        0x3 
 .rodata.SerialCommTask_attributes
                0x0000000008008db4       0x24 ./Core/Src/main.o
                0x0000000008008db4                SerialCommTask_attributes
 .rodata.LedAnimation1_attributes
                0x0000000008008dd8       0x24 ./Core/Src/main.o
                0x0000000008008dd8                LedAnimation1_attributes
 .rodata.LedAnimation2_attributes
                0x0000000008008dfc       0x24 ./Core/Src/main.o
                0x0000000008008dfc                LedAnimation2_attributes
 .rodata.LedArrayMutex_attributes
                0x0000000008008e20       0x10 ./Core/Src/main.o
                0x0000000008008e20                LedArrayMutex_attributes
 .rodata.LedAnimationEvents_attributes
                0x0000000008008e30       0x10 ./Core/Src/main.o
                0x0000000008008e30                LedAnimationEvents_attributes
 .rodata.AHBPrescTable
                0x0000000008008e40       0x10 ./Core/Src/system_stm32f4xx.o
                0x0000000008008e40                AHBPrescTable
 .rodata.APBPrescTable
                0x0000000008008e50        0x8 ./Core/Src/system_stm32f4xx.o
                0x0000000008008e50                APBPrescTable
 .rodata.flagBitshiftOffset.8601
                0x0000000008008e58        0x8 ./Drivers/STM32F4xx_HAL_Driver/Src/stm32f4xx_hal_dma.o
                0x0000000008008e60                . = ALIGN (0x4)

.ARM.extab      0x0000000008008e60        0x0
                0x0000000008008e60                . = ALIGN (0x4)
 *(.ARM.extab* .gnu.linkonce.armextab.*)
                0x0000000008008e60                . = ALIGN (0x4)

.ARM            0x0000000008008e60        0x8
                0x0000000008008e60                . = ALIGN (0x4)
                0x0000000008008e60                __exidx_start = .
 *(.ARM.exidx*)
 .ARM.exidx     0x0000000008008e60        0x8 c:/st/stm32cubeide_1.8.0/stm32cubeide/plugins/com.st.stm32cube.ide.mcu.externaltools.gnu-tools-for-stm32.9-2020-q2-update.win32_2.0.0.202105311346/tools/bin/../lib/gcc/arm-none-eabi/9.3.1/thumb/v7e-m+fp/hard\libgcc.a(_udivmoddi4.o)
                0x0000000008008e68                __exidx_end = .
                0x0000000008008e68                . = ALIGN (0x4)

.rel.dyn        0x0000000008008e68        0x0
 .rel.iplt      0x0000000008008e68        0x0 c:/st/stm32cubeide_1.8.0/stm32cubeide/plugins/com.st.stm32cube.ide.mcu.externaltools.gnu-tools-for-stm32.9-2020-q2-update.win32_2.0.0.202105311346/tools/bin/../lib/gcc/arm-none-eabi/9.3.1/thumb/v7e-m+fp/hard/crtbegin.o

.preinit_array  0x0000000008008e68        0x0
                0x0000000008008e68                . = ALIGN (0x4)
                0x0000000008008e68                PROVIDE (__preinit_array_start = .)
 *(.preinit_array*)
                0x0000000008008e68                PROVIDE (__preinit_array_end = .)
                0x0000000008008e68                . = ALIGN (0x4)

.init_array     0x0000000008008e68        0x4
                0x0000000008008e68                . = ALIGN (0x4)
                0x0000000008008e68                PROVIDE (__init_array_start = .)
 *(SORT_BY_NAME(.init_array.*))
 *(.init_array*)
 .init_array    0x0000000008008e68        0x4 c:/st/stm32cubeide_1.8.0/stm32cubeide/plugins/com.st.stm32cube.ide.mcu.externaltools.gnu-tools-for-stm32.9-2020-q2-update.win32_2.0.0.202105311346/tools/bin/../lib/gcc/arm-none-eabi/9.3.1/thumb/v7e-m+fp/hard/crtbegin.o
                0x0000000008008e6c                PROVIDE (__init_array_end = .)
                0x0000000008008e6c                . = ALIGN (0x4)

.fini_array     0x0000000008008e6c        0x4
                0x0000000008008e6c                . = ALIGN (0x4)
                [!provide]                        PROVIDE (__fini_array_start = .)
 *(SORT_BY_NAME(.fini_array.*))
 *(.fini_array*)
 .fini_array    0x0000000008008e6c        0x4 c:/st/stm32cubeide_1.8.0/stm32cubeide/plugins/com.st.stm32cube.ide.mcu.externaltools.gnu-tools-for-stm32.9-2020-q2-update.win32_2.0.0.202105311346/tools/bin/../lib/gcc/arm-none-eabi/9.3.1/thumb/v7e-m+fp/hard/crtbegin.o
                [!provide]                        PROVIDE (__fini_array_end = .)
                0x0000000008008e70                . = ALIGN (0x4)
                0x0000000008008e70                _sidata = LOADADDR (.data)

.data           0x0000000020000000       0x14 load address 0x0000000008008e70
                0x0000000020000000                . = ALIGN (0x4)
                0x0000000020000000                _sdata = .
 *(.data)
 *(.data*)
 .data.animation_period_factor
                0x0000000020000000        0x1 ./Core/Src/main.o
                0x0000000020000000                animation_period_factor
 *fill*         0x0000000020000001        0x3 
 .data.SystemCoreClock
                0x0000000020000004        0x4 ./Core/Src/system_stm32f4xx.o
                0x0000000020000004                SystemCoreClock
 .data.uwTickPrio
                0x0000000020000008        0x4 ./Drivers/STM32F4xx_HAL_Driver/Src/stm32f4xx_hal.o
                0x0000000020000008                uwTickPrio
 .data.uwTickFreq
                0x000000002000000c        0x1 ./Drivers/STM32F4xx_HAL_Driver/Src/stm32f4xx_hal.o
                0x000000002000000c                uwTickFreq
 *fill*         0x000000002000000d        0x3 
 .data.uxCriticalNesting
                0x0000000020000010        0x4 ./Middlewares/Third_Party/FreeRTOS/Source/portable/GCC/ARM_CM4F/port.o
 *(.RamFunc)
 *(.RamFunc*)
                0x0000000020000014                . = ALIGN (0x4)
                0x0000000020000014                _edata = .

.igot.plt       0x0000000020000014        0x0 load address 0x0000000008008e84
 .igot.plt      0x0000000020000014        0x0 c:/st/stm32cubeide_1.8.0/stm32cubeide/plugins/com.st.stm32cube.ide.mcu.externaltools.gnu-tools-for-stm32.9-2020-q2-update.win32_2.0.0.202105311346/tools/bin/../lib/gcc/arm-none-eabi/9.3.1/thumb/v7e-m+fp/hard/crtbegin.o
                0x0000000020000014                . = ALIGN (0x4)

.bss            0x0000000020000014     0x54dc load address 0x0000000008008e84
                0x0000000020000014                _sbss = .
                0x0000000020000014                __bss_start__ = _sbss
 *(.bss)
 .bss           0x0000000020000014       0x1c c:/st/stm32cubeide_1.8.0/stm32cubeide/plugins/com.st.stm32cube.ide.mcu.externaltools.gnu-tools-for-stm32.9-2020-q2-update.win32_2.0.0.202105311346/tools/bin/../lib/gcc/arm-none-eabi/9.3.1/thumb/v7e-m+fp/hard/crtbegin.o
 *(.bss*)
 .bss.command_pointers
                0x0000000020000030      0x300 ./Bibliotecas/UART/Slave/server.o
 .bss.UART_timeout
                0x0000000020000330        0x4 ./Bibliotecas/UART/Slave/server.o
 .bss.UART_handler
                0x0000000020000334        0x4 ./Bibliotecas/UART/Slave/server.o
 .bss.current_state
                0x0000000020000338        0x1 ./Bibliotecas/UART/Slave/server.o
 *fill*         0x0000000020000339        0x3 
 .bss.UART_EventFlagsHandle
                0x000000002000033c        0x4 ./Bibliotecas/UART/Slave/server.o
 .bss.tx_frame.9353
                0x0000000020000340        0x8 ./Bibliotecas/UART/Slave/server.o
 .bss.rx_frame.9354
                0x0000000020000348        0x7 ./Bibliotecas/UART/Slave/server.o
 *fill*         0x000000002000034f        0x1 
 .bss.KernelState
                0x0000000020000350        0x4 ./Middlewares/Third_Party/FreeRTOS/Source/CMSIS_RTOS_V2/cmsis_os2.o
 .bss.Idle_TCB.10399
                0x0000000020000354       0x5c ./Middlewares/Third_Party/FreeRTOS/Source/CMSIS_RTOS_V2/cmsis_os2.o
 .bss.Idle_Stack.10400
                0x00000000200003b0      0x400 ./Middlewares/Third_Party/FreeRTOS/Source/CMSIS_RTOS_V2/cmsis_os2.o
 .bss.Timer_TCB.10406
                0x00000000200007b0       0x5c ./Middlewares/Third_Party/FreeRTOS/Source/CMSIS_RTOS_V2/cmsis_os2.o
 .bss.Timer_Stack.10407
                0x000000002000080c      0x800 ./Middlewares/Third_Party/FreeRTOS/Source/CMSIS_RTOS_V2/cmsis_os2.o
 .bss.pxCurrentTCB
                0x000000002000100c        0x4 ./Middlewares/Third_Party/FreeRTOS/Source/tasks.o
                0x000000002000100c                pxCurrentTCB
 .bss.pxReadyTasksLists
                0x0000000020001010      0x460 ./Middlewares/Third_Party/FreeRTOS/Source/tasks.o
 .bss.xDelayedTaskList1
                0x0000000020001470       0x14 ./Middlewares/Third_Party/FreeRTOS/Source/tasks.o
 .bss.xDelayedTaskList2
                0x0000000020001484       0x14 ./Middlewares/Third_Party/FreeRTOS/Source/tasks.o
 .bss.pxDelayedTaskList
                0x0000000020001498        0x4 ./Middlewares/Third_Party/FreeRTOS/Source/tasks.o
 .bss.pxOverflowDelayedTaskList
                0x000000002000149c        0x4 ./Middlewares/Third_Party/FreeRTOS/Source/tasks.o
 .bss.xPendingReadyList
                0x00000000200014a0       0x14 ./Middlewares/Third_Party/FreeRTOS/Source/tasks.o
 .bss.xTasksWaitingTermination
                0x00000000200014b4       0x14 ./Middlewares/Third_Party/FreeRTOS/Source/tasks.o
 .bss.uxDeletedTasksWaitingCleanUp
                0x00000000200014c8        0x4 ./Middlewares/Third_Party/FreeRTOS/Source/tasks.o
 .bss.xSuspendedTaskList
                0x00000000200014cc       0x14 ./Middlewares/Third_Party/FreeRTOS/Source/tasks.o
 .bss.uxCurrentNumberOfTasks
                0x00000000200014e0        0x4 ./Middlewares/Third_Party/FreeRTOS/Source/tasks.o
 .bss.xTickCount
                0x00000000200014e4        0x4 ./Middlewares/Third_Party/FreeRTOS/Source/tasks.o
 .bss.uxTopReadyPriority
                0x00000000200014e8        0x4 ./Middlewares/Third_Party/FreeRTOS/Source/tasks.o
 .bss.xSchedulerRunning
                0x00000000200014ec        0x4 ./Middlewares/Third_Party/FreeRTOS/Source/tasks.o
 .bss.xPendedTicks
                0x00000000200014f0        0x4 ./Middlewares/Third_Party/FreeRTOS/Source/tasks.o
 .bss.xYieldPending
                0x00000000200014f4        0x4 ./Middlewares/Third_Party/FreeRTOS/Source/tasks.o
 .bss.xNumOfOverflows
                0x00000000200014f8        0x4 ./Middlewares/Third_Party/FreeRTOS/Source/tasks.o
 .bss.uxTaskNumber
                0x00000000200014fc        0x4 ./Middlewares/Third_Party/FreeRTOS/Source/tasks.o
 .bss.xNextTaskUnblockTime
                0x0000000020001500        0x4 ./Middlewares/Third_Party/FreeRTOS/Source/tasks.o
 .bss.xIdleTaskHandle
                0x0000000020001504        0x4 ./Middlewares/Third_Party/FreeRTOS/Source/tasks.o
 .bss.uxSchedulerSuspended
                0x0000000020001508        0x4 ./Middlewares/Third_Party/FreeRTOS/Source/tasks.o
 .bss.xActiveTimerList1
                0x000000002000150c       0x14 ./Middlewares/Third_Party/FreeRTOS/Source/timers.o
 .bss.xActiveTimerList2
                0x0000000020001520       0x14 ./Middlewares/Third_Party/FreeRTOS/Source/timers.o
 .bss.pxCurrentTimerList
                0x0000000020001534        0x4 ./Middlewares/Third_Party/FreeRTOS/Source/timers.o
 .bss.pxOverflowTimerList
                0x0000000020001538        0x4 ./Middlewares/Third_Party/FreeRTOS/Source/timers.o
 .bss.xTimerQueue
                0x000000002000153c        0x4 ./Middlewares/Third_Party/FreeRTOS/Source/timers.o
 .bss.xTimerTaskHandle
                0x0000000020001540        0x4 ./Middlewares/Third_Party/FreeRTOS/Source/timers.o
 .bss.xLastTime.6925
                0x0000000020001544        0x4 ./Middlewares/Third_Party/FreeRTOS/Source/timers.o
 .bss.ucStaticTimerQueueStorage.6976
                0x0000000020001548       0xa0 ./Middlewares/Third_Party/FreeRTOS/Source/timers.o
 .bss.xStaticTimerQueue.6975
                0x00000000200015e8       0x50 ./Middlewares/Third_Party/FreeRTOS/Source/timers.o
 .bss.ucMaxSysCallPriority
                0x0000000020001638        0x1 ./Middlewares/Third_Party/FreeRTOS/Source/portable/GCC/ARM_CM4F/port.o
 *fill*         0x0000000020001639        0x3 
 .bss.ulMaxPRIGROUPValue
                0x000000002000163c        0x4 ./Middlewares/Third_Party/FreeRTOS/Source/portable/GCC/ARM_CM4F/port.o
 .bss.ucHeap    0x0000000020001640     0x3c00 ./Middlewares/Third_Party/FreeRTOS/Source/portable/MemMang/heap_4.o
 .bss.xStart    0x0000000020005240        0x8 ./Middlewares/Third_Party/FreeRTOS/Source/portable/MemMang/heap_4.o
 .bss.pxEnd     0x0000000020005248        0x4 ./Middlewares/Third_Party/FreeRTOS/Source/portable/MemMang/heap_4.o
 .bss.xFreeBytesRemaining
                0x000000002000524c        0x4 ./Middlewares/Third_Party/FreeRTOS/Source/portable/MemMang/heap_4.o
 .bss.xMinimumEverFreeBytesRemaining
                0x0000000020005250        0x4 ./Middlewares/Third_Party/FreeRTOS/Source/portable/MemMang/heap_4.o
 .bss.xNumberOfSuccessfulAllocations
                0x0000000020005254        0x4 ./Middlewares/Third_Party/FreeRTOS/Source/portable/MemMang/heap_4.o
 .bss.xNumberOfSuccessfulFrees
                0x0000000020005258        0x4 ./Middlewares/Third_Party/FreeRTOS/Source/portable/MemMang/heap_4.o
 .bss.xBlockAllocatedBit
                0x000000002000525c        0x4 ./Middlewares/Third_Party/FreeRTOS/Source/portable/MemMang/heap_4.o
 *(COMMON)
 COMMON         0x0000000020005260      0x204 ./Core/Src/main.o
                0x0000000020005260                SerialCommTaskHandle
                0x0000000020005264                htim3
                0x00000000200052ac                LedAnimation1Handle
                0x00000000200052b0                hadc1
                0x00000000200052f8                LedAnimation2Handle
                0x00000000200052fc                hdma_adc1
                0x000000002000535c                current_sample_index
                0x0000000020005360                analog_buffer
                0x0000000020005410                LedArrayMutexHandle
                0x0000000020005414                ADC_DMA_buffer
                0x000000002000541c                LedAnimationEventsHandle
                0x0000000020005420                huart2
 COMMON         0x0000000020005464       0x48 ./Core/Src/stm32f4xx_hal_timebase_tim.o
                0x0000000020005464                htim1
 COMMON         0x00000000200054ac        0x4 ./Drivers/STM32F4xx_HAL_Driver/Src/stm32f4xx_hal.o
                0x00000000200054ac                uwTick
 COMMON         0x00000000200054b0       0x40 ./Middlewares/Third_Party/FreeRTOS/Source/queue.o
                0x00000000200054b0                xQueueRegistry
                0x00000000200054f0                . = ALIGN (0x4)
                0x00000000200054f0                _ebss = .
                0x00000000200054f0                __bss_end__ = _ebss

._user_heap_stack
                0x00000000200054f0      0x600 load address 0x0000000008008e84
                0x00000000200054f0                . = ALIGN (0x8)
                [!provide]                        PROVIDE (end = .)
                0x00000000200054f0                PROVIDE (_end = .)
                0x00000000200056f0                . = (. + _Min_Heap_Size)
 *fill*         0x00000000200054f0      0x200 
                0x0000000020005af0                . = (. + _Min_Stack_Size)
 *fill*         0x00000000200056f0      0x400 
                0x0000000020005af0                . = ALIGN (0x8)

/DISCARD/
 libc.a(*)
 libm.a(*)
 libgcc.a(*)

.ARM.attributes
                0x0000000000000000       0x30
 *(.ARM.attributes)
 .ARM.attributes
                0x0000000000000000       0x1e c:/st/stm32cubeide_1.8.0/stm32cubeide/plugins/com.st.stm32cube.ide.mcu.externaltools.gnu-tools-for-stm32.9-2020-q2-update.win32_2.0.0.202105311346/tools/bin/../lib/gcc/arm-none-eabi/9.3.1/thumb/v7e-m+fp/hard/crti.o
 .ARM.attributes
                0x000000000000001e       0x34 c:/st/stm32cubeide_1.8.0/stm32cubeide/plugins/com.st.stm32cube.ide.mcu.externaltools.gnu-tools-for-stm32.9-2020-q2-update.win32_2.0.0.202105311346/tools/bin/../lib/gcc/arm-none-eabi/9.3.1/thumb/v7e-m+fp/hard/crtbegin.o
 .ARM.attributes
                0x0000000000000052       0x34 ./Bibliotecas/UART/Slave/server.o
 .ARM.attributes
                0x0000000000000086       0x34 ./Core/Src/main.o
 .ARM.attributes
                0x00000000000000ba       0x34 ./Core/Src/stm32f4xx_hal_msp.o
 .ARM.attributes
                0x00000000000000ee       0x34 ./Core/Src/stm32f4xx_hal_timebase_tim.o
 .ARM.attributes
                0x0000000000000122       0x34 ./Core/Src/stm32f4xx_it.o
 .ARM.attributes
                0x0000000000000156       0x34 ./Core/Src/system_stm32f4xx.o
 .ARM.attributes
                0x000000000000018a       0x21 ./Core/Startup/startup_stm32f411retx.o
 .ARM.attributes
                0x00000000000001ab       0x34 ./Drivers/STM32F4xx_HAL_Driver/Src/stm32f4xx_hal.o
 .ARM.attributes
                0x00000000000001df       0x34 ./Drivers/STM32F4xx_HAL_Driver/Src/stm32f4xx_hal_adc.o
 .ARM.attributes
                0x0000000000000213       0x34 ./Drivers/STM32F4xx_HAL_Driver/Src/stm32f4xx_hal_cortex.o
 .ARM.attributes
                0x0000000000000247       0x34 ./Drivers/STM32F4xx_HAL_Driver/Src/stm32f4xx_hal_dma.o
 .ARM.attributes
                0x000000000000027b       0x34 ./Drivers/STM32F4xx_HAL_Driver/Src/stm32f4xx_hal_gpio.o
 .ARM.attributes
                0x00000000000002af       0x34 ./Drivers/STM32F4xx_HAL_Driver/Src/stm32f4xx_hal_rcc.o
 .ARM.attributes
                0x00000000000002e3       0x34 ./Drivers/STM32F4xx_HAL_Driver/Src/stm32f4xx_hal_tim.o
 .ARM.attributes
                0x0000000000000317       0x34 ./Drivers/STM32F4xx_HAL_Driver/Src/stm32f4xx_hal_tim_ex.o
 .ARM.attributes
                0x000000000000034b       0x34 ./Drivers/STM32F4xx_HAL_Driver/Src/stm32f4xx_hal_uart.o
 .ARM.attributes
                0x000000000000037f       0x34 ./Middlewares/Third_Party/FreeRTOS/Source/CMSIS_RTOS_V2/cmsis_os2.o
 .ARM.attributes
                0x00000000000003b3       0x34 ./Middlewares/Third_Party/FreeRTOS/Source/event_groups.o
 .ARM.attributes
                0x00000000000003e7       0x34 ./Middlewares/Third_Party/FreeRTOS/Source/list.o
 .ARM.attributes
                0x000000000000041b       0x34 ./Middlewares/Third_Party/FreeRTOS/Source/queue.o
 .ARM.attributes
                0x000000000000044f       0x34 ./Middlewares/Third_Party/FreeRTOS/Source/tasks.o
 .ARM.attributes
                0x0000000000000483       0x34 ./Middlewares/Third_Party/FreeRTOS/Source/timers.o
 .ARM.attributes
                0x00000000000004b7       0x34 ./Middlewares/Third_Party/FreeRTOS/Source/portable/GCC/ARM_CM4F/port.o
 .ARM.attributes
                0x00000000000004eb       0x34 ./Middlewares/Third_Party/FreeRTOS/Source/portable/MemMang/heap_4.o
 .ARM.attributes
                0x000000000000051f       0x34 c:/st/stm32cubeide_1.8.0/stm32cubeide/plugins/com.st.stm32cube.ide.mcu.externaltools.gnu-tools-for-stm32.9-2020-q2-update.win32_2.0.0.202105311346/tools/bin/../lib/gcc/arm-none-eabi/9.3.1/../../../../arm-none-eabi/lib/thumb/v7e-m+fp/hard\libc_nano.a(lib_a-init.o)
 .ARM.attributes
                0x0000000000000553       0x34 c:/st/stm32cubeide_1.8.0/stm32cubeide/plugins/com.st.stm32cube.ide.mcu.externaltools.gnu-tools-for-stm32.9-2020-q2-update.win32_2.0.0.202105311346/tools/bin/../lib/gcc/arm-none-eabi/9.3.1/../../../../arm-none-eabi/lib/thumb/v7e-m+fp/hard\libc_nano.a(lib_a-memcpy-stub.o)
 .ARM.attributes
                0x0000000000000587       0x34 c:/st/stm32cubeide_1.8.0/stm32cubeide/plugins/com.st.stm32cube.ide.mcu.externaltools.gnu-tools-for-stm32.9-2020-q2-update.win32_2.0.0.202105311346/tools/bin/../lib/gcc/arm-none-eabi/9.3.1/../../../../arm-none-eabi/lib/thumb/v7e-m+fp/hard\libc_nano.a(lib_a-memset.o)
 .ARM.attributes
                0x00000000000005bb       0x1e c:/st/stm32cubeide_1.8.0/stm32cubeide/plugins/com.st.stm32cube.ide.mcu.externaltools.gnu-tools-for-stm32.9-2020-q2-update.win32_2.0.0.202105311346/tools/bin/../lib/gcc/arm-none-eabi/9.3.1/thumb/v7e-m+fp/hard\libgcc.a(_aeabi_uldivmod.o)
 .ARM.attributes
                0x00000000000005d9       0x34 c:/st/stm32cubeide_1.8.0/stm32cubeide/plugins/com.st.stm32cube.ide.mcu.externaltools.gnu-tools-for-stm32.9-2020-q2-update.win32_2.0.0.202105311346/tools/bin/../lib/gcc/arm-none-eabi/9.3.1/thumb/v7e-m+fp/hard\libgcc.a(_udivmoddi4.o)
 .ARM.attributes
                0x000000000000060d       0x1e c:/st/stm32cubeide_1.8.0/stm32cubeide/plugins/com.st.stm32cube.ide.mcu.externaltools.gnu-tools-for-stm32.9-2020-q2-update.win32_2.0.0.202105311346/tools/bin/../lib/gcc/arm-none-eabi/9.3.1/thumb/v7e-m+fp/hard\libgcc.a(_dvmd_tls.o)
 .ARM.attributes
                0x000000000000062b       0x1e c:/st/stm32cubeide_1.8.0/stm32cubeide/plugins/com.st.stm32cube.ide.mcu.externaltools.gnu-tools-for-stm32.9-2020-q2-update.win32_2.0.0.202105311346/tools/bin/../lib/gcc/arm-none-eabi/9.3.1/thumb/v7e-m+fp/hard/crtn.o
OUTPUT(ProyectoBase.elf elf32-littlearm)
LOAD linker stubs
LOAD c:/st/stm32cubeide_1.8.0/stm32cubeide/plugins/com.st.stm32cube.ide.mcu.externaltools.gnu-tools-for-stm32.9-2020-q2-update.win32_2.0.0.202105311346/tools/bin/../lib/gcc/arm-none-eabi/9.3.1/../../../../arm-none-eabi/lib/thumb/v7e-m+fp/hard\libc.a
LOAD c:/st/stm32cubeide_1.8.0/stm32cubeide/plugins/com.st.stm32cube.ide.mcu.externaltools.gnu-tools-for-stm32.9-2020-q2-update.win32_2.0.0.202105311346/tools/bin/../lib/gcc/arm-none-eabi/9.3.1/../../../../arm-none-eabi/lib/thumb/v7e-m+fp/hard\libm.a
LOAD c:/st/stm32cubeide_1.8.0/stm32cubeide/plugins/com.st.stm32cube.ide.mcu.externaltools.gnu-tools-for-stm32.9-2020-q2-update.win32_2.0.0.202105311346/tools/bin/../lib/gcc/arm-none-eabi/9.3.1/thumb/v7e-m+fp/hard\libgcc.a

.debug_info     0x0000000000000000    0x1ece8
 .debug_info    0x0000000000000000      0xa46 ./Bibliotecas/UART/Slave/server.o
 .debug_info    0x0000000000000a46     0x2547 ./Core/Src/main.o
 .debug_info    0x0000000000002f8d     0x1296 ./Core/Src/stm32f4xx_hal_msp.o
 .debug_info    0x0000000000004223      0xc00 ./Core/Src/stm32f4xx_hal_timebase_tim.o
 .debug_info    0x0000000000004e23      0xa73 ./Core/Src/stm32f4xx_it.o
 .debug_info    0x0000000000005896      0x5d0 ./Core/Src/system_stm32f4xx.o
 .debug_info    0x0000000000005e66       0x22 ./Core/Startup/startup_stm32f411retx.o
 .debug_info    0x0000000000005e88      0x944 ./Drivers/STM32F4xx_HAL_Driver/Src/stm32f4xx_hal.o
 .debug_info    0x00000000000067cc      0xdb4 ./Drivers/STM32F4xx_HAL_Driver/Src/stm32f4xx_hal_adc.o
 .debug_info    0x0000000000007580      0xe47 ./Drivers/STM32F4xx_HAL_Driver/Src/stm32f4xx_hal_cortex.o
 .debug_info    0x00000000000083c7      0x9e9 ./Drivers/STM32F4xx_HAL_Driver/Src/stm32f4xx_hal_dma.o
 .debug_info    0x0000000000008db0      0x862 ./Drivers/STM32F4xx_HAL_Driver/Src/stm32f4xx_hal_gpio.o
 .debug_info    0x0000000000009612      0x9be ./Drivers/STM32F4xx_HAL_Driver/Src/stm32f4xx_hal_rcc.o
 .debug_info    0x0000000000009fd0     0x2c1a ./Drivers/STM32F4xx_HAL_Driver/Src/stm32f4xx_hal_tim.o
 .debug_info    0x000000000000cbea     0x159a ./Drivers/STM32F4xx_HAL_Driver/Src/stm32f4xx_hal_tim_ex.o
 .debug_info    0x000000000000e184     0x31d6 ./Drivers/STM32F4xx_HAL_Driver/Src/stm32f4xx_hal_uart.o
 .debug_info    0x000000000001135a     0x3d18 ./Middlewares/Third_Party/FreeRTOS/Source/CMSIS_RTOS_V2/cmsis_os2.o
 .debug_info    0x0000000000015072     0x140e ./Middlewares/Third_Party/FreeRTOS/Source/event_groups.o
 .debug_info    0x0000000000016480      0xb82 ./Middlewares/Third_Party/FreeRTOS/Source/list.o
 .debug_info    0x0000000000017002     0x23b0 ./Middlewares/Third_Party/FreeRTOS/Source/queue.o
 .debug_info    0x00000000000193b2     0x2ac6 ./Middlewares/Third_Party/FreeRTOS/Source/tasks.o
 .debug_info    0x000000000001be78     0x1bf5 ./Middlewares/Third_Party/FreeRTOS/Source/timers.o
 .debug_info    0x000000000001da6d      0x4f1 ./Middlewares/Third_Party/FreeRTOS/Source/portable/GCC/ARM_CM4F/port.o
 .debug_info    0x000000000001df5e      0xd8a ./Middlewares/Third_Party/FreeRTOS/Source/portable/MemMang/heap_4.o

.debug_abbrev   0x0000000000000000     0x3b8b
 .debug_abbrev  0x0000000000000000      0x288 ./Bibliotecas/UART/Slave/server.o
 .debug_abbrev  0x0000000000000288      0x382 ./Core/Src/main.o
 .debug_abbrev  0x000000000000060a      0x211 ./Core/Src/stm32f4xx_hal_msp.o
 .debug_abbrev  0x000000000000081b      0x1d0 ./Core/Src/stm32f4xx_hal_timebase_tim.o
 .debug_abbrev  0x00000000000009eb      0x187 ./Core/Src/stm32f4xx_it.o
 .debug_abbrev  0x0000000000000b72      0x145 ./Core/Src/system_stm32f4xx.o
 .debug_abbrev  0x0000000000000cb7       0x12 ./Core/Startup/startup_stm32f411retx.o
 .debug_abbrev  0x0000000000000cc9      0x21e ./Drivers/STM32F4xx_HAL_Driver/Src/stm32f4xx_hal.o
 .debug_abbrev  0x0000000000000ee7      0x1ef ./Drivers/STM32F4xx_HAL_Driver/Src/stm32f4xx_hal_adc.o
 .debug_abbrev  0x00000000000010d6      0x33c ./Drivers/STM32F4xx_HAL_Driver/Src/stm32f4xx_hal_cortex.o
 .debug_abbrev  0x0000000000001412      0x219 ./Drivers/STM32F4xx_HAL_Driver/Src/stm32f4xx_hal_dma.o
 .debug_abbrev  0x000000000000162b      0x1f1 ./Drivers/STM32F4xx_HAL_Driver/Src/stm32f4xx_hal_gpio.o
 .debug_abbrev  0x000000000000181c      0x275 ./Drivers/STM32F4xx_HAL_Driver/Src/stm32f4xx_hal_rcc.o
 .debug_abbrev  0x0000000000001a91      0x26f ./Drivers/STM32F4xx_HAL_Driver/Src/stm32f4xx_hal_tim.o
 .debug_abbrev  0x0000000000001d00      0x277 ./Drivers/STM32F4xx_HAL_Driver/Src/stm32f4xx_hal_tim_ex.o
 .debug_abbrev  0x0000000000001f77      0x2fc ./Drivers/STM32F4xx_HAL_Driver/Src/stm32f4xx_hal_uart.o
 .debug_abbrev  0x0000000000002273      0x4bd ./Middlewares/Third_Party/FreeRTOS/Source/CMSIS_RTOS_V2/cmsis_os2.o
 .debug_abbrev  0x0000000000002730      0x32f ./Middlewares/Third_Party/FreeRTOS/Source/event_groups.o
 .debug_abbrev  0x0000000000002a5f      0x1f7 ./Middlewares/Third_Party/FreeRTOS/Source/list.o
 .debug_abbrev  0x0000000000002c56      0x380 ./Middlewares/Third_Party/FreeRTOS/Source/queue.o
 .debug_abbrev  0x0000000000002fd6      0x39a ./Middlewares/Third_Party/FreeRTOS/Source/tasks.o
 .debug_abbrev  0x0000000000003370      0x317 ./Middlewares/Third_Party/FreeRTOS/Source/timers.o
 .debug_abbrev  0x0000000000003687      0x231 ./Middlewares/Third_Party/FreeRTOS/Source/portable/GCC/ARM_CM4F/port.o
 .debug_abbrev  0x00000000000038b8      0x2d3 ./Middlewares/Third_Party/FreeRTOS/Source/portable/MemMang/heap_4.o

.debug_aranges  0x0000000000000000     0x1698
 .debug_aranges
                0x0000000000000000       0x60 ./Bibliotecas/UART/Slave/server.o
 .debug_aranges
                0x0000000000000060       0xb8 ./Core/Src/main.o
 .debug_aranges
                0x0000000000000118       0x50 ./Core/Src/stm32f4xx_hal_msp.o
 .debug_aranges
                0x0000000000000168       0x30 ./Core/Src/stm32f4xx_hal_timebase_tim.o
 .debug_aranges
                0x0000000000000198       0x70 ./Core/Src/stm32f4xx_it.o
 .debug_aranges
                0x0000000000000208       0x28 ./Core/Src/system_stm32f4xx.o
 .debug_aranges
                0x0000000000000230       0x28 ./Core/Startup/startup_stm32f411retx.o
 .debug_aranges
                0x0000000000000258       0xf0 ./Drivers/STM32F4xx_HAL_Driver/Src/stm32f4xx_hal.o
 .debug_aranges
                0x0000000000000348       0xe8 ./Drivers/STM32F4xx_HAL_Driver/Src/stm32f4xx_hal_adc.o
 .debug_aranges
                0x0000000000000430      0x118 ./Drivers/STM32F4xx_HAL_Driver/Src/stm32f4xx_hal_cortex.o
 .debug_aranges
                0x0000000000000548       0x90 ./Drivers/STM32F4xx_HAL_Driver/Src/stm32f4xx_hal_dma.o
 .debug_aranges
                0x00000000000005d8       0x58 ./Drivers/STM32F4xx_HAL_Driver/Src/stm32f4xx_hal_gpio.o
 .debug_aranges
                0x0000000000000630       0x88 ./Drivers/STM32F4xx_HAL_Driver/Src/stm32f4xx_hal_rcc.o
 .debug_aranges
                0x00000000000006b8      0x3d0 ./Drivers/STM32F4xx_HAL_Driver/Src/stm32f4xx_hal_tim.o
 .debug_aranges
                0x0000000000000a88      0x168 ./Drivers/STM32F4xx_HAL_Driver/Src/stm32f4xx_hal_tim_ex.o
 .debug_aranges
                0x0000000000000bf0      0x200 ./Drivers/STM32F4xx_HAL_Driver/Src/stm32f4xx_hal_uart.o
 .debug_aranges
                0x0000000000000df0      0x2b0 ./Middlewares/Third_Party/FreeRTOS/Source/CMSIS_RTOS_V2/cmsis_os2.o
 .debug_aranges
                0x00000000000010a0       0x90 ./Middlewares/Third_Party/FreeRTOS/Source/event_groups.o
 .debug_aranges
                0x0000000000001130       0x40 ./Middlewares/Third_Party/FreeRTOS/Source/list.o
 .debug_aranges
                0x0000000000001170      0x158 ./Middlewares/Third_Party/FreeRTOS/Source/queue.o
 .debug_aranges
                0x00000000000012c8      0x208 ./Middlewares/Third_Party/FreeRTOS/Source/tasks.o
 .debug_aranges
                0x00000000000014d0       0xf0 ./Middlewares/Third_Party/FreeRTOS/Source/timers.o
 .debug_aranges
                0x00000000000015c0       0x80 ./Middlewares/Third_Party/FreeRTOS/Source/portable/GCC/ARM_CM4F/port.o
 .debug_aranges
                0x0000000000001640       0x58 ./Middlewares/Third_Party/FreeRTOS/Source/portable/MemMang/heap_4.o

.debug_ranges   0x0000000000000000     0x1550
 .debug_ranges  0x0000000000000000       0x50 ./Bibliotecas/UART/Slave/server.o
 .debug_ranges  0x0000000000000050       0xa8 ./Core/Src/main.o
 .debug_ranges  0x00000000000000f8       0x40 ./Core/Src/stm32f4xx_hal_msp.o
 .debug_ranges  0x0000000000000138       0x20 ./Core/Src/stm32f4xx_hal_timebase_tim.o
 .debug_ranges  0x0000000000000158       0x60 ./Core/Src/stm32f4xx_it.o
 .debug_ranges  0x00000000000001b8       0x18 ./Core/Src/system_stm32f4xx.o
 .debug_ranges  0x00000000000001d0       0x20 ./Core/Startup/startup_stm32f411retx.o
 .debug_ranges  0x00000000000001f0       0xe0 ./Drivers/STM32F4xx_HAL_Driver/Src/stm32f4xx_hal.o
 .debug_ranges  0x00000000000002d0       0xd8 ./Drivers/STM32F4xx_HAL_Driver/Src/stm32f4xx_hal_adc.o
 .debug_ranges  0x00000000000003a8      0x108 ./Drivers/STM32F4xx_HAL_Driver/Src/stm32f4xx_hal_cortex.o
 .debug_ranges  0x00000000000004b0       0x80 ./Drivers/STM32F4xx_HAL_Driver/Src/stm32f4xx_hal_dma.o
 .debug_ranges  0x0000000000000530       0x48 ./Drivers/STM32F4xx_HAL_Driver/Src/stm32f4xx_hal_gpio.o
 .debug_ranges  0x0000000000000578       0x78 ./Drivers/STM32F4xx_HAL_Driver/Src/stm32f4xx_hal_rcc.o
 .debug_ranges  0x00000000000005f0      0x3c0 ./Drivers/STM32F4xx_HAL_Driver/Src/stm32f4xx_hal_tim.o
 .debug_ranges  0x00000000000009b0      0x158 ./Drivers/STM32F4xx_HAL_Driver/Src/stm32f4xx_hal_tim_ex.o
 .debug_ranges  0x0000000000000b08      0x220 ./Drivers/STM32F4xx_HAL_Driver/Src/stm32f4xx_hal_uart.o
 .debug_ranges  0x0000000000000d28      0x2a0 ./Middlewares/Third_Party/FreeRTOS/Source/CMSIS_RTOS_V2/cmsis_os2.o
 .debug_ranges  0x0000000000000fc8       0x80 ./Middlewares/Third_Party/FreeRTOS/Source/event_groups.o
 .debug_ranges  0x0000000000001048       0x30 ./Middlewares/Third_Party/FreeRTOS/Source/list.o
 .debug_ranges  0x0000000000001078      0x148 ./Middlewares/Third_Party/FreeRTOS/Source/queue.o
 .debug_ranges  0x00000000000011c0      0x1f8 ./Middlewares/Third_Party/FreeRTOS/Source/tasks.o
 .debug_ranges  0x00000000000013b8       0xe0 ./Middlewares/Third_Party/FreeRTOS/Source/timers.o
 .debug_ranges  0x0000000000001498       0x70 ./Middlewares/Third_Party/FreeRTOS/Source/portable/GCC/ARM_CM4F/port.o
 .debug_ranges  0x0000000000001508       0x48 ./Middlewares/Third_Party/FreeRTOS/Source/portable/MemMang/heap_4.o

.debug_macro    0x0000000000000000    0x18f4e
 .debug_macro   0x0000000000000000      0x2c8 ./Bibliotecas/UART/Slave/server.o
 .debug_macro   0x00000000000002c8      0x174 ./Bibliotecas/UART/Slave/server.o
 .debug_macro   0x000000000000043c      0x169 ./Bibliotecas/UART/Slave/server.o
 .debug_macro   0x00000000000005a5      0x15a ./Bibliotecas/UART/Slave/server.o
 .debug_macro   0x00000000000006ff       0xc9 ./Bibliotecas/UART/Slave/server.o
 .debug_macro   0x00000000000007c8       0x1c ./Bibliotecas/UART/Slave/server.o
 .debug_macro   0x00000000000007e4       0x26 ./Bibliotecas/UART/Slave/server.o
 .debug_macro   0x000000000000080a      0x4c5 ./Bibliotecas/UART/Slave/server.o
 .debug_macro   0x0000000000000ccf       0xb5 ./Bibliotecas/UART/Slave/server.o
 .debug_macro   0x0000000000000d84       0xaa ./Bibliotecas/UART/Slave/server.o
 .debug_macro   0x0000000000000e2e       0x66 ./Bibliotecas/UART/Slave/server.o
 .debug_macro   0x0000000000000e94       0x10 ./Bibliotecas/UART/Slave/server.o
 .debug_macro   0x0000000000000ea4       0x74 ./Bibliotecas/UART/Slave/server.o
 .debug_macro   0x0000000000000f18       0xdd ./Bibliotecas/UART/Slave/server.o
 .debug_macro   0x0000000000000ff5      0x2a1 ./Bibliotecas/UART/Slave/server.o
 .debug_macro   0x0000000000001296       0x2e ./Bibliotecas/UART/Slave/server.o
 .debug_macro   0x00000000000012c4       0x28 ./Bibliotecas/UART/Slave/server.o
 .debug_macro   0x00000000000012ec       0x1c ./Bibliotecas/UART/Slave/server.o
 .debug_macro   0x0000000000001308       0x22 ./Bibliotecas/UART/Slave/server.o
 .debug_macro   0x000000000000132a       0xd3 ./Bibliotecas/UART/Slave/server.o
 .debug_macro   0x00000000000013fd     0x102d ./Bibliotecas/UART/Slave/server.o
 .debug_macro   0x000000000000242a      0x11f ./Bibliotecas/UART/Slave/server.o
 .debug_macro   0x0000000000002549     0xb953 ./Bibliotecas/UART/Slave/server.o
 .debug_macro   0x000000000000de9c       0x6d ./Bibliotecas/UART/Slave/server.o
 .debug_macro   0x000000000000df09     0x3666 ./Bibliotecas/UART/Slave/server.o
 .debug_macro   0x000000000001156f       0x5c ./Bibliotecas/UART/Slave/server.o
 .debug_macro   0x00000000000115cb      0x447 ./Bibliotecas/UART/Slave/server.o
 .debug_macro   0x0000000000011a12      0x9fe ./Bibliotecas/UART/Slave/server.o
 .debug_macro   0x0000000000012410      0x116 ./Bibliotecas/UART/Slave/server.o
 .debug_macro   0x0000000000012526      0x11b ./Bibliotecas/UART/Slave/server.o
 .debug_macro   0x0000000000012641       0xa5 ./Bibliotecas/UART/Slave/server.o
 .debug_macro   0x00000000000126e6      0x15f ./Bibliotecas/UART/Slave/server.o
 .debug_macro   0x0000000000012845      0x287 ./Bibliotecas/UART/Slave/server.o
 .debug_macro   0x0000000000012acc       0x5f ./Bibliotecas/UART/Slave/server.o
 .debug_macro   0x0000000000012b2b      0x236 ./Bibliotecas/UART/Slave/server.o
 .debug_macro   0x0000000000012d61      0x9e1 ./Bibliotecas/UART/Slave/server.o
 .debug_macro   0x0000000000013742      0x38b ./Bibliotecas/UART/Slave/server.o
 .debug_macro   0x0000000000013acd      0x17d ./Bibliotecas/UART/Slave/server.o
 .debug_macro   0x0000000000013c4a       0xf9 ./Bibliotecas/UART/Slave/server.o
 .debug_macro   0x0000000000013d43      0x132 ./Bibliotecas/UART/Slave/server.o
 .debug_macro   0x0000000000013e75      0x264 ./Bibliotecas/UART/Slave/server.o
 .debug_macro   0x00000000000140d9       0x2e ./Bibliotecas/UART/Slave/server.o
 .debug_macro   0x0000000000014107      0x11a ./Bibliotecas/UART/Slave/server.o
 .debug_macro   0x0000000000014221       0x85 ./Bibliotecas/UART/Slave/server.o
 .debug_macro   0x00000000000142a6       0x89 ./Bibliotecas/UART/Slave/server.o
 .debug_macro   0x000000000001432f      0x8d1 ./Bibliotecas/UART/Slave/server.o
 .debug_macro   0x0000000000014c00       0x47 ./Bibliotecas/UART/Slave/server.o
 .debug_macro   0x0000000000014c47      0x295 ./Bibliotecas/UART/Slave/server.o
 .debug_macro   0x0000000000014edc      0x126 ./Bibliotecas/UART/Slave/server.o
 .debug_macro   0x0000000000015002       0x1c ./Bibliotecas/UART/Slave/server.o
 .debug_macro   0x000000000001501e      0x3b9 ./Core/Src/main.o
 .debug_macro   0x00000000000153d7      0x169 ./Core/Src/main.o
 .debug_macro   0x0000000000015540       0x3a ./Core/Src/main.o
 .debug_macro   0x000000000001557a       0x1c ./Core/Src/main.o
 .debug_macro   0x0000000000015596       0x52 ./Core/Src/main.o
 .debug_macro   0x00000000000155e8       0x18 ./Core/Src/main.o
 .debug_macro   0x0000000000015600       0x3c ./Core/Src/main.o
 .debug_macro   0x000000000001563c       0x34 ./Core/Src/main.o
 .debug_macro   0x0000000000015670       0x16 ./Core/Src/main.o
 .debug_macro   0x0000000000015686       0x43 ./Core/Src/main.o
 .debug_macro   0x00000000000156c9       0x34 ./Core/Src/main.o
 .debug_macro   0x00000000000156fd       0x10 ./Core/Src/main.o
 .debug_macro   0x000000000001570d       0x58 ./Core/Src/main.o
 .debug_macro   0x0000000000015765       0x71 ./Core/Src/main.o
 .debug_macro   0x00000000000157d6       0x1c ./Core/Src/main.o
 .debug_macro   0x00000000000157f2      0x12a ./Core/Src/main.o
 .debug_macro   0x000000000001591c      0x333 ./Core/Src/main.o
 .debug_macro   0x0000000000015c4f      0x1a9 ./Core/Src/main.o
 .debug_macro   0x0000000000015df8      0x205 ./Core/Src/stm32f4xx_hal_msp.o
 .debug_macro   0x0000000000015ffd      0x1f6 ./Core/Src/stm32f4xx_hal_timebase_tim.o
 .debug_macro   0x00000000000161f3      0x20f ./Core/Src/stm32f4xx_it.o
 .debug_macro   0x0000000000016402      0x1f6 ./Core/Src/system_stm32f4xx.o
 .debug_macro   0x00000000000165f8      0x256 ./Drivers/STM32F4xx_HAL_Driver/Src/stm32f4xx_hal.o
 .debug_macro   0x000000000001684e      0x1f7 ./Drivers/STM32F4xx_HAL_Driver/Src/stm32f4xx_hal_adc.o
 .debug_macro   0x0000000000016a45      0x1f6 ./Drivers/STM32F4xx_HAL_Driver/Src/stm32f4xx_hal_cortex.o
 .debug_macro   0x0000000000016c3b      0x1fc ./Drivers/STM32F4xx_HAL_Driver/Src/stm32f4xx_hal_dma.o
 .debug_macro   0x0000000000016e37      0x1fc ./Drivers/STM32F4xx_HAL_Driver/Src/stm32f4xx_hal_gpio.o
 .debug_macro   0x0000000000017033      0x21a ./Drivers/STM32F4xx_HAL_Driver/Src/stm32f4xx_hal_rcc.o
 .debug_macro   0x000000000001724d      0x1f7 ./Drivers/STM32F4xx_HAL_Driver/Src/stm32f4xx_hal_tim.o