Archive member included to satisfy reference by file (symbol)

c:/st/stm32cubeide_1.8.0/stm32cubeide/plugins/com.st.stm32cube.ide.mcu.externaltools.gnu-tools-for-stm32.9-2020-q2-update.win32_2.0.0.202105311346/tools/bin/../lib/gcc/arm-none-eabi/9.3.1/../../../../arm-none-eabi/lib/thumb/v7e-m+fp/hard\libc_nano.a(lib_a-errno.o)
                              ./Core/Src/syscalls.o (__errno)
c:/st/stm32cubeide_1.8.0/stm32cubeide/plugins/com.st.stm32cube.ide.mcu.externaltools.gnu-tools-for-stm32.9-2020-q2-update.win32_2.0.0.202105311346/tools/bin/../lib/gcc/arm-none-eabi/9.3.1/../../../../arm-none-eabi/lib/thumb/v7e-m+fp/hard\libc_nano.a(lib_a-exit.o)
                              c:/st/stm32cubeide_1.8.0/stm32cubeide/plugins/com.st.stm32cube.ide.mcu.externaltools.gnu-tools-for-stm32.9-2020-q2-update.win32_2.0.0.202105311346/tools/bin/../lib/gcc/arm-none-eabi/9.3.1/../../../../arm-none-eabi/lib/thumb/v7e-m+fp/hard/crt0.o (exit)
c:/st/stm32cubeide_1.8.0/stm32cubeide/plugins/com.st.stm32cube.ide.mcu.externaltools.gnu-tools-for-stm32.9-2020-q2-update.win32_2.0.0.202105311346/tools/bin/../lib/gcc/arm-none-eabi/9.3.1/../../../../arm-none-eabi/lib/thumb/v7e-m+fp/hard\libc_nano.a(lib_a-impure.o)
                              c:/st/stm32cubeide_1.8.0/stm32cubeide/plugins/com.st.stm32cube.ide.mcu.externaltools.gnu-tools-for-stm32.9-2020-q2-update.win32_2.0.0.202105311346/tools/bin/../lib/gcc/arm-none-eabi/9.3.1/../../../../arm-none-eabi/lib/thumb/v7e-m+fp/hard\libc_nano.a(lib_a-exit.o) (_global_impure_ptr)
c:/st/stm32cubeide_1.8.0/stm32cubeide/plugins/com.st.stm32cube.ide.mcu.externaltools.gnu-tools-for-stm32.9-2020-q2-update.win32_2.0.0.202105311346/tools/bin/../lib/gcc/arm-none-eabi/9.3.1/../../../../arm-none-eabi/lib/thumb/v7e-m+fp/hard\libc_nano.a(lib_a-init.o)
                              c:/st/stm32cubeide_1.8.0/stm32cubeide/plugins/com.st.stm32cube.ide.mcu.externaltools.gnu-tools-for-stm32.9-2020-q2-update.win32_2.0.0.202105311346/tools/bin/../lib/gcc/arm-none-eabi/9.3.1/../../../../arm-none-eabi/lib/thumb/v7e-m+fp/hard/crt0.o (__libc_init_array)
c:/st/stm32cubeide_1.8.0/stm32cubeide/plugins/com.st.stm32cube.ide.mcu.externaltools.gnu-tools-for-stm32.9-2020-q2-update.win32_2.0.0.202105311346/tools/bin/../lib/gcc/arm-none-eabi/9.3.1/../../../../arm-none-eabi/lib/thumb/v7e-m+fp/hard\libc_nano.a(lib_a-memcpy-stub.o)
                              ./Middlewares/Third_Party/FreeRTOS/Source/CMSIS_RTOS_V2/cmsis_os2.o (memcpy)
c:/st/stm32cubeide_1.8.0/stm32cubeide/plugins/com.st.stm32cube.ide.mcu.externaltools.gnu-tools-for-stm32.9-2020-q2-update.win32_2.0.0.202105311346/tools/bin/../lib/gcc/arm-none-eabi/9.3.1/../../../../arm-none-eabi/lib/thumb/v7e-m+fp/hard\libc_nano.a(lib_a-memset.o)
                              c:/st/stm32cubeide_1.8.0/stm32cubeide/plugins/com.st.stm32cube.ide.mcu.externaltools.gnu-tools-for-stm32.9-2020-q2-update.win32_2.0.0.202105311346/tools/bin/../lib/gcc/arm-none-eabi/9.3.1/../../../../arm-none-eabi/lib/thumb/v7e-m+fp/hard/crt0.o (memset)
c:/st/stm32cubeide_1.8.0/stm32cubeide/plugins/com.st.stm32cube.ide.mcu.externaltools.gnu-tools-for-stm32.9-2020-q2-update.win32_2.0.0.202105311346/tools/bin/../lib/gcc/arm-none-eabi/9.3.1/thumb/v7e-m+fp/hard\libgcc.a(_arm_muldf3.o)
                              ./Core/Src/main.o (__aeabi_dmul)
c:/st/stm32cubeide_1.8.0/stm32cubeide/plugins/com.st.stm32cube.ide.mcu.externaltools.gnu-tools-for-stm32.9-2020-q2-update.win32_2.0.0.202105311346/tools/bin/../lib/gcc/arm-none-eabi/9.3.1/thumb/v7e-m+fp/hard\libgcc.a(_arm_addsubdf3.o)
                              ./Core/Src/main.o (__aeabi_f2d)
c:/st/stm32cubeide_1.8.0/stm32cubeide/plugins/com.st.stm32cube.ide.mcu.externaltools.gnu-tools-for-stm32.9-2020-q2-update.win32_2.0.0.202105311346/tools/bin/../lib/gcc/arm-none-eabi/9.3.1/thumb/v7e-m+fp/hard\libgcc.a(_arm_truncdfsf2.o)
                              ./Core/Src/main.o (__aeabi_d2f)
c:/st/stm32cubeide_1.8.0/stm32cubeide/plugins/com.st.stm32cube.ide.mcu.externaltools.gnu-tools-for-stm32.9-2020-q2-update.win32_2.0.0.202105311346/tools/bin/../lib/gcc/arm-none-eabi/9.3.1/thumb/v7e-m+fp/hard\libgcc.a(_aeabi_uldivmod.o)
                              ./Drivers/STM32F4xx_HAL_Driver/Src/stm32f4xx_hal_rcc.o (__aeabi_uldivmod)
c:/st/stm32cubeide_1.8.0/stm32cubeide/plugins/com.st.stm32cube.ide.mcu.externaltools.gnu-tools-for-stm32.9-2020-q2-update.win32_2.0.0.202105311346/tools/bin/../lib/gcc/arm-none-eabi/9.3.1/thumb/v7e-m+fp/hard\libgcc.a(_udivmoddi4.o)
                              c:/st/stm32cubeide_1.8.0/stm32cubeide/plugins/com.st.stm32cube.ide.mcu.externaltools.gnu-tools-for-stm32.9-2020-q2-update.win32_2.0.0.202105311346/tools/bin/../lib/gcc/arm-none-eabi/9.3.1/thumb/v7e-m+fp/hard\libgcc.a(_aeabi_uldivmod.o) (__udivmoddi4)
c:/st/stm32cubeide_1.8.0/stm32cubeide/plugins/com.st.stm32cube.ide.mcu.externaltools.gnu-tools-for-stm32.9-2020-q2-update.win32_2.0.0.202105311346/tools/bin/../lib/gcc/arm-none-eabi/9.3.1/thumb/v7e-m+fp/hard\libgcc.a(_dvmd_tls.o)
[...]
Memory Configuration

Name             Origin             Length             Attributes
RAM              0x0000000020000000 0x0000000000020000 xrw
FLASH            0x0000000008000000 0x0000000000080000 xr
*default*        0x0000000000000000 0xffffffffffffffff

Linker script and memory map

LOAD c:/st/stm32cubeide_1.8.0/stm32cubeide/plugins/com.st.stm32cube.ide.mcu.externaltools.gnu-tools-for-stm32.9-2020-q2-update.win32_2.0.0.202105311346/tools/bin/../lib/gcc/arm-none-eabi/9.3.1/thumb/v7e-m+fp/hard/crti.o
LOAD c:/st/stm32cubeide_1.8.0/stm32cubeide/plugins/com.st.stm32cube.ide.mcu.externaltools.gnu-tools-for-stm32.9-2020-q2-update.win32_2.0.0.202105311346/tools/bin/../lib/gcc/arm-none-eabi/9.3.1/thumb/v7e-m+fp/hard/crtbegin.o
LOAD c:/st/stm32cubeide_1.8.0/stm32cubeide/plugins/com.st.stm32cube.ide.mcu.externaltools.gnu-tools-for-stm32.9-2020-q2-update.win32_2.0.0.202105311346/tools/bin/../lib/gcc/arm-none-eabi/9.3.1/../../../../arm-none-eabi/lib/thumb/v7e-m+fp/hard/crt0.o
LOAD ./Bibliotecas/UART/Slave/UART.o
LOAD ./Bibliotecas/UART/Slave/server.o
LOAD ./Bibliotecas/UART/util.o
LOAD ./Core/Src/freertos.o
LOAD ./Core/Src/main.o
LOAD ./Core/Src/stm32f4xx_hal_msp.o
LOAD ./Core/Src/stm32f4xx_hal_timebase_tim.o
LOAD ./Core/Src/stm32f4xx_it.o
LOAD ./Core/Src/syscalls.o
LOAD ./Core/Src/sysmem.o
LOAD ./Core/Src/system_stm32f4xx.o
LOAD ./Core/Startup/startup_stm32f411retx.o
LOAD ./Drivers/STM32F4xx_HAL_Driver/Src/stm32f4xx_hal.o
LOAD ./Drivers/STM32F4xx_HAL_Driver/Src/stm32f4xx_hal_adc.o
LOAD ./Drivers/STM32F4xx_HAL_Driver/Src/stm32f4xx_hal_adc_ex.o
LOAD ./Drivers/STM32F4xx_HAL_Driver/Src/stm32f4xx_hal_cortex.o
LOAD ./Drivers/STM32F4xx_HAL_Driver/Src/stm32f4xx_hal_dma.o
LOAD ./Drivers/STM32F4xx_HAL_Driver/Src/stm32f4xx_hal_dma_ex.o
LOAD ./Drivers/STM32F4xx_HAL_Driver/Src/stm32f4xx_hal_exti.o
LOAD ./Drivers/STM32F4xx_HAL_Driver/Src/stm32f4xx_hal_flash.o
LOAD ./Drivers/STM32F4xx_HAL_Driver/Src/stm32f4xx_hal_flash_ex.o
LOAD ./Drivers/STM32F4xx_HAL_Driver/Src/stm32f4xx_hal_flash_ramfunc.o
LOAD ./Drivers/STM32F4xx_HAL_Driver/Src/stm32f4xx_hal_gpio.o
LOAD ./Drivers/STM32F4xx_HAL_Driver/Src/stm32f4xx_hal_pwr.o
LOAD ./Drivers/STM32F4xx_HAL_Driver/Src/stm32f4xx_hal_pwr_ex.o
LOAD ./Drivers/STM32F4xx_HAL_Driver/Src/stm32f4xx_hal_rcc.o
LOAD ./Drivers/STM32F4xx_HAL_Driver/Src/stm32f4xx_hal_rcc_ex.o
LOAD ./Drivers/STM32F4xx_HAL_Driver/Src/stm32f4xx_hal_tim.o
LOAD ./Drivers/STM32F4xx_HAL_Driver/Src/stm32f4xx_hal_tim_ex.o
LOAD ./Drivers/STM32F4xx_HAL_Driver/Src/stm32f4xx_hal_uart.o
LOAD ./Drivers/STM32F4xx_HAL_Driver/Src/stm32f4xx_ll_adc.o
LOAD ./Middlewares/Third_Party/FreeRTOS/Source/CMSIS_RTOS_V2/cmsis_os2.o
LOAD ./Middlewares/Third_Party/FreeRTOS/Source/croutine.o
LOAD ./Middlewares/Third_Party/FreeRTOS/Source/event_groups.o
LOAD ./Middlewares/Third_Party/FreeRTOS/Source/list.o
LOAD ./Middlewares/Third_Party/FreeRTOS/Source/queue.o
LOAD ./Middlewares/Third_Party/FreeRTOS/Source/stream_buffer.o
LOAD ./Middlewares/Third_Party/FreeRTOS/Source/tasks.o
LOAD ./Middlewares/Third_Party/FreeRTOS/Source/timers.o
LOAD ./Middlewares/Third_Party/FreeRTOS/Source/portable/GCC/ARM_CM4F/port.o
LOAD ./Middlewares/Third_Party/FreeRTOS/Source/portable/MemMang/heap_4.o
START GROUP
LOAD c:/st/stm32cubeide_1.8.0/stm32cubeide/plugins/com.st.stm32cube.ide.mcu.externaltools.gnu-tools-for-stm32.9-2020-q2-update.win32_2.0.0.202105311346/tools/bin/../lib/gcc/arm-none-eabi/9.3.1/../../../../arm-none-eabi/lib/thumb/v7e-m+fp/hard\libc_nano.a
LOAD c:/st/stm32cubeide_1.8.0/stm32cubeide/plugins/com.st.stm32cube.ide.mcu.externaltools.gnu-tools-for-stm32.9-2020-q2-update.win32_2.0.0.202105311346/tools/bin/../lib/gcc/arm-none-eabi/9.3.1/../../../../arm-none-eabi/lib/thumb/v7e-m+fp/hard\libm.a
END GROUP
START GROUP
LOAD c:/st/stm32cubeide_1.8.0/stm32cubeide/plugins/com.st.stm32cube.ide.mcu.externaltools.gnu-tools-for-stm32.9-2020-q2-update.win32_2.0.0.202105311346/tools/bin/../lib/gcc/arm-none-eabi/9.3.1/thumb/v7e-m+fp/hard\libgcc.a
LOAD c:/st/stm32cubeide_1.8.0/stm32cubeide/plugins/com.st.stm32cube.ide.mcu.externaltools.gnu-tools-for-stm32.9-2020-q2-update.win32_2.0.0.202105311346/tools/bin/../lib/gcc/arm-none-eabi/9.3.1/../../../../arm-none-eabi/lib/thumb/v7e-m+fp/hard\libc_nano.a
END GROUP
START GROUP
LOAD c:/st/stm32cubeide_1.8.0/stm32cubeide/plugins/com.st.stm32cube.ide.mcu.externaltools.gnu-tools-for-stm32.9-2020-q2-update.win32_2.0.0.202105311346/tools/bin/../lib/gcc/arm-none-eabi/9.3.1/thumb/v7e-m+fp/hard\libgcc.a
LOAD c:/st/stm32cubeide_1.8.0/stm32cubeide/plugins/com.st.stm32cube.ide.mcu.externaltools.gnu-tools-for-stm32.9-2020-q2-update.win32_2.0.0.202105311346/tools/bin/../lib/gcc/arm-none-eabi/9.3.1/../../../../arm-none-eabi/lib/thumb/v7e-m+fp/hard\libc_nano.a
LOAD c:/st/stm32cubeide_1.8.0/stm32cubeide/plugins/com.st.stm32cube.ide.mcu.externaltools.gnu-tools-for-stm32.9-2020-q2-update.win32_2.0.0.202105311346/tools/bin/../lib/gcc/arm-none-eabi/9.3.1/../../../../arm-none-eabi/lib/thumb/v7e-m+fp/hard\libnosys.a
END GROUP
START GROUP
LOAD c:/st/stm32cubeide_1.8.0/stm32cubeide/plugins/com.st.stm32cube.ide.mcu.externaltools.gnu-tools-for-stm32.9-2020-q2-update.win32_2.0.0.202105311346/tools/bin/../lib/gcc/arm-none-eabi/9.3.1/thumb/v7e-m+fp/hard\libgcc.a
LOAD c:/st/stm32cubeide_1.8.0/stm32cubeide/plugins/com.st.stm32cube.ide.mcu.externaltools.gnu-tools-for-stm32.9-2020-q2-update.win32_2.0.0.202105311346/tools/bin/../lib/gcc/arm-none-eabi/9.3.1/../../../../arm-none-eabi/lib/thumb/v7e-m+fp/hard\libc_nano.a
LOAD c:/st/stm32cubeide_1.8.0/stm32cubeide/plugins/com.st.stm32cube.ide.mcu.externaltools.gnu-tools-for-stm32.9-2020-q2-update.win32_2.0.0.202105311346/tools/bin/../lib/gcc/arm-none-eabi/9.3.1/../../../../arm-none-eabi/lib/thumb/v7e-m+fp/hard\libnosys.a
END GROUP
LOAD c:/st/stm32cubeide_1.8.0/stm32cubeide/plugins/com.st.stm32cube.ide.mcu.externaltools.gnu-tools-for-stm32.9-2020-q2-update.win32_2.0.0.202105311346/tools/bin/../lib/gcc/arm-none-eabi/9.3.1/thumb/v7e-m+fp/hard/crtend.o
LOAD c:/st/stm32cubeide_1.8.0/stm32cubeide/plugins/com.st.stm32cube.ide.mcu.externaltools.gnu-tools-for-stm32.9-2020-q2-update.win32_2.0.0.202105311346/tools/bin/../lib/gcc/arm-none-eabi/9.3.1/thumb/v7e-m+fp/hard/crtn.o
                0x0000000020020000                _estack = (ORIGIN (RAM) + LENGTH (RAM))
                0x0000000000000200                _Min_Heap_Size = 0x200
                0x0000000000000400                _Min_Stack_Size = 0x400

.isr_vector     0x0000000008000000      0x198
                0x0000000008000000                . = ALIGN (0x4)
 *(.isr_vector)
 .isr_vector    0x0000000008000000      0x198 ./Core/Startup/startup_stm32f411retx.o
                0x0000000008000000                g_pfnVectors
                0x0000000008000198                . = ALIGN (0x4)

.text           0x00000000080001a0     0x8588
                0x00000000080001a0                . = ALIGN (0x4)
 *(.text)
 .text          0x00000000080001a0       0x40 c:/st/stm32cubeide_1.8.0/stm32cubeide/plugins/com.st.stm32cube.ide.mcu.externaltools.gnu-tools-for-stm32.9-2020-q2-update.win32_2.0.0.202105311346/tools/bin/../lib/gcc/arm-none-eabi/9.3.1/thumb/v7e-m+fp/hard/crtbegin.o
 .text          0x00000000080001e0      0x254 c:/st/stm32cubeide_1.8.0/stm32cubeide/plugins/com.st.stm32cube.ide.mcu.externaltools.gnu-tools-for-stm32.9-2020-q2-update.win32_2.0.0.202105311346/tools/bin/../lib/gcc/arm-none-eabi/9.3.1/thumb/v7e-m+fp/hard\libgcc.a(_arm_muldf3.o)
                0x00000000080001e0                __muldf3
                0x00000000080001e0                __aeabi_dmul
 .text          0x0000000008000434      0x378 c:/st/stm32cubeide_1.8.0/stm32cubeide/plugins/com.st.stm32cube.ide.mcu.externaltools.gnu-tools-for-stm32.9-2020-q2-update.win32_2.0.0.202105311346/tools/bin/../lib/gcc/arm-none-eabi/9.3.1/thumb/v7e-m+fp/hard\libgcc.a(_arm_addsubdf3.o)
                0x0000000008000434                __aeabi_drsub
                0x000000000800043c                __aeabi_dsub
                0x000000000800043c                __subdf3
                0x0000000008000440                __aeabi_dadd
                0x0000000008000440                __adddf3
                0x00000000080006b8                __floatunsidf
                0x00000000080006b8                __aeabi_ui2d
                0x00000000080006d8                __floatsidf
                0x00000000080006d8                __aeabi_i2d
                0x00000000080006fc                __aeabi_f2d
                0x00000000080006fc                __extendsfdf2
                0x0000000008000740                __floatundidf
                0x0000000008000740                __aeabi_ul2d
                0x0000000008000750                __floatdidf
                0x0000000008000750                __aeabi_l2d
 .text          0x00000000080007ac       0xa0 c:/st/stm32cubeide_1.8.0/stm32cubeide/plugins/com.st.stm32cube.ide.mcu.externaltools.gnu-tools-for-stm32.9-2020-q2-update.win32_2.0.0.202105311346/tools/bin/../lib/gcc/arm-none-eabi/9.3.1/thumb/v7e-m+fp/hard\libgcc.a(_arm_truncdfsf2.o)
                0x00000000080007ac                __truncdfsf2
                0x00000000080007ac                __aeabi_d2f
 .text          0x000000000800084c       0x30 c:/st/stm32cubeide_1.8.0/stm32cubeide/plugins/com.st.stm32cube.ide.mcu.externaltools.gnu-tools-for-stm32.9-2020-q2-update.win32_2.0.0.202105311346/tools/bin/../lib/gcc/arm-none-eabi/9.3.1/thumb/v7e-m+fp/hard\libgcc.a(_aeabi_uldivmod.o)
                0x000000000800084c                __aeabi_uldivmod
 .text          0x000000000800087c      0x2c4 c:/st/stm32cubeide_1.8.0/stm32cubeide/plugins/com.st.stm32cube.ide.mcu.externaltools.gnu-tools-for-stm32.9-2020-q2-update.win32_2.0.0.202105311346/tools/bin/../lib/gcc/arm-none-eabi/9.3.1/thumb/v7e-m+fp/hard\libgcc.a(_udivmoddi4.o)
                0x000000000800087c                __udivmoddi4
 .text          0x0000000008000b40        0x4 c:/st/stm32cubeide_1.8.0/stm32cubeide/plugins/com.st.stm32cube.ide.mcu.externaltools.gnu-tools-for-stm32.9-2020-q2-update.win32_2.0.0.202105311346/tools/bin/../lib/gcc/arm-none-eabi/9.3.1/thumb/v7e-m+fp/hard\libgcc.a(_dvmd_tls.o)
                0x0000000008000b40                __aeabi_idiv0
                0x0000000008000b40                __aeabi_ldiv0
 *(.text*)
 .text.UART_initialize
                0x0000000008000b44       0x40 ./Bibliotecas/UART/Slave/server.o
                0x0000000008000b44                UART_initialize
 .text._run_command
                0x0000000008000b84       0x48 ./Bibliotecas/UART/Slave/server.o
 .text._error_check
                0x0000000008000bcc       0x16 ./Bibliotecas/UART/Slave/server.o
 *fill*         0x0000000008000be2        0x2 
 .text.UART_start_server
                0x0000000008000be4       0xb8 ./Bibliotecas/UART/Slave/server.o
                0x0000000008000be4                UART_start_server
 .text.UART_register_command
                0x0000000008000c9c       0x3c ./Bibliotecas/UART/Slave/server.o
                0x0000000008000c9c                UART_register_command
 .text.UART_notify_RxCplt
                0x0000000008000cd8       0x18 ./Bibliotecas/UART/Slave/server.o
                0x0000000008000cd8                UART_notify_RxCplt
 .text.UART_notify_TxCplt
                0x0000000008000cf0       0x18 ./Bibliotecas/UART/Slave/server.o
                0x0000000008000cf0                UART_notify_TxCplt
 .text.serial_receive
                0x0000000008000d08       0x58 ./Bibliotecas/UART/Slave/server.o
                0x0000000008000d08                serial_receive
 .text.serial_send
                0x0000000008000d60       0x58 ./Bibliotecas/UART/Slave/server.o
                0x0000000008000d60                serial_send
 .text.main     0x0000000008000db8       0x9c ./Core/Src/main.o
                0x0000000008000db8                main
 .text.SystemClock_Config
                0x0000000008000e54       0xd4 ./Core/Src/main.o
                0x0000000008000e54                SystemClock_Config
 .text.MX_ADC1_Init
                0x0000000008000f28       0xf8 ./Core/Src/main.o
 .text.MX_TIM3_Init
                0x0000000008001020       0xe4 ./Core/Src/main.o
 .text.MX_USART2_UART_Init
                0x0000000008001104       0x54 ./Core/Src/main.o
 .text.MX_DMA_Init
                0x0000000008001158       0x40 ./Core/Src/main.o
 .text.MX_GPIO_Init
                0x0000000008001198      0x128 ./Core/Src/main.o
 .text.HAL_ADC_ConvCpltCallback
                0x00000000080012c0       0x8c ./Core/Src/main.o
                0x00000000080012c0                HAL_ADC_ConvCpltCallback
 .text.write_single_led
                0x000000000800134c       0xbc ./Core/Src/main.o
                0x000000000800134c                write_single_led
 .text.write_multiple_leds
                0x0000000008001408       0x88 ./Core/Src/main.o
                0x0000000008001408                write_multiple_leds
 .text.read_analog
                0x0000000008001490      0x118 ./Core/Src/main.o
                0x0000000008001490                read_analog
 .text.HAL_UART_RxCpltCallback
                0x00000000080015a8       0x20 ./Core/Src/main.o
                0x00000000080015a8                HAL_UART_RxCpltCallback
 .text.HAL_UART_TxCpltCallback
                0x00000000080015c8       0x20 ./Core/Src/main.o
                0x00000000080015c8                HAL_UART_TxCpltCallback
 .text.StartMainTask
                0x00000000080015e8       0x10 ./Core/Src/main.o
                0x00000000080015e8                StartMainTask
 .text.StartSerialCommTask
                0x00000000080015f8       0x44 ./Core/Src/main.o
                0x00000000080015f8                StartSerialCommTask
 .text.StartIOTask
                0x000000000800163c       0x10 ./Core/Src/main.o
                0x000000000800163c                StartIOTask
 .text.HAL_TIM_PeriodElapsedCallback
                0x000000000800164c       0x24 ./Core/Src/main.o
                0x000000000800164c                HAL_TIM_PeriodElapsedCallback
 .text.Error_Handler
                0x0000000008001670        0xa ./Core/Src/main.o
                0x0000000008001670                Error_Handler
 *fill*         0x000000000800167a        0x2 
 .text.HAL_MspInit
                0x000000000800167c       0x58 ./Core/Src/stm32f4xx_hal_msp.o
                0x000000000800167c                HAL_MspInit
 .text.HAL_ADC_MspInit
                0x00000000080016d4       0xf0 ./Core/Src/stm32f4xx_hal_msp.o
                0x00000000080016d4                HAL_ADC_MspInit
 .text.HAL_TIM_Base_MspInit
                0x00000000080017c4       0x44 ./Core/Src/stm32f4xx_hal_msp.o
                0x00000000080017c4                HAL_TIM_Base_MspInit
 .text.HAL_UART_MspInit
                0x0000000008001808       0xa0 ./Core/Src/stm32f4xx_hal_msp.o
                0x0000000008001808                HAL_UART_MspInit
 .text.HAL_InitTick
                0x00000000080018a8       0xb0 ./Core/Src/stm32f4xx_hal_timebase_tim.o
                0x00000000080018a8                HAL_InitTick
 .text.NMI_Handler
                0x0000000008001958        0x6 ./Core/Src/stm32f4xx_it.o
                0x0000000008001958                NMI_Handler
 .text.HardFault_Handler
                0x000000000800195e        0x6 ./Core/Src/stm32f4xx_it.o
                0x000000000800195e                HardFault_Handler
 .text.MemManage_Handler
                0x0000000008001964        0x6 ./Core/Src/stm32f4xx_it.o
                0x0000000008001964                MemManage_Handler
 .text.BusFault_Handler
                0x000000000800196a        0x6 ./Core/Src/stm32f4xx_it.o
                0x000000000800196a                BusFault_Handler
 .text.UsageFault_Handler
                0x0000000008001970        0x6 ./Core/Src/stm32f4xx_it.o
                0x0000000008001970                UsageFault_Handler
 .text.DebugMon_Handler
                0x0000000008001976        0xe ./Core/Src/stm32f4xx_it.o
                0x0000000008001976                DebugMon_Handler
 .text.TIM1_UP_TIM10_IRQHandler
                0x0000000008001984       0x14 ./Core/Src/stm32f4xx_it.o
                0x0000000008001984                TIM1_UP_TIM10_IRQHandler
 .text.USART2_IRQHandler
                0x0000000008001998       0x14 ./Core/Src/stm32f4xx_it.o
                0x0000000008001998                USART2_IRQHandler
 .text.DMA2_Stream0_IRQHandler
                0x00000000080019ac       0x14 ./Core/Src/stm32f4xx_it.o
                0x00000000080019ac                DMA2_Stream0_IRQHandler
 .text.SystemInit
                0x00000000080019c0       0x24 ./Core/Src/system_stm32f4xx.o
                0x00000000080019c0                SystemInit
 .text.Reset_Handler
                0x00000000080019e4       0x50 ./Core/Startup/startup_stm32f411retx.o
                0x00000000080019e4                Reset_Handler
 .text.Default_Handler
                0x0000000008001a34        0x2 ./Core/Startup/startup_stm32f411retx.o
                0x0000000008001a34                RTC_Alarm_IRQHandler
                0x0000000008001a34                EXTI2_IRQHandler
                0x0000000008001a34                SPI4_IRQHandler
                0x0000000008001a34                TIM1_CC_IRQHandler
                0x0000000008001a34                DMA2_Stream5_IRQHandler
                0x0000000008001a34                DMA1_Stream5_IRQHandler
                0x0000000008001a34                PVD_IRQHandler
                0x0000000008001a34                SDIO_IRQHandler
                0x0000000008001a34                TAMP_STAMP_IRQHandler
                0x0000000008001a34                EXTI3_IRQHandler
                0x0000000008001a34                I2C3_ER_IRQHandler
                0x0000000008001a34                EXTI0_IRQHandler
                0x0000000008001a34                I2C2_EV_IRQHandler
                0x0000000008001a34                DMA1_Stream2_IRQHandler
                0x0000000008001a34                FPU_IRQHandler
                0x0000000008001a34                DMA2_Stream2_IRQHandler
                0x0000000008001a34                SPI1_IRQHandler
                0x0000000008001a34                TIM1_BRK_TIM9_IRQHandler
                0x0000000008001a34                DMA2_Stream3_IRQHandler
                0x0000000008001a34                USART6_IRQHandler
                0x0000000008001a34                TIM4_IRQHandler
                0x0000000008001a34                I2C1_EV_IRQHandler
                0x0000000008001a34                DMA1_Stream6_IRQHandler
                0x0000000008001a34                DMA1_Stream1_IRQHandler
                0x0000000008001a34                TIM3_IRQHandler
                0x0000000008001a34                RCC_IRQHandler
                0x0000000008001a34                Default_Handler
                0x0000000008001a34                EXTI15_10_IRQHandler
                0x0000000008001a34                ADC_IRQHandler
                0x0000000008001a34                DMA1_Stream7_IRQHandler
                0x0000000008001a34                SPI5_IRQHandler
                0x0000000008001a34                TIM5_IRQHandler
                0x0000000008001a34                DMA2_Stream7_IRQHandler
                0x0000000008001a34                I2C3_EV_IRQHandler
                0x0000000008001a34                EXTI9_5_IRQHandler
                0x0000000008001a34                RTC_WKUP_IRQHandler
                0x0000000008001a34                SPI2_IRQHandler
                0x0000000008001a34                DMA1_Stream0_IRQHandler
                0x0000000008001a34                EXTI4_IRQHandler
                0x0000000008001a34                WWDG_IRQHandler
                0x0000000008001a34                TIM2_IRQHandler
                0x0000000008001a34                OTG_FS_WKUP_IRQHandler
                0x0000000008001a34                TIM1_TRG_COM_TIM11_IRQHandler
                0x0000000008001a34                EXTI1_IRQHandler
                0x0000000008001a34                I2C2_ER_IRQHandler
                0x0000000008001a34                DMA2_Stream1_IRQHandler
                0x0000000008001a34                FLASH_IRQHandler
                0x0000000008001a34                DMA2_Stream4_IRQHandler
                0x0000000008001a34                USART1_IRQHandler
                0x0000000008001a34                OTG_FS_IRQHandler
                0x0000000008001a34                SPI3_IRQHandler
                0x0000000008001a34                DMA1_Stream4_IRQHandler
                0x0000000008001a34                I2C1_ER_IRQHandler
                0x0000000008001a34                DMA2_Stream6_IRQHandler
                0x0000000008001a34                DMA1_Stream3_IRQHandler
 *fill*         0x0000000008001a36        0x2 
 .text.HAL_Init
                0x0000000008001a38       0x44 ./Drivers/STM32F4xx_HAL_Driver/Src/stm32f4xx_hal.o
                0x0000000008001a38                HAL_Init
 .text.HAL_IncTick
                0x0000000008001a7c       0x28 ./Drivers/STM32F4xx_HAL_Driver/Src/stm32f4xx_hal.o
                0x0000000008001a7c                HAL_IncTick
 .text.HAL_GetTick
                0x0000000008001aa4       0x18 ./Drivers/STM32F4xx_HAL_Driver/Src/stm32f4xx_hal.o
                0x0000000008001aa4                HAL_GetTick
 .text.HAL_ADC_Init
                0x0000000008001abc       0x86 ./Drivers/STM32F4xx_HAL_Driver/Src/stm32f4xx_hal_adc.o
                0x0000000008001abc                HAL_ADC_Init
 *fill*         0x0000000008001b42        0x2 
 .text.HAL_ADC_Start_DMA
                0x0000000008001b44      0x1e0 ./Drivers/STM32F4xx_HAL_Driver/Src/stm32f4xx_hal_adc.o
                0x0000000008001b44                HAL_ADC_Start_DMA
 .text.HAL_ADC_ConvHalfCpltCallback
                0x0000000008001d24       0x14 ./Drivers/STM32F4xx_HAL_Driver/Src/stm32f4xx_hal_adc.o
                0x0000000008001d24                HAL_ADC_ConvHalfCpltCallback
 .text.HAL_ADC_ErrorCallback
                0x0000000008001d38       0x14 ./Drivers/STM32F4xx_HAL_Driver/Src/stm32f4xx_hal_adc.o
                0x0000000008001d38                HAL_ADC_ErrorCallback
 .text.HAL_ADC_ConfigChannel
                0x0000000008001d4c      0x264 ./Drivers/STM32F4xx_HAL_Driver/Src/stm32f4xx_hal_adc.o
                0x0000000008001d4c                HAL_ADC_ConfigChannel
 .text.ADC_Init
                0x0000000008001fb0      0x1f8 ./Drivers/STM32F4xx_HAL_Driver/Src/stm32f4xx_hal_adc.o
 .text.ADC_DMAConvCplt
                0x00000000080021a8       0xba ./Drivers/STM32F4xx_HAL_Driver/Src/stm32f4xx_hal_adc.o
 .text.ADC_DMAHalfConvCplt
                0x0000000008002262       0x1c ./Drivers/STM32F4xx_HAL_Driver/Src/stm32f4xx_hal_adc.o
 .text.ADC_DMAError
                0x000000000800227e       0x2e ./Drivers/STM32F4xx_HAL_Driver/Src/stm32f4xx_hal_adc.o
 .text.__NVIC_SetPriorityGrouping
                0x00000000080022ac       0x48 ./Drivers/STM32F4xx_HAL_Driver/Src/stm32f4xx_hal_cortex.o
 .text.__NVIC_GetPriorityGrouping
                0x00000000080022f4       0x1c ./Drivers/STM32F4xx_HAL_Driver/Src/stm32f4xx_hal_cortex.o
 .text.__NVIC_EnableIRQ
                0x0000000008002310       0x3c ./Drivers/STM32F4xx_HAL_Driver/Src/stm32f4xx_hal_cortex.o
 .text.__NVIC_SetPriority
                0x000000000800234c       0x54 ./Drivers/STM32F4xx_HAL_Driver/Src/stm32f4xx_hal_cortex.o
 .text.NVIC_EncodePriority
                0x00000000080023a0       0x66 ./Drivers/STM32F4xx_HAL_Driver/Src/stm32f4xx_hal_cortex.o
 .text.HAL_NVIC_SetPriorityGrouping
                0x0000000008002406       0x16 ./Drivers/STM32F4xx_HAL_Driver/Src/stm32f4xx_hal_cortex.o
                0x0000000008002406                HAL_NVIC_SetPriorityGrouping
 .text.HAL_NVIC_SetPriority
                0x000000000800241c       0x38 ./Drivers/STM32F4xx_HAL_Driver/Src/stm32f4xx_hal_cortex.o
                0x000000000800241c                HAL_NVIC_SetPriority
 .text.HAL_NVIC_EnableIRQ
                0x0000000008002454       0x1c ./Drivers/STM32F4xx_HAL_Driver/Src/stm32f4xx_hal_cortex.o
                0x0000000008002454                HAL_NVIC_EnableIRQ
 .text.HAL_DMA_Init
                0x0000000008002470      0x15c ./Drivers/STM32F4xx_HAL_Driver/Src/stm32f4xx_hal_dma.o
                0x0000000008002470                HAL_DMA_Init
 .text.HAL_DMA_Start_IT
                0x00000000080025cc       0xb0 ./Drivers/STM32F4xx_HAL_Driver/Src/stm32f4xx_hal_dma.o
                0x00000000080025cc                HAL_DMA_Start_IT
 .text.HAL_DMA_Abort
                0x000000000800267c       0xe0 ./Drivers/STM32F4xx_HAL_Driver/Src/stm32f4xx_hal_dma.o
                0x000000000800267c                HAL_DMA_Abort
 .text.HAL_DMA_Abort_IT
                0x000000000800275c       0x44 ./Drivers/STM32F4xx_HAL_Driver/Src/stm32f4xx_hal_dma.o
                0x000000000800275c                HAL_DMA_Abort_IT
 .text.HAL_DMA_IRQHandler
                0x00000000080027a0      0x314 ./Drivers/STM32F4xx_HAL_Driver/Src/stm32f4xx_hal_dma.o
                0x00000000080027a0                HAL_DMA_IRQHandler
 .text.DMA_SetConfig
                0x0000000008002ab4       0x5c ./Drivers/STM32F4xx_HAL_Driver/Src/stm32f4xx_hal_dma.o
 .text.DMA_CalcBaseAndBitshift
                0x0000000008002b10       0x6c ./Drivers/STM32F4xx_HAL_Driver/Src/stm32f4xx_hal_dma.o
 .text.DMA_CheckFifoParam
                0x0000000008002b7c       0xf8 ./Drivers/STM32F4xx_HAL_Driver/Src/stm32f4xx_hal_dma.o
 .text.HAL_GPIO_Init
                0x0000000008002c74      0x308 ./Drivers/STM32F4xx_HAL_Driver/Src/stm32f4xx_hal_gpio.o
                0x0000000008002c74                HAL_GPIO_Init
 .text.HAL_GPIO_WritePin
                0x0000000008002f7c       0x32 ./Drivers/STM32F4xx_HAL_Driver/Src/stm32f4xx_hal_gpio.o
                0x0000000008002f7c                HAL_GPIO_WritePin
 *fill*         0x0000000008002fae        0x2 
 .text.HAL_RCC_OscConfig
                0x0000000008002fb0      0x4f0 ./Drivers/STM32F4xx_HAL_Driver/Src/stm32f4xx_hal_rcc.o
                0x0000000008002fb0                HAL_RCC_OscConfig
 .text.HAL_RCC_ClockConfig
                0x00000000080034a0      0x1cc ./Drivers/STM32F4xx_HAL_Driver/Src/stm32f4xx_hal_rcc.o
                0x00000000080034a0                HAL_RCC_ClockConfig
 .text.HAL_RCC_GetSysClockFreq
                0x000000000800366c      0x1c4 ./Drivers/STM32F4xx_HAL_Driver/Src/stm32f4xx_hal_rcc.o
                0x000000000800366c                HAL_RCC_GetSysClockFreq
 .text.HAL_RCC_GetHCLKFreq
                0x0000000008003830       0x18 ./Drivers/STM32F4xx_HAL_Driver/Src/stm32f4xx_hal_rcc.o
                0x0000000008003830                HAL_RCC_GetHCLKFreq
 .text.HAL_RCC_GetPCLK1Freq
                0x0000000008003848       0x28 ./Drivers/STM32F4xx_HAL_Driver/Src/stm32f4xx_hal_rcc.o
                0x0000000008003848                HAL_RCC_GetPCLK1Freq
 .text.HAL_RCC_GetPCLK2Freq
                0x0000000008003870       0x28 ./Drivers/STM32F4xx_HAL_Driver/Src/stm32f4xx_hal_rcc.o
                0x0000000008003870                HAL_RCC_GetPCLK2Freq
 .text.HAL_RCC_GetClockConfig
                0x0000000008003898       0x64 ./Drivers/STM32F4xx_HAL_Driver/Src/stm32f4xx_hal_rcc.o
                0x0000000008003898                HAL_RCC_GetClockConfig
 .text.HAL_TIM_Base_Init
                0x00000000080038fc       0x9e ./Drivers/STM32F4xx_HAL_Driver/Src/stm32f4xx_hal_tim.o
                0x00000000080038fc                HAL_TIM_Base_Init
 *fill*         0x000000000800399a        0x2 
 .text.HAL_TIM_Base_Start_IT
                0x000000000800399c       0xc4 ./Drivers/STM32F4xx_HAL_Driver/Src/stm32f4xx_hal_tim.o
                0x000000000800399c                HAL_TIM_Base_Start_IT
 .text.HAL_TIM_OC_Init
                0x0000000008003a60       0x9e ./Drivers/STM32F4xx_HAL_Driver/Src/stm32f4xx_hal_tim.o
                0x0000000008003a60                HAL_TIM_OC_Init
 .text.HAL_TIM_OC_MspInit
                0x0000000008003afe       0x14 ./Drivers/STM32F4xx_HAL_Driver/Src/stm32f4xx_hal_tim.o
                0x0000000008003afe                HAL_TIM_OC_MspInit
 .text.HAL_TIM_IRQHandler
                0x0000000008003b12      0x210 ./Drivers/STM32F4xx_HAL_Driver/Src/stm32f4xx_hal_tim.o
                0x0000000008003b12                HAL_TIM_IRQHandler
 *fill*         0x0000000008003d22        0x2 
 .text.HAL_TIM_OC_ConfigChannel
                0x0000000008003d24       0xb8 ./Drivers/STM32F4xx_HAL_Driver/Src/stm32f4xx_hal_tim.o
                0x0000000008003d24                HAL_TIM_OC_ConfigChannel
 .text.HAL_TIM_ConfigClockSource
                0x0000000008003ddc      0x18e ./Drivers/STM32F4xx_HAL_Driver/Src/stm32f4xx_hal_tim.o
                0x0000000008003ddc                HAL_TIM_ConfigClockSource
 .text.HAL_TIM_OC_DelayElapsedCallback
                0x0000000008003f6a       0x14 ./Drivers/STM32F4xx_HAL_Driver/Src/stm32f4xx_hal_tim.o
                0x0000000008003f6a                HAL_TIM_OC_DelayElapsedCallback
 .text.HAL_TIM_IC_CaptureCallback
                0x0000000008003f7e       0x14 ./Drivers/STM32F4xx_HAL_Driver/Src/stm32f4xx_hal_tim.o
                0x0000000008003f7e                HAL_TIM_IC_CaptureCallback
 .text.HAL_TIM_PWM_PulseFinishedCallback
                0x0000000008003f92       0x14 ./Drivers/STM32F4xx_HAL_Driver/Src/stm32f4xx_hal_tim.o
                0x0000000008003f92                HAL_TIM_PWM_PulseFinishedCallback
 .text.HAL_TIM_TriggerCallback
                0x0000000008003fa6       0x14 ./Drivers/STM32F4xx_HAL_Driver/Src/stm32f4xx_hal_tim.o
                0x0000000008003fa6                HAL_TIM_TriggerCallback
 *fill*         0x0000000008003fba        0x2 
 .text.TIM_Base_SetConfig
                0x0000000008003fbc      0x100 ./Drivers/STM32F4xx_HAL_Driver/Src/stm32f4xx_hal_tim.o
                0x0000000008003fbc                TIM_Base_SetConfig
 .text.TIM_OC1_SetConfig
                0x00000000080040bc       0xcc ./Drivers/STM32F4xx_HAL_Driver/Src/stm32f4xx_hal_tim.o
 .text.TIM_OC2_SetConfig
                0x0000000008004188       0xd8 ./Drivers/STM32F4xx_HAL_Driver/Src/stm32f4xx_hal_tim.o
                0x0000000008004188                TIM_OC2_SetConfig
 .text.TIM_OC3_SetConfig
                0x0000000008004260       0xd4 ./Drivers/STM32F4xx_HAL_Driver/Src/stm32f4xx_hal_tim.o
 .text.TIM_OC4_SetConfig
                0x0000000008004334       0xa0 ./Drivers/STM32F4xx_HAL_Driver/Src/stm32f4xx_hal_tim.o
 .text.TIM_TI1_ConfigInputStage
                0x00000000080043d4       0x5e ./Drivers/STM32F4xx_HAL_Driver/Src/stm32f4xx_hal_tim.o
 .text.TIM_TI2_ConfigInputStage
                0x0000000008004432       0x60 ./Drivers/STM32F4xx_HAL_Driver/Src/stm32f4xx_hal_tim.o
 .text.TIM_ITRx_SetConfig
                0x0000000008004492       0x36 ./Drivers/STM32F4xx_HAL_Driver/Src/stm32f4xx_hal_tim.o
 .text.TIM_ETR_SetConfig
                0x00000000080044c8       0x40 ./Drivers/STM32F4xx_HAL_Driver/Src/stm32f4xx_hal_tim.o
                0x00000000080044c8                TIM_ETR_SetConfig
 .text.HAL_TIMEx_MasterConfigSynchronization
                0x0000000008004508       0xdc ./Drivers/STM32F4xx_HAL_Driver/Src/stm32f4xx_hal_tim_ex.o
                0x0000000008004508                HAL_TIMEx_MasterConfigSynchronization
 .text.HAL_TIMEx_CommutCallback
                0x00000000080045e4       0x14 ./Drivers/STM32F4xx_HAL_Driver/Src/stm32f4xx_hal_tim_ex.o
                0x00000000080045e4                HAL_TIMEx_CommutCallback
 .text.HAL_TIMEx_BreakCallback
                0x00000000080045f8       0x14 ./Drivers/STM32F4xx_HAL_Driver/Src/stm32f4xx_hal_tim_ex.o
                0x00000000080045f8                HAL_TIMEx_BreakCallback
 .text.HAL_UART_Init
                0x000000000800460c       0x9a ./Drivers/STM32F4xx_HAL_Driver/Src/stm32f4xx_hal_uart.o
                0x000000000800460c                HAL_UART_Init
 .text.HAL_UART_Transmit_IT
                0x00000000080046a6       0x8a ./Drivers/STM32F4xx_HAL_Driver/Src/stm32f4xx_hal_uart.o
                0x00000000080046a6                HAL_UART_Transmit_IT
 .text.HAL_UART_Receive_IT
                0x0000000008004730       0x60 ./Drivers/STM32F4xx_HAL_Driver/Src/stm32f4xx_hal_uart.o
                0x0000000008004730                HAL_UART_Receive_IT
 .text.HAL_UART_IRQHandler
                0x0000000008004790      0x51c ./Drivers/STM32F4xx_HAL_Driver/Src/stm32f4xx_hal_uart.o
                0x0000000008004790                HAL_UART_IRQHandler
 .text.HAL_UART_ErrorCallback
                0x0000000008004cac       0x14 ./Drivers/STM32F4xx_HAL_Driver/Src/stm32f4xx_hal_uart.o
                0x0000000008004cac                HAL_UART_ErrorCallback
 .text.HAL_UARTEx_RxEventCallback
                0x0000000008004cc0       0x18 ./Drivers/STM32F4xx_HAL_Driver/Src/stm32f4xx_hal_uart.o
                0x0000000008004cc0                HAL_UARTEx_RxEventCallback
 .text.UART_Start_Receive_IT
                0x0000000008004cd8       0x74 ./Drivers/STM32F4xx_HAL_Driver/Src/stm32f4xx_hal_uart.o
                0x0000000008004cd8                UART_Start_Receive_IT
 .text.UART_EndRxTransfer
                0x0000000008004d4c       0xc6 ./Drivers/STM32F4xx_HAL_Driver/Src/stm32f4xx_hal_uart.o
 .text.UART_DMAAbortOnError
                0x0000000008004e12       0x28 ./Drivers/STM32F4xx_HAL_Driver/Src/stm32f4xx_hal_uart.o
 .text.UART_Transmit_IT
                0x0000000008004e3a       0xa0 ./Drivers/STM32F4xx_HAL_Driver/Src/stm32f4xx_hal_uart.o
 .text.UART_EndTransmit_IT
                0x0000000008004eda       0x30 ./Drivers/STM32F4xx_HAL_Driver/Src/stm32f4xx_hal_uart.o
 .text.UART_Receive_IT
                0x0000000008004f0a      0x176 ./Drivers/STM32F4xx_HAL_Driver/Src/stm32f4xx_hal_uart.o
 .text.UART_SetConfig
                0x0000000008005080      0x390 ./Drivers/STM32F4xx_HAL_Driver/Src/stm32f4xx_hal_uart.o
 .text.__NVIC_SetPriority
                0x0000000008005410       0x54 ./Middlewares/Third_Party/FreeRTOS/Source/CMSIS_RTOS_V2/cmsis_os2.o
 .text.SysTick_Handler
                0x0000000008005464       0x20 ./Middlewares/Third_Party/FreeRTOS/Source/CMSIS_RTOS_V2/cmsis_os2.o
                0x0000000008005464                SysTick_Handler
 .text.SVC_Setup
                0x0000000008005484       0x12 ./Middlewares/Third_Party/FreeRTOS/Source/CMSIS_RTOS_V2/cmsis_os2.o
 *fill*         0x0000000008005496        0x2 
 .text.osKernelInitialize
                0x0000000008005498       0x48 ./Middlewares/Third_Party/FreeRTOS/Source/CMSIS_RTOS_V2/cmsis_os2.o
                0x0000000008005498                osKernelInitialize
 .text.osKernelStart
                0x00000000080054e0       0x4c ./Middlewares/Third_Party/FreeRTOS/Source/CMSIS_RTOS_V2/cmsis_os2.o
                0x00000000080054e0                osKernelStart
 .text.osThreadNew
                0x000000000800552c      0x126 ./Middlewares/Third_Party/FreeRTOS/Source/CMSIS_RTOS_V2/cmsis_os2.o
                0x000000000800552c                osThreadNew
 .text.osDelay  0x0000000008005652       0x36 ./Middlewares/Third_Party/FreeRTOS/Source/CMSIS_RTOS_V2/cmsis_os2.o
                0x0000000008005652                osDelay
 .text.osEventFlagsNew
                0x0000000008005688       0x7e ./Middlewares/Third_Party/FreeRTOS/Source/CMSIS_RTOS_V2/cmsis_os2.o
                0x0000000008005688                osEventFlagsNew
 *fill*         0x0000000008005706        0x2 
 .text.osEventFlagsSet
                0x0000000008005708       0x88 ./Middlewares/Third_Party/FreeRTOS/Source/CMSIS_RTOS_V2/cmsis_os2.o
                0x0000000008005708                osEventFlagsSet
 .text.osEventFlagsWait
                0x0000000008005790       0xcc ./Middlewares/Third_Party/FreeRTOS/Source/CMSIS_RTOS_V2/cmsis_os2.o
                0x0000000008005790                osEventFlagsWait
 .text.vApplicationGetIdleTaskMemory
                0x000000000800585c       0x34 ./Middlewares/Third_Party/FreeRTOS/Source/CMSIS_RTOS_V2/cmsis_os2.o
                0x000000000800585c                vApplicationGetIdleTaskMemory
 .text.vApplicationGetTimerTaskMemory
                0x0000000008005890       0x34 ./Middlewares/Third_Party/FreeRTOS/Source/CMSIS_RTOS_V2/cmsis_os2.o
                0x0000000008005890                vApplicationGetTimerTaskMemory
 .text.xEventGroupCreateStatic
                0x00000000080058c4       0x6e ./Middlewares/Third_Party/FreeRTOS/Source/event_groups.o
                0x00000000080058c4                xEventGroupCreateStatic
 .text.xEventGroupCreate
                0x0000000008005932       0x34 ./Middlewares/Third_Party/FreeRTOS/Source/event_groups.o
                0x0000000008005932                xEventGroupCreate
 *fill*         0x0000000008005966        0x2 
 .text.xEventGroupWaitBits
                0x0000000008005968      0x19c ./Middlewares/Third_Party/FreeRTOS/Source/event_groups.o
                0x0000000008005968                xEventGroupWaitBits
 .text.xEventGroupSetBits
                0x0000000008005b04      0x116 ./Middlewares/Third_Party/FreeRTOS/Source/event_groups.o
                0x0000000008005b04                xEventGroupSetBits
 .text.vEventGroupSetBitsCallback
                0x0000000008005c1a       0x1a ./Middlewares/Third_Party/FreeRTOS/Source/event_groups.o
                0x0000000008005c1a                vEventGroupSetBitsCallback
 .text.prvTestWaitCondition
                0x0000000008005c34       0x44 ./Middlewares/Third_Party/FreeRTOS/Source/event_groups.o
 .text.xEventGroupSetBitsFromISR
                0x0000000008005c78       0x28 ./Middlewares/Third_Party/FreeRTOS/Source/event_groups.o
                0x0000000008005c78                xEventGroupSetBitsFromISR
 .text.vListInitialise
                0x0000000008005ca0       0x40 ./Middlewares/Third_Party/FreeRTOS/Source/list.o
                0x0000000008005ca0                vListInitialise
 .text.vListInitialiseItem
                0x0000000008005ce0       0x1a ./Middlewares/Third_Party/FreeRTOS/Source/list.o
                0x0000000008005ce0                vListInitialiseItem
 .text.vListInsertEnd
                0x0000000008005cfa       0x48 ./Middlewares/Third_Party/FreeRTOS/Source/list.o
                0x0000000008005cfa                vListInsertEnd
 .text.vListInsert
                0x0000000008005d42       0x72 ./Middlewares/Third_Party/FreeRTOS/Source/list.o
                0x0000000008005d42                vListInsert
 .text.uxListRemove
                0x0000000008005db4       0x54 ./Middlewares/Third_Party/FreeRTOS/Source/list.o
                0x0000000008005db4                uxListRemove
 .text.xQueueGenericReset
                0x0000000008005e08       0xd0 ./Middlewares/Third_Party/FreeRTOS/Source/queue.o
                0x0000000008005e08                xQueueGenericReset
 .text.xQueueGenericCreateStatic
                0x0000000008005ed8       0xf0 ./Middlewares/Third_Party/FreeRTOS/Source/queue.o
                0x0000000008005ed8                xQueueGenericCreateStatic
 .text.prvInitialiseNewQueue
                0x0000000008005fc8       0x46 ./Middlewares/Third_Party/FreeRTOS/Source/queue.o
 *fill*         0x000000000800600e        0x2 
 .text.xQueueGenericSend
                0x0000000008006010      0x1fc ./Middlewares/Third_Party/FreeRTOS/Source/queue.o
                0x0000000008006010                xQueueGenericSend
 .text.xQueueGenericSendFromISR
                0x000000000800620c      0x136 ./Middlewares/Third_Party/FreeRTOS/Source/queue.o
                0x000000000800620c                xQueueGenericSendFromISR
 *fill*         0x0000000008006342        0x2 
 .text.xQueueReceive
                0x0000000008006344      0x1c0 ./Middlewares/Third_Party/FreeRTOS/Source/queue.o
                0x0000000008006344                xQueueReceive
 .text.prvCopyDataToQueue
                0x0000000008006504       0xd4 ./Middlewares/Third_Party/FreeRTOS/Source/queue.o
 .text.prvCopyDataFromQueue
                0x00000000080065d8       0x4c ./Middlewares/Third_Party/FreeRTOS/Source/queue.o
 .text.prvUnlockQueue
                0x0000000008006624       0xa4 ./Middlewares/Third_Party/FreeRTOS/Source/queue.o
 .text.prvIsQueueEmpty
                0x00000000080066c8       0x2c ./Middlewares/Third_Party/FreeRTOS/Source/queue.o
 .text.prvIsQueueFull
                0x00000000080066f4       0x30 ./Middlewares/Third_Party/FreeRTOS/Source/queue.o
 .text.vQueueAddToRegistry
                0x0000000008006724       0x54 ./Middlewares/Third_Party/FreeRTOS/Source/queue.o
                0x0000000008006724                vQueueAddToRegistry
 .text.vQueueWaitForMessageRestricted
                0x0000000008006778       0x68 ./Middlewares/Third_Party/FreeRTOS/Source/queue.o
                0x0000000008006778                vQueueWaitForMessageRestricted
 .text.xTaskCreateStatic
                0x00000000080067e0       0xba ./Middlewares/Third_Party/FreeRTOS/Source/tasks.o
                0x00000000080067e0                xTaskCreateStatic
 .text.xTaskCreate
                0x000000000800689a       0x8a ./Middlewares/Third_Party/FreeRTOS/Source/tasks.o
                0x000000000800689a                xTaskCreate
 .text.prvInitialiseNewTask
                0x0000000008006924      0x11e ./Middlewares/Third_Party/FreeRTOS/Source/tasks.o
 *fill*         0x0000000008006a42        0x2 
 .text.prvAddNewTaskToReadyList
                0x0000000008006a44       0xe0 ./Middlewares/Third_Party/FreeRTOS/Source/tasks.o
 .text.vTaskDelay
                0x0000000008006b24       0x68 ./Middlewares/Third_Party/FreeRTOS/Source/tasks.o
                0x0000000008006b24                vTaskDelay
 .text.vTaskStartScheduler
                0x0000000008006b8c       0xcc ./Middlewares/Third_Party/FreeRTOS/Source/tasks.o
                0x0000000008006b8c                vTaskStartScheduler
 .text.vTaskSuspendAll
                0x0000000008006c58       0x1c ./Middlewares/Third_Party/FreeRTOS/Source/tasks.o
                0x0000000008006c58                vTaskSuspendAll
 .text.xTaskResumeAll
                0x0000000008006c74      0x13c ./Middlewares/Third_Party/FreeRTOS/Source/tasks.o
                0x0000000008006c74                xTaskResumeAll
 .text.xTaskGetTickCount
                0x0000000008006db0       0x20 ./Middlewares/Third_Party/FreeRTOS/Source/tasks.o
                0x0000000008006db0                xTaskGetTickCount
 .text.xTaskIncrementTick
                0x0000000008006dd0      0x174 ./Middlewares/Third_Party/FreeRTOS/Source/tasks.o
                0x0000000008006dd0                xTaskIncrementTick
 .text.vTaskSwitchContext
                0x0000000008006f44       0xbc ./Middlewares/Third_Party/FreeRTOS/Source/tasks.o
                0x0000000008006f44                vTaskSwitchContext
 .text.vTaskPlaceOnEventList
                0x0000000008007000       0x48 ./Middlewares/Third_Party/FreeRTOS/Source/tasks.o
                0x0000000008007000                vTaskPlaceOnEventList
 .text.vTaskPlaceOnUnorderedEventList
                0x0000000008007048       0x78 ./Middlewares/Third_Party/FreeRTOS/Source/tasks.o
                0x0000000008007048                vTaskPlaceOnUnorderedEventList
 .text.vTaskPlaceOnEventListRestricted
                0x00000000080070c0       0x58 ./Middlewares/Third_Party/FreeRTOS/Source/tasks.o
                0x00000000080070c0                vTaskPlaceOnEventListRestricted
 .text.xTaskRemoveFromEventList
                0x0000000008007118       0xc8 ./Middlewares/Third_Party/FreeRTOS/Source/tasks.o
                0x0000000008007118                xTaskRemoveFromEventList
 .text.vTaskRemoveFromUnorderedEventList
                0x00000000080071e0       0xc4 ./Middlewares/Third_Party/FreeRTOS/Source/tasks.o
                0x00000000080071e0                vTaskRemoveFromUnorderedEventList
 .text.vTaskInternalSetTimeOutState
                0x00000000080072a4       0x2c ./Middlewares/Third_Party/FreeRTOS/Source/tasks.o
                0x00000000080072a4                vTaskInternalSetTimeOutState
 .text.xTaskCheckForTimeOut
                0x00000000080072d0       0xc4 ./Middlewares/Third_Party/FreeRTOS/Source/tasks.o
                0x00000000080072d0                xTaskCheckForTimeOut
 .text.vTaskMissedYield
                0x0000000008007394       0x18 ./Middlewares/Third_Party/FreeRTOS/Source/tasks.o
                0x0000000008007394                vTaskMissedYield
 .text.prvIdleTask
                0x00000000080073ac       0x30 ./Middlewares/Third_Party/FreeRTOS/Source/tasks.o
 .text.prvInitialiseTaskLists
                0x00000000080073dc       0x80 ./Middlewares/Third_Party/FreeRTOS/Source/tasks.o
 .text.prvCheckTasksWaitingTermination
                0x000000000800745c       0x5c ./Middlewares/Third_Party/FreeRTOS/Source/tasks.o
 .text.prvDeleteTCB
                0x00000000080074b8       0x5e ./Middlewares/Third_Party/FreeRTOS/Source/tasks.o
 *fill*         0x0000000008007516        0x2 
 .text.prvResetNextTaskUnblockTime
                0x0000000008007518       0x40 ./Middlewares/Third_Party/FreeRTOS/Source/tasks.o
 .text.xTaskGetSchedulerState
                0x0000000008007558       0x3c ./Middlewares/Third_Party/FreeRTOS/Source/tasks.o
                0x0000000008007558                xTaskGetSchedulerState
 .text.xTaskPriorityDisinherit
                0x0000000008007594       0xdc ./Middlewares/Third_Party/FreeRTOS/Source/tasks.o
                0x0000000008007594                xTaskPriorityDisinherit
 .text.uxTaskResetEventItemValue
                0x0000000008007670       0x30 ./Middlewares/Third_Party/FreeRTOS/Source/tasks.o
                0x0000000008007670                uxTaskResetEventItemValue
 .text.prvAddCurrentTaskToDelayedList
                0x00000000080076a0       0xa8 ./Middlewares/Third_Party/FreeRTOS/Source/tasks.o
 .text.xTimerCreateTimerTask
                0x0000000008007748       0x90 ./Middlewares/Third_Party/FreeRTOS/Source/timers.o
                0x0000000008007748                xTimerCreateTimerTask
 .text.xTimerGenericCommand
                0x00000000080077d8       0x9c ./Middlewares/Third_Party/FreeRTOS/Source/timers.o
                0x00000000080077d8                xTimerGenericCommand
 .text.prvProcessExpiredTimer
                0x0000000008007874       0x98 ./Middlewares/Third_Party/FreeRTOS/Source/timers.o
 .text.prvTimerTask
                0x000000000800790c       0x24 ./Middlewares/Third_Party/FreeRTOS/Source/timers.o
 .text.prvProcessTimerOrBlockTask
                0x0000000008007930       0x9c ./Middlewares/Third_Party/FreeRTOS/Source/timers.o
 .text.prvGetNextExpireTime
                0x00000000080079cc       0x48 ./Middlewares/Third_Party/FreeRTOS/Source/timers.o
 .text.prvSampleTimeNow
                0x0000000008007a14       0x40 ./Middlewares/Third_Party/FreeRTOS/Source/timers.o
 .text.prvInsertTimerInActiveList
                0x0000000008007a54       0x84 ./Middlewares/Third_Party/FreeRTOS/Source/timers.o
 .text.prvProcessReceivedCommands
                0x0000000008007ad8      0x1c4 ./Middlewares/Third_Party/FreeRTOS/Source/timers.o
 .text.prvSwitchTimerLists
                0x0000000008007c9c       0xc8 ./Middlewares/Third_Party/FreeRTOS/Source/timers.o
 .text.prvCheckForValidListAndQueue
                0x0000000008007d64       0x80 ./Middlewares/Third_Party/FreeRTOS/Source/timers.o
 .text.xTimerPendFunctionCallFromISR
                0x0000000008007de4       0x40 ./Middlewares/Third_Party/FreeRTOS/Source/timers.o
                0x0000000008007de4                xTimerPendFunctionCallFromISR
 .text.pxPortInitialiseStack
                0x0000000008007e24       0x68 ./Middlewares/Third_Party/FreeRTOS/Source/portable/GCC/ARM_CM4F/port.o
                0x0000000008007e24                pxPortInitialiseStack
 .text.prvTaskExitError
                0x0000000008007e8c       0x58 ./Middlewares/Third_Party/FreeRTOS/Source/portable/GCC/ARM_CM4F/port.o
 *fill*         0x0000000008007ee4        0xc 
 .text.SVC_Handler
                0x0000000008007ef0       0x28 ./Middlewares/Third_Party/FreeRTOS/Source/portable/GCC/ARM_CM4F/port.o
                0x0000000008007ef0                SVC_Handler
 .text.prvPortStartFirstTask
                0x0000000008007f18       0x28 ./Middlewares/Third_Party/FreeRTOS/Source/portable/GCC/ARM_CM4F/port.o
 .text.xPortStartScheduler
                0x0000000008007f40      0x144 ./Middlewares/Third_Party/FreeRTOS/Source/portable/GCC/ARM_CM4F/port.o
                0x0000000008007f40                xPortStartScheduler
 .text.vPortEnterCritical
                0x0000000008008084       0x60 ./Middlewares/Third_Party/FreeRTOS/Source/portable/GCC/ARM_CM4F/port.o
                0x0000000008008084                vPortEnterCritical
 .text.vPortExitCritical
                0x00000000080080e4       0x54 ./Middlewares/Third_Party/FreeRTOS/Source/portable/GCC/ARM_CM4F/port.o
                0x00000000080080e4                vPortExitCritical
 *fill*         0x0000000008008138        0x8 
 .text.PendSV_Handler
                0x0000000008008140       0x68 ./Middlewares/Third_Party/FreeRTOS/Source/portable/GCC/ARM_CM4F/port.o
                0x0000000008008140                PendSV_Handler
 .text.xPortSysTickHandler
                0x00000000080081a8       0x44 ./Middlewares/Third_Party/FreeRTOS/Source/portable/GCC/ARM_CM4F/port.o
                0x00000000080081a8                xPortSysTickHandler
 .text.vPortSetupTimerInterrupt
                0x00000000080081ec       0x48 ./Middlewares/Third_Party/FreeRTOS/Source/portable/GCC/ARM_CM4F/port.o
                0x00000000080081ec                vPortSetupTimerInterrupt
 .text.vPortEnableVFP
                0x0000000008008234       0x14 ./Middlewares/Third_Party/FreeRTOS/Source/portable/GCC/ARM_CM4F/port.o
 .text.vPortValidateInterruptPriority
                0x0000000008008248       0x80 ./Middlewares/Third_Party/FreeRTOS/Source/portable/GCC/ARM_CM4F/port.o
                0x0000000008008248                vPortValidateInterruptPriority
 .text.pvPortMalloc
                0x00000000080082c8      0x198 ./Middlewares/Third_Party/FreeRTOS/Source/portable/MemMang/heap_4.o
                0x00000000080082c8                pvPortMalloc
 .text.vPortFree
                0x0000000008008460       0xc4 ./Middlewares/Third_Party/FreeRTOS/Source/portable/MemMang/heap_4.o
                0x0000000008008460                vPortFree
 .text.prvHeapInit
                0x0000000008008524       0xc4 ./Middlewares/Third_Party/FreeRTOS/Source/portable/MemMang/heap_4.o
 .text.prvInsertBlockIntoFreeList
                0x00000000080085e8       0xb4 ./Middlewares/Third_Party/FreeRTOS/Source/portable/MemMang/heap_4.o
 .text.__libc_init_array
                0x000000000800869c       0x48 c:/st/stm32cubeide_1.8.0/stm32cubeide/plugins/com.st.stm32cube.ide.mcu.externaltools.gnu-tools-for-stm32.9-2020-q2-update.win32_2.0.0.202105311346/tools/bin/../lib/gcc/arm-none-eabi/9.3.1/../../../../arm-none-eabi/lib/thumb/v7e-m+fp/hard\libc_nano.a(lib_a-init.o)
                0x000000000800869c                __libc_init_array
 .text.memcpy   0x00000000080086e4       0x1c c:/st/stm32cubeide_1.8.0/stm32cubeide/plugins/com.st.stm32cube.ide.mcu.externaltools.gnu-tools-for-stm32.9-2020-q2-update.win32_2.0.0.202105311346/tools/bin/../lib/gcc/arm-none-eabi/9.3.1/../../../../arm-none-eabi/lib/thumb/v7e-m+fp/hard\libc_nano.a(lib_a-memcpy-stub.o)
                0x00000000080086e4                memcpy
 .text.memset   0x0000000008008700       0x10 c:/st/stm32cubeide_1.8.0/stm32cubeide/plugins/com.st.stm32cube.ide.mcu.externaltools.gnu-tools-for-stm32.9-2020-q2-update.win32_2.0.0.202105311346/tools/bin/../lib/gcc/arm-none-eabi/9.3.1/../../../../arm-none-eabi/lib/thumb/v7e-m+fp/hard\libc_nano.a(lib_a-memset.o)
                0x0000000008008700                memset
 *(.glue_7)
 .glue_7        0x0000000008008710        0x0 linker stubs
 *(.glue_7t)
 .glue_7t       0x0000000008008710        0x0 linker stubs
 *(.eh_frame)
 .eh_frame      0x0000000008008710        0x0 c:/st/stm32cubeide_1.8.0/stm32cubeide/plugins/com.st.stm32cube.ide.mcu.externaltools.gnu-tools-for-stm32.9-2020-q2-update.win32_2.0.0.202105311346/tools/bin/../lib/gcc/arm-none-eabi/9.3.1/thumb/v7e-m+fp/hard/crtbegin.o
 *(.init)
 .init          0x0000000008008710        0x4 c:/st/stm32cubeide_1.8.0/stm32cubeide/plugins/com.st.stm32cube.ide.mcu.externaltools.gnu-tools-for-stm32.9-2020-q2-update.win32_2.0.0.202105311346/tools/bin/../lib/gcc/arm-none-eabi/9.3.1/thumb/v7e-m+fp/hard/crti.o
                0x0000000008008710                _init
 .init          0x0000000008008714        0x8 c:/st/stm32cubeide_1.8.0/stm32cubeide/plugins/com.st.stm32cube.ide.mcu.externaltools.gnu-tools-for-stm32.9-2020-q2-update.win32_2.0.0.202105311346/tools/bin/../lib/gcc/arm-none-eabi/9.3.1/thumb/v7e-m+fp/hard/crtn.o
 *(.fini)
 .fini          0x000000000800871c        0x4 c:/st/stm32cubeide_1.8.0/stm32cubeide/plugins/com.st.stm32cube.ide.mcu.externaltools.gnu-tools-for-stm32.9-2020-q2-update.win32_2.0.0.202105311346/tools/bin/../lib/gcc/arm-none-eabi/9.3.1/thumb/v7e-m+fp/hard/crti.o
                0x000000000800871c                _fini
 .fini          0x0000000008008720        0x8 c:/st/stm32cubeide_1.8.0/stm32cubeide/plugins/com.st.stm32cube.ide.mcu.externaltools.gnu-tools-for-stm32.9-2020-q2-update.win32_2.0.0.202105311346/tools/bin/../lib/gcc/arm-none-eabi/9.3.1/thumb/v7e-m+fp/hard/crtn.o
                0x0000000008008728                . = ALIGN (0x4)
                0x0000000008008728                _etext = .

.vfp11_veneer   0x0000000008008728        0x0
 .vfp11_veneer  0x0000000008008728        0x0 linker stubs

.v4_bx          0x0000000008008728        0x0
 .v4_bx         0x0000000008008728        0x0 linker stubs

.iplt           0x0000000008008728        0x0
 .iplt          0x0000000008008728        0x0 c:/st/stm32cubeide_1.8.0/stm32cubeide/plugins/com.st.stm32cube.ide.mcu.externaltools.gnu-tools-for-stm32.9-2020-q2-update.win32_2.0.0.202105311346/tools/bin/../lib/gcc/arm-none-eabi/9.3.1/thumb/v7e-m+fp/hard/crtbegin.o

.rodata         0x0000000008008728       0xc8
                0x0000000008008728                . = ALIGN (0x4)
 *(.rodata)
 .rodata        0x0000000008008728       0x23 ./Core/Src/main.o
 *fill*         0x000000000800874b        0x1 
 .rodata        0x000000000800874c        0x5 ./Middlewares/Third_Party/FreeRTOS/Source/tasks.o
 *fill*         0x0000000008008751        0x3 
 .rodata        0x0000000008008754        0xd ./Middlewares/Third_Party/FreeRTOS/Source/timers.o
 *(.rodata*)
 *fill*         0x0000000008008761        0x3 
 .rodata.MainTask_attributes
                0x0000000008008764       0x24 ./Core/Src/main.o
                0x0000000008008764                MainTask_attributes
 .rodata.SerialCommTask_attributes
                0x0000000008008788       0x24 ./Core/Src/main.o
                0x0000000008008788                SerialCommTask_attributes
 .rodata.IOTask_attributes
                0x00000000080087ac       0x24 ./Core/Src/main.o
                0x00000000080087ac                IOTask_attributes
 .rodata.AHBPrescTable
                0x00000000080087d0       0x10 ./Core/Src/system_stm32f4xx.o
                0x00000000080087d0                AHBPrescTable
 .rodata.APBPrescTable
                0x00000000080087e0        0x8 ./Core/Src/system_stm32f4xx.o
                0x00000000080087e0                APBPrescTable
 .rodata.flagBitshiftOffset.8601
                0x00000000080087e8        0x8 ./Drivers/STM32F4xx_HAL_Driver/Src/stm32f4xx_hal_dma.o
                0x00000000080087f0                . = ALIGN (0x4)

.ARM.extab      0x00000000080087f0        0x0
                0x00000000080087f0                . = ALIGN (0x4)
 *(.ARM.extab* .gnu.linkonce.armextab.*)
                0x00000000080087f0                . = ALIGN (0x4)

.ARM            0x00000000080087f0        0x8
                0x00000000080087f0                . = ALIGN (0x4)
                0x00000000080087f0                __exidx_start = .
 *(.ARM.exidx*)
 .ARM.exidx     0x00000000080087f0        0x8 c:/st/stm32cubeide_1.8.0/stm32cubeide/plugins/com.st.stm32cube.ide.mcu.externaltools.gnu-tools-for-stm32.9-2020-q2-update.win32_2.0.0.202105311346/tools/bin/../lib/gcc/arm-none-eabi/9.3.1/thumb/v7e-m+fp/hard\libgcc.a(_udivmoddi4.o)
                0x00000000080087f8                __exidx_end = .
                0x00000000080087f8                . = ALIGN (0x4)

.rel.dyn        0x00000000080087f8        0x0
 .rel.iplt      0x00000000080087f8        0x0 c:/st/stm32cubeide_1.8.0/stm32cubeide/plugins/com.st.stm32cube.ide.mcu.externaltools.gnu-tools-for-stm32.9-2020-q2-update.win32_2.0.0.202105311346/tools/bin/../lib/gcc/arm-none-eabi/9.3.1/thumb/v7e-m+fp/hard/crtbegin.o

.preinit_array  0x00000000080087f8        0x0
                0x00000000080087f8                . = ALIGN (0x4)
                0x00000000080087f8                PROVIDE (__preinit_array_start = .)
 *(.preinit_array*)
                0x00000000080087f8                PROVIDE (__preinit_array_end = .)
                0x00000000080087f8                . = ALIGN (0x4)

.init_array     0x00000000080087f8        0x4
                0x00000000080087f8                . = ALIGN (0x4)
                0x00000000080087f8                PROVIDE (__init_array_start = .)
 *(SORT_BY_NAME(.init_array.*))
 *(.init_array*)
 .init_array    0x00000000080087f8        0x4 c:/st/stm32cubeide_1.8.0/stm32cubeide/plugins/com.st.stm32cube.ide.mcu.externaltools.gnu-tools-for-stm32.9-2020-q2-update.win32_2.0.0.202105311346/tools/bin/../lib/gcc/arm-none-eabi/9.3.1/thumb/v7e-m+fp/hard/crtbegin.o
                0x00000000080087fc                PROVIDE (__init_array_end = .)
                0x00000000080087fc                . = ALIGN (0x4)

.fini_array     0x00000000080087fc        0x4
                0x00000000080087fc                . = ALIGN (0x4)
                [!provide]                        PROVIDE (__fini_array_start = .)
 *(SORT_BY_NAME(.fini_array.*))
 *(.fini_array*)
 .fini_array    0x00000000080087fc        0x4 c:/st/stm32cubeide_1.8.0/stm32cubeide/plugins/com.st.stm32cube.ide.mcu.externaltools.gnu-tools-for-stm32.9-2020-q2-update.win32_2.0.0.202105311346/tools/bin/../lib/gcc/arm-none-eabi/9.3.1/thumb/v7e-m+fp/hard/crtbegin.o
                [!provide]                        PROVIDE (__fini_array_end = .)
                0x0000000008008800                . = ALIGN (0x4)
                0x0000000008008800                _sidata = LOADADDR (.data)

.data           0x0000000020000000       0x10 load address 0x0000000008008800
                0x0000000020000000                . = ALIGN (0x4)
                0x0000000020000000                _sdata = .
 *(.data)
 *(.data*)
 .data.SystemCoreClock
                0x0000000020000000        0x4 ./Core/Src/system_stm32f4xx.o
                0x0000000020000000                SystemCoreClock
 .data.uwTickPrio
                0x0000000020000004        0x4 ./Drivers/STM32F4xx_HAL_Driver/Src/stm32f4xx_hal.o
                0x0000000020000004                uwTickPrio
 .data.uwTickFreq
                0x0000000020000008        0x1 ./Drivers/STM32F4xx_HAL_Driver/Src/stm32f4xx_hal.o
                0x0000000020000008                uwTickFreq
 *fill*         0x0000000020000009        0x3 
 .data.uxCriticalNesting
                0x000000002000000c        0x4 ./Middlewares/Third_Party/FreeRTOS/Source/portable/GCC/ARM_CM4F/port.o
 *(.RamFunc)
 *(.RamFunc*)
                0x0000000020000010                . = ALIGN (0x4)
                0x0000000020000010                _edata = .

.igot.plt       0x0000000020000010        0x0 load address 0x0000000008008810
 .igot.plt      0x0000000020000010        0x0 c:/st/stm32cubeide_1.8.0/stm32cubeide/plugins/com.st.stm32cube.ide.mcu.externaltools.gnu-tools-for-stm32.9-2020-q2-update.win32_2.0.0.202105311346/tools/bin/../lib/gcc/arm-none-eabi/9.3.1/thumb/v7e-m+fp/hard/crtbegin.o
                0x0000000020000010                . = ALIGN (0x4)

.bss            0x0000000020000010     0x54d4 load address 0x0000000008008810
                0x0000000020000010                _sbss = .
                0x0000000020000010                __bss_start__ = _sbss
 *(.bss)
 .bss           0x0000000020000010       0x1c c:/st/stm32cubeide_1.8.0/stm32cubeide/plugins/com.st.stm32cube.ide.mcu.externaltools.gnu-tools-for-stm32.9-2020-q2-update.win32_2.0.0.202105311346/tools/bin/../lib/gcc/arm-none-eabi/9.3.1/thumb/v7e-m+fp/hard/crtbegin.o
 *(.bss*)
 .bss.command_pointers
                0x000000002000002c      0x300 ./Bibliotecas/UART/Slave/server.o
 .bss.UART_timeout
                0x000000002000032c        0x4 ./Bibliotecas/UART/Slave/server.o
 .bss.UART_handler
                0x0000000020000330        0x4 ./Bibliotecas/UART/Slave/server.o
 .bss.current_state
                0x0000000020000334        0x1 ./Bibliotecas/UART/Slave/server.o
 *fill*         0x0000000020000335        0x3 
 .bss.UART_EventFlagsHandle
                0x0000000020000338        0x4 ./Bibliotecas/UART/Slave/server.o
 .bss.tx_frame.9353
                0x000000002000033c        0x8 ./Bibliotecas/UART/Slave/server.o
 .bss.rx_frame.9354
                0x0000000020000344        0x7 ./Bibliotecas/UART/Slave/server.o
 *fill*         0x000000002000034b        0x1 
 .bss.KernelState
                0x000000002000034c        0x4 ./Middlewares/Third_Party/FreeRTOS/Source/CMSIS_RTOS_V2/cmsis_os2.o
 .bss.Idle_TCB.10399
                0x0000000020000350       0x5c ./Middlewares/Third_Party/FreeRTOS/Source/CMSIS_RTOS_V2/cmsis_os2.o
 .bss.Idle_Stack.10400
                0x00000000200003ac      0x400 ./Middlewares/Third_Party/FreeRTOS/Source/CMSIS_RTOS_V2/cmsis_os2.o
 .bss.Timer_TCB.10406
                0x00000000200007ac       0x5c ./Middlewares/Third_Party/FreeRTOS/Source/CMSIS_RTOS_V2/cmsis_os2.o
 .bss.Timer_Stack.10407
                0x0000000020000808      0x800 ./Middlewares/Third_Party/FreeRTOS/Source/CMSIS_RTOS_V2/cmsis_os2.o
 .bss.pxCurrentTCB
                0x0000000020001008        0x4 ./Middlewares/Third_Party/FreeRTOS/Source/tasks.o
                0x0000000020001008                pxCurrentTCB
 .bss.pxReadyTasksLists
                0x000000002000100c      0x460 ./Middlewares/Third_Party/FreeRTOS/Source/tasks.o
 .bss.xDelayedTaskList1
                0x000000002000146c       0x14 ./Middlewares/Third_Party/FreeRTOS/Source/tasks.o
 .bss.xDelayedTaskList2
                0x0000000020001480       0x14 ./Middlewares/Third_Party/FreeRTOS/Source/tasks.o
 .bss.pxDelayedTaskList
                0x0000000020001494        0x4 ./Middlewares/Third_Party/FreeRTOS/Source/tasks.o
 .bss.pxOverflowDelayedTaskList
                0x0000000020001498        0x4 ./Middlewares/Third_Party/FreeRTOS/Source/tasks.o
 .bss.xPendingReadyList
                0x000000002000149c       0x14 ./Middlewares/Third_Party/FreeRTOS/Source/tasks.o
 .bss.xTasksWaitingTermination
                0x00000000200014b0       0x14 ./Middlewares/Third_Party/FreeRTOS/Source/tasks.o
 .bss.uxDeletedTasksWaitingCleanUp
                0x00000000200014c4        0x4 ./Middlewares/Third_Party/FreeRTOS/Source/tasks.o
 .bss.xSuspendedTaskList
                0x00000000200014c8       0x14 ./Middlewares/Third_Party/FreeRTOS/Source/tasks.o
 .bss.uxCurrentNumberOfTasks
                0x00000000200014dc        0x4 ./Middlewares/Third_Party/FreeRTOS/Source/tasks.o
 .bss.xTickCount
                0x00000000200014e0        0x4 ./Middlewares/Third_Party/FreeRTOS/Source/tasks.o
 .bss.uxTopReadyPriority
                0x00000000200014e4        0x4 ./Middlewares/Third_Party/FreeRTOS/Source/tasks.o
 .bss.xSchedulerRunning
                0x00000000200014e8        0x4 ./Middlewares/Third_Party/FreeRTOS/Source/tasks.o
 .bss.xPendedTicks
                0x00000000200014ec        0x4 ./Middlewares/Third_Party/FreeRTOS/Source/tasks.o
 .bss.xYieldPending
                0x00000000200014f0        0x4 ./Middlewares/Third_Party/FreeRTOS/Source/tasks.o
 .bss.xNumOfOverflows
                0x00000000200014f4        0x4 ./Middlewares/Third_Party/FreeRTOS/Source/tasks.o
 .bss.uxTaskNumber
                0x00000000200014f8        0x4 ./Middlewares/Third_Party/FreeRTOS/Source/tasks.o
 .bss.xNextTaskUnblockTime
                0x00000000200014fc        0x4 ./Middlewares/Third_Party/FreeRTOS/Source/tasks.o
 .bss.xIdleTaskHandle
                0x0000000020001500        0x4 ./Middlewares/Third_Party/FreeRTOS/Source/tasks.o
 .bss.uxSchedulerSuspended
                0x0000000020001504        0x4 ./Middlewares/Third_Party/FreeRTOS/Source/tasks.o
 .bss.xActiveTimerList1
                0x0000000020001508       0x14 ./Middlewares/Third_Party/FreeRTOS/Source/timers.o
 .bss.xActiveTimerList2
                0x000000002000151c       0x14 ./Middlewares/Third_Party/FreeRTOS/Source/timers.o
 .bss.pxCurrentTimerList
                0x0000000020001530        0x4 ./Middlewares/Third_Party/FreeRTOS/Source/timers.o
 .bss.pxOverflowTimerList
                0x0000000020001534        0x4 ./Middlewares/Third_Party/FreeRTOS/Source/timers.o
 .bss.xTimerQueue
                0x0000000020001538        0x4 ./Middlewares/Third_Party/FreeRTOS/Source/timers.o
 .bss.xTimerTaskHandle
                0x000000002000153c        0x4 ./Middlewares/Third_Party/FreeRTOS/Source/timers.o
 .bss.xLastTime.6925
                0x0000000020001540        0x4 ./Middlewares/Third_Party/FreeRTOS/Source/timers.o
 .bss.ucStaticTimerQueueStorage.6976
                0x0000000020001544       0xa0 ./Middlewares/Third_Party/FreeRTOS/Source/timers.o
 .bss.xStaticTimerQueue.6975
                0x00000000200015e4       0x50 ./Middlewares/Third_Party/FreeRTOS/Source/timers.o
 .bss.ucMaxSysCallPriority
                0x0000000020001634        0x1 ./Middlewares/Third_Party/FreeRTOS/Source/portable/GCC/ARM_CM4F/port.o
 *fill*         0x0000000020001635        0x3 
 .bss.ulMaxPRIGROUPValue
                0x0000000020001638        0x4 ./Middlewares/Third_Party/FreeRTOS/Source/portable/GCC/ARM_CM4F/port.o
 .bss.ucHeap    0x000000002000163c     0x3c00 ./Middlewares/Third_Party/FreeRTOS/Source/portable/MemMang/heap_4.o
 .bss.xStart    0x000000002000523c        0x8 ./Middlewares/Third_Party/FreeRTOS/Source/portable/MemMang/heap_4.o
 .bss.pxEnd     0x0000000020005244        0x4 ./Middlewares/Third_Party/FreeRTOS/Source/portable/MemMang/heap_4.o
 .bss.xFreeBytesRemaining
                0x0000000020005248        0x4 ./Middlewares/Third_Party/FreeRTOS/Source/portable/MemMang/heap_4.o
 .bss.xMinimumEverFreeBytesRemaining
                0x000000002000524c        0x4 ./Middlewares/Third_Party/FreeRTOS/Source/portable/MemMang/heap_4.o
 .bss.xNumberOfSuccessfulAllocations
                0x0000000020005250        0x4 ./Middlewares/Third_Party/FreeRTOS/Source/portable/MemMang/heap_4.o
 .bss.xNumberOfSuccessfulFrees
                0x0000000020005254        0x4 ./Middlewares/Third_Party/FreeRTOS/Source/portable/MemMang/heap_4.o
 .bss.xBlockAllocatedBit
                0x0000000020005258        0x4 ./Middlewares/Third_Party/FreeRTOS/Source/portable/MemMang/heap_4.o
 *(COMMON)
 COMMON         0x000000002000525c      0x1fc ./Core/Src/main.o
                0x000000002000525c                SerialCommTaskHandle
                0x0000000020005260                htim3
                0x00000000200052a8                MainTaskHandle
                0x00000000200052ac                hadc1
                0x00000000200052f4                IOTaskHandle
                0x00000000200052f8                hdma_adc1
                0x0000000020005358                current_sample_index
                0x000000002000535c                analog_buffer
                0x000000002000540c                ADC_DMA_buffer
                0x0000000020005414                huart2
 COMMON         0x0000000020005458       0x48 ./Core/Src/stm32f4xx_hal_timebase_tim.o
                0x0000000020005458                htim1
 COMMON         0x00000000200054a0        0x4 ./Drivers/STM32F4xx_HAL_Driver/Src/stm32f4xx_hal.o
                0x00000000200054a0                uwTick
 COMMON         0x00000000200054a4       0x40 ./Middlewares/Third_Party/FreeRTOS/Source/queue.o
                0x00000000200054a4                xQueueRegistry
                0x00000000200054e4                . = ALIGN (0x4)
                0x00000000200054e4                _ebss = .
                0x00000000200054e4                __bss_end__ = _ebss

._user_heap_stack
                0x00000000200054e4      0x604 load address 0x0000000008008810
                0x00000000200054e8                . = ALIGN (0x8)
 *fill*         0x00000000200054e4        0x4 
                [!provide]                        PROVIDE (end = .)
                0x00000000200054e8                PROVIDE (_end = .)
                0x00000000200056e8                . = (. + _Min_Heap_Size)
 *fill*         0x00000000200054e8      0x200 
                0x0000000020005ae8                . = (. + _Min_Stack_Size)
 *fill*         0x00000000200056e8      0x400 
                0x0000000020005ae8                . = ALIGN (0x8)

/DISCARD/
 libc.a(*)
 libm.a(*)
 libgcc.a(*)

.ARM.attributes
                0x0000000000000000       0x30
 *(.ARM.attributes)
 .ARM.attributes
                0x0000000000000000       0x1e c:/st/stm32cubeide_1.8.0/stm32cubeide/plugins/com.st.stm32cube.ide.mcu.externaltools.gnu-tools-for-stm32.9-2020-q2-update.win32_2.0.0.202105311346/tools/bin/../lib/gcc/arm-none-eabi/9.3.1/thumb/v7e-m+fp/hard/crti.o
 .ARM.attributes
                0x000000000000001e       0x34 c:/st/stm32cubeide_1.8.0/stm32cubeide/plugins/com.st.stm32cube.ide.mcu.externaltools.gnu-tools-for-stm32.9-2020-q2-update.win32_2.0.0.202105311346/tools/bin/../lib/gcc/arm-none-eabi/9.3.1/thumb/v7e-m+fp/hard/crtbegin.o
 .ARM.attributes
                0x0000000000000052       0x34 ./Bibliotecas/UART/Slave/server.o
 .ARM.attributes
                0x0000000000000086       0x34 ./Core/Src/main.o
 .ARM.attributes
                0x00000000000000ba       0x34 ./Core/Src/stm32f4xx_hal_msp.o
 .ARM.attributes
                0x00000000000000ee       0x34 ./Core/Src/stm32f4xx_hal_timebase_tim.o
 .ARM.attributes
                0x0000000000000122       0x34 ./Core/Src/stm32f4xx_it.o
 .ARM.attributes
                0x0000000000000156       0x34 ./Core/Src/system_stm32f4xx.o
 .ARM.attributes
                0x000000000000018a       0x21 ./Core/Startup/startup_stm32f411retx.o
 .ARM.attributes
                0x00000000000001ab       0x34 ./Drivers/STM32F4xx_HAL_Driver/Src/stm32f4xx_hal.o
 .ARM.attributes
                0x00000000000001df       0x34 ./Drivers/STM32F4xx_HAL_Driver/Src/stm32f4xx_hal_adc.o
 .ARM.attributes
                0x0000000000000213       0x34 ./Drivers/STM32F4xx_HAL_Driver/Src/stm32f4xx_hal_cortex.o
 .ARM.attributes
                0x0000000000000247       0x34 ./Drivers/STM32F4xx_HAL_Driver/Src/stm32f4xx_hal_dma.o
 .ARM.attributes
                0x000000000000027b       0x34 ./Drivers/STM32F4xx_HAL_Driver/Src/stm32f4xx_hal_gpio.o
 .ARM.attributes
                0x00000000000002af       0x34 ./Drivers/STM32F4xx_HAL_Driver/Src/stm32f4xx_hal_rcc.o
 .ARM.attributes
                0x00000000000002e3       0x34 ./Drivers/STM32F4xx_HAL_Driver/Src/stm32f4xx_hal_tim.o
 .ARM.attributes
                0x0000000000000317       0x34 ./Drivers/STM32F4xx_HAL_Driver/Src/stm32f4xx_hal_tim_ex.o
 .ARM.attributes
                0x000000000000034b       0x34 ./Drivers/STM32F4xx_HAL_Driver/Src/stm32f4xx_hal_uart.o
 .ARM.attributes
                0x000000000000037f       0x34 ./Middlewares/Third_Party/FreeRTOS/Source/CMSIS_RTOS_V2/cmsis_os2.o
 .ARM.attributes
                0x00000000000003b3       0x34 ./Middlewares/Third_Party/FreeRTOS/Source/event_groups.o
 .ARM.attributes
                0x00000000000003e7       0x34 ./Middlewares/Third_Party/FreeRTOS/Source/list.o
 .ARM.attributes
                0x000000000000041b       0x34 ./Middlewares/Third_Party/FreeRTOS/Source/queue.o
 .ARM.attributes
                0x000000000000044f       0x34 ./Middlewares/Third_Party/FreeRTOS/Source/tasks.o
 .ARM.attributes
                0x0000000000000483       0x34 ./Middlewares/Third_Party/FreeRTOS/Source/timers.o
 .ARM.attributes
                0x00000000000004b7       0x34 ./Middlewares/Third_Party/FreeRTOS/Source/portable/GCC/ARM_CM4F/port.o
 .ARM.attributes
                0x00000000000004eb       0x34 ./Middlewares/Third_Party/FreeRTOS/Source/portable/MemMang/heap_4.o
 .ARM.attributes
                0x000000000000051f       0x34 c:/st/stm32cubeide_1.8.0/stm32cubeide/plugins/com.st.stm32cube.ide.mcu.externaltools.gnu-tools-for-stm32.9-2020-q2-update.win32_2.0.0.202105311346/tools/bin/../lib/gcc/arm-none-eabi/9.3.1/../../../../arm-none-eabi/lib/thumb/v7e-m+fp/hard\libc_nano.a(lib_a-init.o)
 .ARM.attributes
                0x0000000000000553       0x34 c:/st/stm32cubeide_1.8.0/stm32cubeide/plugins/com.st.stm32cube.ide.mcu.externaltools.gnu-tools-for-stm32.9-2020-q2-update.win32_2.0.0.202105311346/tools/bin/../lib/gcc/arm-none-eabi/9.3.1/../../../../arm-none-eabi/lib/thumb/v7e-m+fp/hard\libc_nano.a(lib_a-memcpy-stub.o)
 .ARM.attributes
                0x0000000000000587       0x34 c:/st/stm32cubeide_1.8.0/stm32cubeide/plugins/com.st.stm32cube.ide.mcu.externaltools.gnu-tools-for-stm32.9-2020-q2-update.win32_2.0.0.202105311346/tools/bin/../lib/gcc/arm-none-eabi/9.3.1/../../../../arm-none-eabi/lib/thumb/v7e-m+fp/hard\libc_nano.a(lib_a-memset.o)
 .ARM.attributes
                0x00000000000005bb       0x1e c:/st/stm32cubeide_1.8.0/stm32cubeide/plugins/com.st.stm32cube.ide.mcu.externaltools.gnu-tools-for-stm32.9-2020-q2-update.win32_2.0.0.202105311346/tools/bin/../lib/gcc/arm-none-eabi/9.3.1/thumb/v7e-m+fp/hard\libgcc.a(_arm_muldf3.o)
 .ARM.attributes
                0x00000000000005d9       0x1e c:/st/stm32cubeide_1.8.0/stm32cubeide/plugins/com.st.stm32cube.ide.mcu.externaltools.gnu-tools-for-stm32.9-2020-q2-update.win32_2.0.0.202105311346/tools/bin/../lib/gcc/arm-none-eabi/9.3.1/thumb/v7e-m+fp/hard\libgcc.a(_arm_addsubdf3.o)
 .ARM.attributes
                0x00000000000005f7       0x1e c:/st/stm32cubeide_1.8.0/stm32cubeide/plugins/com.st.stm32cube.ide.mcu.externaltools.gnu-tools-for-stm32.9-2020-q2-update.win32_2.0.0.202105311346/tools/bin/../lib/gcc/arm-none-eabi/9.3.1/thumb/v7e-m+fp/hard\libgcc.a(_arm_truncdfsf2.o)
 .ARM.attributes
                0x0000000000000615       0x1e c:/st/stm32cubeide_1.8.0/stm32cubeide/plugins/com.st.stm32cube.ide.mcu.externaltools.gnu-tools-for-stm32.9-2020-q2-update.win32_2.0.0.202105311346/tools/bin/../lib/gcc/arm-none-eabi/9.3.1/thumb/v7e-m+fp/hard\libgcc.a(_aeabi_uldivmod.o)
 .ARM.attributes
                0x0000000000000633       0x34 c:/st/stm32cubeide_1.8.0/stm32cubeide/plugins/com.st.stm32cube.ide.mcu.externaltools.gnu-tools-for-stm32.9-2020-q2-update.win32_2.0.0.202105311346/tools/bin/../lib/gcc/arm-none-eabi/9.3.1/thumb/v7e-m+fp/hard\libgcc.a(_udivmoddi4.o)
 .ARM.attributes
                0x0000000000000667       0x1e c:/st/stm32cubeide_1.8.0/stm32cubeide/plugins/com.st.stm32cube.ide.mcu.externaltools.gnu-tools-for-stm32.9-2020-q2-update.win32_2.0.0.202105311346/tools/bin/../lib/gcc/arm-none-eabi/9.3.1/thumb/v7e-m+fp/hard\libgcc.a(_dvmd_tls.o)
 .ARM.attributes
                0x0000000000000685       0x1e c:/st/stm32cubeide_1.8.0/stm32cubeide/plugins/com.st.stm32cube.ide.mcu.externaltools.gnu-tools-for-stm32.9-2020-q2-update.win32_2.0.0.202105311346/tools/bin/../lib/gcc/arm-none-eabi/9.3.1/thumb/v7e-m+fp/hard/crtn.o
OUTPUT(ProyectoBase.elf elf32-littlearm)
LOAD linker stubs
LOAD c:/st/stm32cubeide_1.8.0/stm32cubeide/plugins/com.st.stm32cube.ide.mcu.externaltools.gnu-tools-for-stm32.9-2020-q2-update.win32_2.0.0.202105311346/tools/bin/../lib/gcc/arm-none-eabi/9.3.1/../../../../arm-none-eabi/lib/thumb/v7e-m+fp/hard\libc.a
LOAD c:/st/stm32cubeide_1.8.0/stm32cubeide/plugins/com.st.stm32cube.ide.mcu.externaltools.gnu-tools-for-stm32.9-2020-q2-update.win32_2.0.0.202105311346/tools/bin/../lib/gcc/arm-none-eabi/9.3.1/../../../../arm-none-eabi/lib/thumb/v7e-m+fp/hard\libm.a
LOAD c:/st/stm32cubeide_1.8.0/stm32cubeide/plugins/com.st.stm32cube.ide.mcu.externaltools.gnu-tools-for-stm32.9-2020-q2-update.win32_2.0.0.202105311346/tools/bin/../lib/gcc/arm-none-eabi/9.3.1/thumb/v7e-m+fp/hard\libgcc.a

.debug_info     0x0000000000000000    0x1e291
 .debug_info    0x0000000000000000      0xa46 ./Bibliotecas/UART/Slave/server.o
 .debug_info    0x0000000000000a46     0x1b14 ./Core/Src/main.o
 .debug_info    0x000000000000255a     0x1296 ./Core/Src/stm32f4xx_hal_msp.o
 .debug_info    0x00000000000037f0      0xc00 ./Core/Src/stm32f4xx_hal_timebase_tim.o
 .debug_info    0x00000000000043f0      0xa4f ./Core/Src/stm32f4xx_it.o
 .debug_info    0x0000000000004e3f      0x5d0 ./Core/Src/system_stm32f4xx.o
 .debug_info    0x000000000000540f       0x22 ./Core/Startup/startup_stm32f411retx.o
 .debug_info    0x0000000000005431      0x944 ./Drivers/STM32F4xx_HAL_Driver/Src/stm32f4xx_hal.o
 .debug_info    0x0000000000005d75      0xdb4 ./Drivers/STM32F4xx_HAL_Driver/Src/stm32f4xx_hal_adc.o
 .debug_info    0x0000000000006b29      0xe47 ./Drivers/STM32F4xx_HAL_Driver/Src/stm32f4xx_hal_cortex.o
 .debug_info    0x0000000000007970      0x9e9 ./Drivers/STM32F4xx_HAL_Driver/Src/stm32f4xx_hal_dma.o
 .debug_info    0x0000000000008359      0x862 ./Drivers/STM32F4xx_HAL_Driver/Src/stm32f4xx_hal_gpio.o
 .debug_info    0x0000000000008bbb      0x9be ./Drivers/STM32F4xx_HAL_Driver/Src/stm32f4xx_hal_rcc.o
 .debug_info    0x0000000000009579     0x2c1a ./Drivers/STM32F4xx_HAL_Driver/Src/stm32f4xx_hal_tim.o
 .debug_info    0x000000000000c193     0x159a ./Drivers/STM32F4xx_HAL_Driver/Src/stm32f4xx_hal_tim_ex.o
 .debug_info    0x000000000000d72d     0x31d6 ./Drivers/STM32F4xx_HAL_Driver/Src/stm32f4xx_hal_uart.o
 .debug_info    0x0000000000010903     0x3d18 ./Middlewares/Third_Party/FreeRTOS/Source/CMSIS_RTOS_V2/cmsis_os2.o
 .debug_info    0x000000000001461b     0x140e ./Middlewares/Third_Party/FreeRTOS/Source/event_groups.o
 .debug_info    0x0000000000015a29      0xb82 ./Middlewares/Third_Party/FreeRTOS/Source/list.o
 .debug_info    0x00000000000165ab     0x23b0 ./Middlewares/Third_Party/FreeRTOS/Source/queue.o
 .debug_info    0x000000000001895b     0x2ac6 ./Middlewares/Third_Party/FreeRTOS/Source/tasks.o
 .debug_info    0x000000000001b421     0x1bf5 ./Middlewares/Third_Party/FreeRTOS/Source/timers.o
 .debug_info    0x000000000001d016      0x4f1 ./Middlewares/Third_Party/FreeRTOS/Source/portable/GCC/ARM_CM4F/port.o
 .debug_info    0x000000000001d507      0xd8a ./Middlewares/Third_Party/FreeRTOS/Source/portable/MemMang/heap_4.o

.debug_abbrev   0x0000000000000000     0x3b06
 .debug_abbrev  0x0000000000000000      0x288 ./Bibliotecas/UART/Slave/server.o
 .debug_abbrev  0x0000000000000288      0x2fd ./Core/Src/main.o
 .debug_abbrev  0x0000000000000585      0x211 ./Core/Src/stm32f4xx_hal_msp.o
 .debug_abbrev  0x0000000000000796      0x1d0 ./Core/Src/stm32f4xx_hal_timebase_tim.o
 .debug_abbrev  0x0000000000000966      0x187 ./Core/Src/stm32f4xx_it.o
 .debug_abbrev  0x0000000000000aed      0x145 ./Core/Src/system_stm32f4xx.o
 .debug_abbrev  0x0000000000000c32       0x12 ./Core/Startup/startup_stm32f411retx.o
 .debug_abbrev  0x0000000000000c44      0x21e ./Drivers/STM32F4xx_HAL_Driver/Src/stm32f4xx_hal.o
 .debug_abbrev  0x0000000000000e62      0x1ef ./Drivers/STM32F4xx_HAL_Driver/Src/stm32f4xx_hal_adc.o
 .debug_abbrev  0x0000000000001051      0x33c ./Drivers/STM32F4xx_HAL_Driver/Src/stm32f4xx_hal_cortex.o
 .debug_abbrev  0x000000000000138d      0x219 ./Drivers/STM32F4xx_HAL_Driver/Src/stm32f4xx_hal_dma.o
 .debug_abbrev  0x00000000000015a6      0x1f1 ./Drivers/STM32F4xx_HAL_Driver/Src/stm32f4xx_hal_gpio.o
 .debug_abbrev  0x0000000000001797      0x275 ./Drivers/STM32F4xx_HAL_Driver/Src/stm32f4xx_hal_rcc.o
 .debug_abbrev  0x0000000000001a0c      0x26f ./Drivers/STM32F4xx_HAL_Driver/Src/stm32f4xx_hal_tim.o
 .debug_abbrev  0x0000000000001c7b      0x277 ./Drivers/STM32F4xx_HAL_Driver/Src/stm32f4xx_hal_tim_ex.o
 .debug_abbrev  0x0000000000001ef2      0x2fc ./Drivers/STM32F4xx_HAL_Driver/Src/stm32f4xx_hal_uart.o
 .debug_abbrev  0x00000000000021ee      0x4bd ./Middlewares/Third_Party/FreeRTOS/Source/CMSIS_RTOS_V2/cmsis_os2.o
 .debug_abbrev  0x00000000000026ab      0x32f ./Middlewares/Third_Party/FreeRTOS/Source/event_groups.o
 .debug_abbrev  0x00000000000029da      0x1f7 ./Middlewares/Third_Party/FreeRTOS/Source/list.o
 .debug_abbrev  0x0000000000002bd1      0x380 ./Middlewares/Third_Party/FreeRTOS/Source/queue.o
 .debug_abbrev  0x0000000000002f51      0x39a ./Middlewares/Third_Party/FreeRTOS/Source/tasks.o
 .debug_abbrev  0x00000000000032eb      0x317 ./Middlewares/Third_Party/FreeRTOS/Source/timers.o
 .debug_abbrev  0x0000000000003602      0x231 ./Middlewares/Third_Party/FreeRTOS/Source/portable/GCC/ARM_CM4F/port.o
 .debug_abbrev  0x0000000000003833      0x2d3 ./Middlewares/Third_Party/FreeRTOS/Source/portable/MemMang/heap_4.o

.debug_aranges  0x0000000000000000     0x1678
 .debug_aranges
                0x0000000000000000       0x60 ./Bibliotecas/UART/Slave/server.o
 .debug_aranges
                0x0000000000000060       0xa8 ./Core/Src/main.o
 .debug_aranges
                0x0000000000000108       0x50 ./Core/Src/stm32f4xx_hal_msp.o
 .debug_aranges
                0x0000000000000158       0x30 ./Core/Src/stm32f4xx_hal_timebase_tim.o
 .debug_aranges
                0x0000000000000188       0x60 ./Core/Src/stm32f4xx_it.o
 .debug_aranges
                0x00000000000001e8       0x28 ./Core/Src/system_stm32f4xx.o
 .debug_aranges
                0x0000000000000210       0x28 ./Core/Startup/startup_stm32f411retx.o
 .debug_aranges
                0x0000000000000238       0xf0 ./Drivers/STM32F4xx_HAL_Driver/Src/stm32f4xx_hal.o
 .debug_aranges
                0x0000000000000328       0xe8 ./Drivers/STM32F4xx_HAL_Driver/Src/stm32f4xx_hal_adc.o
 .debug_aranges
                0x0000000000000410      0x118 ./Drivers/STM32F4xx_HAL_Driver/Src/stm32f4xx_hal_cortex.o
 .debug_aranges
                0x0000000000000528       0x90 ./Drivers/STM32F4xx_HAL_Driver/Src/stm32f4xx_hal_dma.o
 .debug_aranges
                0x00000000000005b8       0x58 ./Drivers/STM32F4xx_HAL_Driver/Src/stm32f4xx_hal_gpio.o
 .debug_aranges
                0x0000000000000610       0x88 ./Drivers/STM32F4xx_HAL_Driver/Src/stm32f4xx_hal_rcc.o
 .debug_aranges
                0x0000000000000698      0x3d0 ./Drivers/STM32F4xx_HAL_Driver/Src/stm32f4xx_hal_tim.o
 .debug_aranges
                0x0000000000000a68      0x168 ./Drivers/STM32F4xx_HAL_Driver/Src/stm32f4xx_hal_tim_ex.o
 .debug_aranges
                0x0000000000000bd0      0x200 ./Drivers/STM32F4xx_HAL_Driver/Src/stm32f4xx_hal_uart.o
 .debug_aranges
                0x0000000000000dd0      0x2b0 ./Middlewares/Third_Party/FreeRTOS/Source/CMSIS_RTOS_V2/cmsis_os2.o
 .debug_aranges
                0x0000000000001080       0x90 ./Middlewares/Third_Party/FreeRTOS/Source/event_groups.o
 .debug_aranges
                0x0000000000001110       0x40 ./Middlewares/Third_Party/FreeRTOS/Source/list.o
 .debug_aranges
                0x0000000000001150      0x158 ./Middlewares/Third_Party/FreeRTOS/Source/queue.o
 .debug_aranges
                0x00000000000012a8      0x208 ./Middlewares/Third_Party/FreeRTOS/Source/tasks.o
 .debug_aranges
                0x00000000000014b0       0xf0 ./Middlewares/Third_Party/FreeRTOS/Source/timers.o
 .debug_aranges
                0x00000000000015a0       0x80 ./Middlewares/Third_Party/FreeRTOS/Source/portable/GCC/ARM_CM4F/port.o
 .debug_aranges
                0x0000000000001620       0x58 ./Middlewares/Third_Party/FreeRTOS/Source/portable/MemMang/heap_4.o

.debug_ranges   0x0000000000000000     0x1530
 .debug_ranges  0x0000000000000000       0x50 ./Bibliotecas/UART/Slave/server.o
 .debug_ranges  0x0000000000000050       0x98 ./Core/Src/main.o
 .debug_ranges  0x00000000000000e8       0x40 ./Core/Src/stm32f4xx_hal_msp.o
 .debug_ranges  0x0000000000000128       0x20 ./Core/Src/stm32f4xx_hal_timebase_tim.o
 .debug_ranges  0x0000000000000148       0x50 ./Core/Src/stm32f4xx_it.o
 .debug_ranges  0x0000000000000198       0x18 ./Core/Src/system_stm32f4xx.o
 .debug_ranges  0x00000000000001b0       0x20 ./Core/Startup/startup_stm32f411retx.o
 .debug_ranges  0x00000000000001d0       0xe0 ./Drivers/STM32F4xx_HAL_Driver/Src/stm32f4xx_hal.o
 .debug_ranges  0x00000000000002b0       0xd8 ./Drivers/STM32F4xx_HAL_Driver/Src/stm32f4xx_hal_adc.o
 .debug_ranges  0x0000000000000388      0x108 ./Drivers/STM32F4xx_HAL_Driver/Src/stm32f4xx_hal_cortex.o
 .debug_ranges  0x0000000000000490       0x80 ./Drivers/STM32F4xx_HAL_Driver/Src/stm32f4xx_hal_dma.o
 .debug_ranges  0x0000000000000510       0x48 ./Drivers/STM32F4xx_HAL_Driver/Src/stm32f4xx_hal_gpio.o
 .debug_ranges  0x0000000000000558       0x78 ./Drivers/STM32F4xx_HAL_Driver/Src/stm32f4xx_hal_rcc.o
 .debug_ranges  0x00000000000005d0      0x3c0 ./Drivers/STM32F4xx_HAL_Driver/Src/stm32f4xx_hal_tim.o
 .debug_ranges  0x0000000000000990      0x158 ./Drivers/STM32F4xx_HAL_Driver/Src/stm32f4xx_hal_tim_ex.o
 .debug_ranges  0x0000000000000ae8      0x220 ./Drivers/STM32F4xx_HAL_Driver/Src/stm32f4xx_hal_uart.o
 .debug_ranges  0x0000000000000d08      0x2a0 ./Middlewares/Third_Party/FreeRTOS/Source/CMSIS_RTOS_V2/cmsis_os2.o
 .debug_ranges  0x0000000000000fa8       0x80 ./Middlewares/Third_Party/FreeRTOS/Source/event_groups.o
 .debug_ranges  0x0000000000001028       0x30 ./Middlewares/Third_Party/FreeRTOS/Source/list.o
 .debug_ranges  0x0000000000001058      0x148 ./Middlewares/Third_Party/FreeRTOS/Source/queue.o
 .debug_ranges  0x00000000000011a0      0x1f8 ./Middlewares/Third_Party/FreeRTOS/Source/tasks.o
 .debug_ranges  0x0000000000001398       0xe0 ./Middlewares/Third_Party/FreeRTOS/Source/timers.o
 .debug_ranges  0x0000000000001478       0x70 ./Middlewares/Third_Party/FreeRTOS/Source/portable/GCC/ARM_CM4F/port.o
 .debug_ranges  0x00000000000014e8       0x48 ./Middlewares/Third_Party/FreeRTOS/Source/portable/MemMang/heap_4.o

.debug_macro    0x0000000000000000    0x18617
 .debug_macro   0x0000000000000000      0x2c8 ./Bibliotecas/UART/Slave/server.o
 .debug_macro   0x00000000000002c8      0x174 ./Bibliotecas/UART/Slave/server.o
 .debug_macro   0x000000000000043c      0x169 ./Bibliotecas/UART/Slave/server.o
 .debug_macro   0x00000000000005a5      0x15a ./Bibliotecas/UART/Slave/server.o
 .debug_macro   0x00000000000006ff       0xc9 ./Bibliotecas/UART/Slave/server.o
 .debug_macro   0x00000000000007c8       0x1c ./Bibliotecas/UART/Slave/server.o
 .debug_macro   0x00000000000007e4       0x26 ./Bibliotecas/UART/Slave/server.o
 .debug_macro   0x000000000000080a      0x4c5 ./Bibliotecas/UART/Slave/server.o
 .debug_macro   0x0000000000000ccf       0xb5 ./Bibliotecas/UART/Slave/server.o
 .debug_macro   0x0000000000000d84       0xaa ./Bibliotecas/UART/Slave/server.o
 .debug_macro   0x0000000000000e2e       0x66 ./Bibliotecas/UART/Slave/server.o
 .debug_macro   0x0000000000000e94       0x10 ./Bibliotecas/UART/Slave/server.o
 .debug_macro   0x0000000000000ea4       0x74 ./Bibliotecas/UART/Slave/server.o
 .debug_macro   0x0000000000000f18       0xdd ./Bibliotecas/UART/Slave/server.o
 .debug_macro   0x0000000000000ff5      0x2a1 ./Bibliotecas/UART/Slave/server.o
 .debug_macro   0x0000000000001296       0x2e ./Bibliotecas/UART/Slave/server.o
 .debug_macro   0x00000000000012c4       0x28 ./Bibliotecas/UART/Slave/server.o
 .debug_macro   0x00000000000012ec       0x1c ./Bibliotecas/UART/Slave/server.o
 .debug_macro   0x0000000000001308       0x22 ./Bibliotecas/UART/Slave/server.o
 .debug_macro   0x000000000000132a       0xd3 ./Bibliotecas/UART/Slave/server.o
 .debug_macro   0x00000000000013fd     0x102d ./Bibliotecas/UART/Slave/server.o
 .debug_macro   0x000000000000242a      0x11f ./Bibliotecas/UART/Slave/server.o
 .debug_macro   0x0000000000002549     0xb953 ./Bibliotecas/UART/Slave/server.o
 .debug_macro   0x000000000000de9c       0x6d ./Bibliotecas/UART/Slave/server.o
 .debug_macro   0x000000000000df09     0x3666 ./Bibliotecas/UART/Slave/server.o
 .debug_macro   0x000000000001156f       0x5c ./Bibliotecas/UART/Slave/server.o
 .debug_macro   0x00000000000115cb      0x447 ./Bibliotecas/UART/Slave/server.o
 .debug_macro   0x0000000000011a12      0x9fe ./Bibliotecas/UART/Slave/server.o
 .debug_macro   0x0000000000012410      0x116 ./Bibliotecas/UART/Slave/server.o
 .debug_macro   0x0000000000012526      0x11b ./Bibliotecas/UART/Slave/server.o
 .debug_macro   0x0000000000012641       0xa5 ./Bibliotecas/UART/Slave/server.o
 .debug_macro   0x00000000000126e6      0x15f ./Bibliotecas/UART/Slave/server.o
 .debug_macro   0x0000000000012845      0x287 ./Bibliotecas/UART/Slave/server.o
 .debug_macro   0x0000000000012acc       0x5f ./Bibliotecas/UART/Slave/server.o
 .debug_macro   0x0000000000012b2b      0x236 ./Bibliotecas/UART/Slave/server.o
 .debug_macro   0x0000000000012d61      0x9e1 ./Bibliotecas/UART/Slave/server.o
 .debug_macro   0x0000000000013742      0x38b ./Bibliotecas/UART/Slave/server.o
 .debug_macro   0x0000000000013acd      0x17d ./Bibliotecas/UART/Slave/server.o
 .debug_macro   0x0000000000013c4a       0xf9 ./Bibliotecas/UART/Slave/server.o
 .debug_macro   0x0000000000013d43      0x132 ./Bibliotecas/UART/Slave/server.o
 .debug_macro   0x0000000000013e75      0x264 ./Bibliotecas/UART/Slave/server.o
 .debug_macro   0x00000000000140d9       0x2e ./Bibliotecas/UART/Slave/server.o
 .debug_macro   0x0000000000014107      0x11a ./Bibliotecas/UART/Slave/server.o
 .debug_macro   0x0000000000014221       0x85 ./Bibliotecas/UART/Slave/server.o
 .debug_macro   0x00000000000142a6       0x89 ./Bibliotecas/UART/Slave/server.o
 .debug_macro   0x000000000001432f      0x8d1 ./Bibliotecas/UART/Slave/server.o
 .debug_macro   0x0000000000014c00       0x47 ./Bibliotecas/UART/Slave/server.o
 .debug_macro   0x0000000000014c47      0x295 ./Bibliotecas/UART/Slave/server.o
 .debug_macro   0x0000000000014edc      0x126 ./Bibliotecas/UART/Slave/server.o
 .debug_macro   0x0000000000015002       0x1c ./Bibliotecas/UART/Slave/server.o
 .debug_macro   0x000000000001501e      0x2e4 ./Core/Src/main.o
 .debug_macro   0x0000000000015302      0x169 ./Core/Src/main.o
 .debug_macro   0x000000000001546b       0x3a ./Core/Src/main.o
 .debug_macro   0x00000000000154a5       0x1c ./Core/Src/main.o
 .debug_macro   0x00000000000154c1      0x205 ./Core/Src/stm32f4xx_hal_msp.o
 .debug_macro   0x00000000000156c6      0x1f6 ./Core/Src/stm32f4xx_hal_timebase_tim.o
 .debug_macro   0x00000000000158bc      0x20f ./Core/Src/stm32f4xx_it.o
 .debug_macro   0x0000000000015acb      0x1f6 ./Core/Src/system_stm32f4xx.o
 .debug_macro   0x0000000000015cc1      0x256 ./Drivers/STM32F4xx_HAL_Driver/Src/stm32f4xx_hal.o
 .debug_macro   0x0000000000015f17      0x1f7 ./Drivers/STM32F4xx_HAL_Driver/Src/stm32f4xx_hal_adc.o
 .debug_macro   0x000000000001610e      0x1f6 ./Drivers/STM32F4xx_HAL_Driver/Src/stm32f4xx_hal_cortex.o
 .debug_macro   0x0000000000016304      0x1fc ./Drivers/STM32F4xx_HAL_Driver/Src/stm32f4xx_hal_dma.o
 .debug_macro   0x0000000000016500      0x1fc ./Drivers/STM32F4xx_HAL_Driver/Src/stm32f4xx_hal_gpio.o
 .debug_macro   0x00000000000166fc      0x21a ./Drivers/STM32F4xx_HAL_Driver/Src/stm32f4xx_hal_rcc.o
 .debug_macro   0x0000000000016916      0x1f7 ./Drivers/STM32F4xx_HAL_Driver/Src/stm32f4xx_hal_tim.o
 .debug_macro   0x0000000000016b0d      0x1f6 ./Drivers/STM32F4xx_HAL_Driver/Src/stm32f4xx_hal_tim_ex.o
 .debug_macro   0x0000000000016d03      0x1f7 ./Drivers/STM32F4xx_HAL_Driver/Src/stm32f4xx_hal_uart.o
 .debug_macro   0x0000000000016efa      0x3ed ./Middlewares/Third_Party/FreeRTOS/Source/CMSIS_RTOS_V2/cmsis_os2.o
 .debug_macro   0x00000000000172e7       0x10 ./Middlewares/Third_Party/FreeRTOS/Source/CMSIS_RTOS_V2/cmsis_os2.o
 .debug_macro   0x00000000000172f7       0x20 ./Middlewares/Third_Party/FreeRTOS/Source/CMSIS_RTOS_V2/cmsis_os2.o
 .debug_macro   0x0000000000017317       0xd3 ./Middlewares/Third_Party/FreeRTOS/Source/CMSIS_RTOS_V2/cmsis_os2.o
 .debug_macro   0x00000000000173ea       0x91 ./Middlewares/Third_Party/FreeRTOS/Source/CMSIS_RTOS_V2/cmsis_os2.o
 .debug_macro   0x000000000001747b       0x8d ./Middlewares/Third_Party/FreeRTOS/Source/CMSIS_RTOS_V2/cmsis_os2.o
 .debug_macro   0x0000000000017508       0x9a ./Middlewares/Third_Party/FreeRTOS/Source/CMSIS_RTOS_V2/cmsis_os2.o
 .debug_macro   0x00000000000175a2       0x22 ./Middlewares/Third_Party/FreeRTOS/Source/CMSIS_RTOS_V2/cmsis_os2.o
 .debug_macro   0x00000000000175c4       0x56 ./Middlewares/Third_Party/FreeRTOS/Source/CMSIS_RTOS_V2/cmsis_os2.o
 .debug_macro   0x000000000001761a      0x1e2 ./Middlewares/Third_Party/FreeRTOS/Source/event_groups.o
 .debug_macro   0x00000000000177fc      0x10e ./Middlewares/Third_Party/FreeRTOS/Source/event_groups.o
 .debug_macro   0x000000000001790a       0x8d ./Middlewares/Third_Party/FreeRTOS/Source/event_groups.o
 .debug_macro   0x0000000000017997      0x187 ./Middlewares/Third_Party/FreeRTOS/Source/list.o
 .debug_macro   0x0000000000017b1e      0x216 ./Middlewares/Third_Party/FreeRTOS/Source/queue.o
 .debug_macro   0x0000000000017d34       0x16 ./Middlewares/Third_Party/FreeRTOS/Source/queue.o
 .debug_macro   0x0000000000017d4a       0x87 ./Middlewares/Third_Party/FreeRTOS/Source/queue.o
 .debug_macro   0x0000000000017dd1      0x27f ./Middlewares/Third_Party/FreeRTOS/Source/tasks.o
 .debug_macro   0x0000000000018050       0x10 ./Middlewares/Third_Party/FreeRTOS/Source/tasks.o
 .debug_macro   0x0000000000018060      0x1dc ./Middlewares/Third_Party/FreeRTOS/Source/timers.o
 .debug_macro   0x000000000001823c       0x97 ./Middlewares/Third_Party/FreeRTOS/Source/timers.o
 .debug_macro   0x00000000000182d3      0x196 ./Middlewares/Third_Party/FreeRTOS/Source/portable/GCC/ARM_CM4F/port.o
 .debug_macro   0x0000000000018469      0x1ae ./Middlewares/Third_Party/FreeRTOS/Source/portable/MemMang/heap_4.o

.debug_line     0x0000000000000000    0x188c4
 .debug_line    0x0000000000000000      0xa6d ./Bibliotecas/UART/Slave/server.o
 .debug_line    0x0000000000000a6d      0xd1c ./Core/Src/main.o
 .debug_line    0x0000000000001789      0x805 ./Core/Src/stm32f4xx_hal_msp.o
 .debug_line    0x0000000000001f8e      0x76a ./Core/Src/stm32f4xx_hal_timebase_tim.o
 .debug_line    0x00000000000026f8      0x7da ./Core/Src/stm32f4xx_it.o
 .debug_line    0x0000000000002ed2      0x78f ./Core/Src/system_stm32f4xx.o
 .debug_line    0x0000000000003661       0x88 ./Core/Startup/startup_stm32f411retx.o
 .debug_line    0x00000000000036e9      0x9f5 ./Drivers/STM32F4xx_HAL_Driver/Src/stm32f4xx_hal.o
 .debug_line    0x00000000000040de     0x11b9 ./Drivers/STM32F4xx_HAL_Driver/Src/stm32f4xx_hal_adc.o
 .debug_line    0x0000000000005297      0xca4 ./Drivers/STM32F4xx_HAL_Driver/Src/stm32f4xx_hal_cortex.o
 .debug_line    0x0000000000005f3b      0xf5a ./Drivers/STM32F4xx_HAL_Driver/Src/stm32f4xx_hal_dma.o