main.c:129:6:led_on	16	static
main.c:157:6:led_off	16	static
main.c:189:5:main	8	static
main.c:292:6:SystemClock_Config	88	static
main.c:337:13:MX_ADC1_Init	24	static
main.c:411:13:MX_USART2_UART_Init	8	static
main.c:444:13:MX_GPIO_Init	48	static
main.c:493:6:HAL_UART_TxCpltCallback	16	static
main.c:506:6:StartDefaultTask	16	static
main.c:539:6:StartTask02	112	static
main.c:622:6:StartTask03	136	static
main.c:647:6:StartTask04	24	static
main.c:682:6:StartTask05	16	static
main.c:706:6:Error_Handler	4	static,ignoring_inline_asm
